Jan  1 00:00:06 buildroot user.info kernel: [    0.524659] usbcore: registered new interface driver ax88179_178a
Jan  1 00:00:06 buildroot user.info kernel: [    0.524694] usbcore: registered new interface driver cdc_ether
Jan  1 00:00:06 buildroot user.info kernel: [    0.524730] usbcore: registered new interface driver smsc75xx
Jan  1 00:00:06 buildroot user.info kernel: [    0.524774] usbcore: registered new interface driver smsc95xx
Jan  1 00:00:06 buildroot user.info kernel: [    0.524810] usbcore: registered new interface driver net1080
Jan  1 00:00:06 buildroot user.info kernel: [    0.524847] usbcore: registered new interface driver cdc_subset
Jan  1 00:00:06 buildroot user.info kernel: [    0.524882] usbcore: registered new interface driver zaurus
Jan  1 00:00:06 buildroot user.info kernel: [    0.524951] usbcore: registered new interface driver cdc_ncm
Jan  1 00:00:06 buildroot user.info kernel: [    0.528229] usbcore: registered new interface driver usb-storage
Jan  1 00:00:06 buildroot user.info kernel: [    0.529711] UDC core: g_ether: couldn't find an available UDC
Jan  1 00:00:06 buildroot user.info kernel: [    0.532678] i2c_dev: i2c /dev entries driver
Jan  1 00:00:06 buildroot user.notice kernel: [    0.545652] cpuidle: enable-method property 'ti,am3352' found operations
Jan  1 00:00:06 buildroot user.info kernel: [    0.547736] sdhci: Secure Digital Host Controller Interface driver
Jan  1 00:00:06 buildroot user.info kernel: [    0.547757] sdhci: Copyright(c) Pierre Ossman
Jan  1 00:00:06 buildroot user.info kernel: [    0.549200] Synopsys Designware Multimedia Card Interface Driver
Jan  1 00:00:06 buildroot user.info kernel: [    0.550453] sdhci-pltfm: SDHCI platform and OF driver helper
Jan  1 00:00:06 buildroot user.info kernel: [    0.593116] ledtrig-cpu: registered to indicate activity on CPUs
Jan  1 00:00:06 buildroot user.info kernel: [    0.596036] usbcore: registered new interface driver usbhid
Jan  1 00:00:06 buildroot user.info kernel: [    0.596065] usbhid: USB HID core driver
Jan  1 00:00:06 buildroot user.info kernel: [    0.602601] NET: Registered PF_INET6 protocol family
Jan  1 00:00:06 buildroot user.info kernel: [    0.619409] Segment Routing with IPv6
Jan  1 00:00:06 buildroot user.info kernel: [    0.619496] In-situ OAM (IOAM) with IPv6
Jan  1 00:00:06 buildroot user.info kernel: [    0.619592] sit: IPv6, IPv4 and MPLS over IPv4 tunneling driver
Jan  1 00:00:06 buildroot user.info kernel: [    0.620475] NET: Registered PF_PACKET protocol family
Jan  1 00:00:06 buildroot user.info kernel: [    0.620496] can: controller area network core
Jan  1 00:00:06 buildroot user.info kernel: [    0.620587] NET: Registered PF_CAN protocol family
Jan  1 00:00:06 buildroot user.info kernel: [    0.620600] can: raw protocol
Jan  1 00:00:06 buildroot user.info kernel: [    0.620610] can: broadcast manager protocol
Jan  1 00:00:06 buildroot user.info kernel: [    0.620624] can: netlink gateway - max_hops=1
Jan  1 00:00:06 buildroot user.notice kernel: [    0.621303] Key type dns_resolver registered
Jan  1 00:00:06 buildroot user.info kernel: [    0.621721] ThumbEE CPU extension supported.
Jan  1 00:00:06 buildroot user.notice kernel: [    0.621748] Registering SWP/SWPB emulation handler
Jan  1 00:00:06 buildroot user.err kernel: [    0.622188] omap_voltage_late_init: Voltage driver support not added
Jan  1 00:00:06 buildroot user.notice kernel: [    0.649624] Loading compiled-in X.509 certificates
Jan  1 00:00:06 buildroot user.info kernel: [    0.723004] platform 44e10800.pinmux: Fixed dependency cycle(s) with /ocp/interconnect@44c00000/segment@200000/target-module@10000/scm@0/pinmux@800/clkout2-pins
Jan  1 00:00:06 buildroot user.info kernel: [    0.724511] pinctrl-single 44e10800.pinmux: 142 pins, size 568
Jan  1 00:00:06 buildroot user.warn kernel: [    0.740812] ti-sysc: probe of 44e31000.target-module failed with error -16
Jan  1 00:00:06 buildroot user.warn kernel: [    0.798743] ti-sysc: probe of 48040000.target-module failed with error -16
Jan  1 00:00:06 buildroot user.info kernel: [    0.863543] OMAP GPIO hardware version 0.1
Jan  1 00:00:06 buildroot user.info kernel: [    0.874865] omap-mailbox 480c8000.mailbox: omap mailbox rev 0x400
Jan  1 00:00:06 buildroot user.warn kernel: [    0.907201] at24 2-0054: supply vcc not found, using dummy regulator
Jan  1 00:00:06 buildroot user.warn kernel: [    1.005882] at24 2-0055: supply vcc not found, using dummy regulator
Jan  1 00:00:06 buildroot user.warn kernel: [    1.083296] at24 2-0056: supply vcc not found, using dummy regulator
Jan  1 00:00:06 buildroot user.warn kernel: [    1.145411] at24 2-0057: supply vcc not found, using dummy regulator
Jan  1 00:00:06 buildroot user.info kernel: [    1.216879] omap_i2c 4819c000.i2c: bus 2 rev0.11 at 100 kHz
Jan  1 00:00:06 buildroot user.info kernel: [    1.252427] platform 4830e000.lcdc: Fixed dependency cycle(s) with /ocp/interconnect@44c00000/segment@200000/target-module@b000/i2c@0/tda19988@70
Jan  1 00:00:06 buildroot user.warn kernel: [    1.265583] sdhci-omap 481d8000.mmc: supply pbias not found, using dummy regulator
Jan  1 00:00:06 buildroot user.warn kernel: [    1.266164] sdhci-omap 481d8000.mmc: supply vqmmc not found, using dummy regulator
Jan  1 00:00:06 buildroot user.info kernel: [    1.304169] omap_rng 48310000.rng: Random Number Generator ver. 20
Jan  1 00:00:06 buildroot user.notice kernel: [    1.323700] random: crng init done
Jan  1 00:00:06 buildroot user.info kernel: [    1.412930] davinci_mdio 4a101000.mdio: davinci mdio revision 1.6, bus freq 1000000
Jan  1 00:00:06 buildroot user.info kernel: [    1.580437] davinci_mdio 4a101000.mdio: phy[0]: device 4a101000.mdio:00, driver SMSC LAN8710/LAN8720
Jan  1 00:00:06 buildroot user.info kernel: [    1.580875] cpsw-switch 4a100000.switch: initialized cpsw ale version 1.4
Jan  1 00:00:06 buildroot user.info kernel: [    1.580896] cpsw-switch 4a100000.switch: ALE Table size 1024
Jan  1 00:00:06 buildroot user.info kernel: [    1.581146] cpsw-switch 4a100000.switch: cpts: overflow check period 500 (jiffies)
Jan  1 00:00:06 buildroot user.info kernel: [    1.581168] cpsw-switch 4a100000.switch: CPTS: ref_clk_freq:250000000 calc_mult:2147483648 calc_shift:29 error:0 nsec/sec
Jan  1 00:00:06 buildroot user.info kernel: [    1.581240] cpsw-switch 4a100000.switch: Detected MACID = c4:f3:12:d4:27:20
Jan  1 00:00:06 buildroot user.notice kernel: [    1.582929] cpsw-switch 4a100000.switch: initialized (regs 0x4a100000, pool size 256) hw_ver:0019010C 1.12 (0)
Jan  1 00:00:06 buildroot user.err kernel: [    1.601876] debugfs: Directory '49000000.dma' with parent 'dmaengine' already present!
Jan  1 00:00:06 buildroot user.info kernel: [    1.601925] edma 49000000.dma: TI EDMA DMA engine driver
Jan  1 00:00:06 buildroot user.warn kernel: [    1.615180] am335x-phy-driver 47401300.usb-phy: dummy supplies not allowed for exclusive requests
Jan  1 00:00:06 buildroot user.warn kernel: [    1.640950] am335x-phy-driver 47401b00.usb-phy: dummy supplies not allowed for exclusive requests
Jan  1 00:00:06 buildroot user.info kernel: [    1.740829] hw perfevents: enabled with armv7_cortex_a8 PMU driver, 5 counters available
Jan  1 00:00:06 buildroot user.err kernel: [    1.755094] l3-aon-clkctrl:0000:0: failed to disable
Jan  1 00:00:06 buildroot user.info kernel: [    1.772354] 44e09000.serial: ttyS0 at MMIO 0x44e09000 (irq = 38, base_baud = 3000000) is a 8250
Jan  1 00:00:06 buildroot user.info kernel: [    1.772457] printk: legacy console [ttyS0] enabled
Jan  1 00:00:06 buildroot user.warn kernel: [    3.247967] tps65217-pmic: Failed to locate of_node [id: -1]
Jan  1 00:00:06 buildroot user.warn kernel: [    3.255121] tps65217-bl: Failed to locate of_node [id: -1]
Jan  1 00:00:06 buildroot user.info kernel: [    3.347221] tps65217 0-0024: TPS65217 ID 0xe version 1.2
Jan  1 00:00:06 buildroot user.info kernel: [    3.353801] platform 4830e000.lcdc: Fixed dependency cycle(s) with /ocp/interconnect@44c00000/segment@200000/target-module@b000/i2c@0/tda19988@70
Jan  1 00:00:06 buildroot user.info kernel: [    3.367189] i2c 0-0070: Fixed dependency cycle(s) with /ocp/interconnect@48000000/segment@300000/target-module@e000/lcdc@0
Jan  1 00:00:06 buildroot user.info kernel: [    3.378796] omap_i2c 44e0b000.i2c: bus 0 rev0.11 at 400 kHz
Jan  1 00:00:06 buildroot user.info kernel: [    3.400362] using host ethernet address: f8:dc:7a:00:00:01
Jan  1 00:00:06 buildroot user.info kernel: [    3.400398] using self ethernet address: f8:dc:7a:00:00:02
Jan  1 00:00:06 buildroot user.info kernel: [    3.406954] g_ether gadget.0: HOST MAC f8:dc:7a:00:00:01
Jan  1 00:00:06 buildroot user.info kernel: [    3.417899] g_ether gadget.0: MAC f8:dc:7a:00:00:02
Jan  1 00:00:06 buildroot user.info kernel: [    3.422970] g_ether gadget.0: Ethernet Gadget, version: Memorial Day 2008
Jan  1 00:00:06 buildroot user.info kernel: [    3.429801] g_ether gadget.0: g_ether ready
Jan  1 00:00:06 buildroot user.info kernel: [    3.449079] omap_gpio 44e07000.gpio: Could not set line 6 debounce to 200000 microseconds (-22)
Jan  1 00:00:06 buildroot user.info kernel: [    3.458024] sdhci-omap 48060000.mmc: Got CD GPIO
Jan  1 00:00:06 buildroot user.warn kernel: [    3.462912] sdhci-omap 48060000.mmc: supply pbias not found, using dummy regulator
Jan  1 00:00:06 buildroot user.warn kernel: [    3.513145] sdhci-omap 48060000.mmc: supply vqmmc not found, using dummy regulator
Jan  1 00:00:06 buildroot user.warn kernel: [    3.521714] sdhci-omap 481d8000.mmc: supply pbias not found, using dummy regulator
Jan  1 00:00:06 buildroot user.warn kernel: [    3.558069] sdhci-omap 481d8000.mmc: supply vqmmc not found, using dummy regulator
Jan  1 00:00:06 buildroot user.info kernel: [    3.633848] at24 0-0050: 32768 byte 24c256 EEPROM, writable, 1 bytes/write
Jan  1 00:00:06 buildroot user.info kernel: [    3.733364] mmc0: SDHCI controller on 48060000.mmc [48060000.mmc] using External DMA
Jan  1 00:00:06 buildroot user.info kernel: [    3.767036] mmc1: SDHCI controller on 481d8000.mmc [481d8000.mmc] using External DMA
Jan  1 00:00:06 buildroot user.info kernel: [    3.836054] mmc1: new high speed MMC card at address 0001
Jan  1 00:00:06 buildroot user.info kernel: [    3.844475] mmcblk1: mmc1:0001 P1XXXX 3.60 GiB
Jan  1 00:00:06 buildroot user.info kernel: [    3.852043]  mmcblk1: p1
Jan  1 00:00:06 buildroot user.info kernel: [    3.856439] mmcblk1boot0: mmc1:0001 P1XXXX 16.0 MiB
Jan  1 00:00:06 buildroot user.info kernel: [    3.864289] mmcblk1boot1: mmc1:0001 P1XXXX 16.0 MiB
Jan  1 00:00:06 buildroot user.info kernel: [    3.871757] mmcblk1rpmb: mmc1:0001 P1XXXX 128 KiB, chardev (236:0)
Jan  1 00:00:06 buildroot user.notice kernel: [    3.952932] IP-Config: Guessing netmask 255.255.255.0
Jan  1 00:00:06 buildroot user.info kernel: [    3.958101] IP-Config: Complete:
Jan  1 00:00:06 buildroot user.info kernel: [    3.961367]      device=usb0, hwaddr=f8:dc:7a:00:00:02, ipaddr=192.168.0.100, mask=255.255.255.0, gw=255.255.255.255
Jan  1 00:00:06 buildroot user.info kernel: [    3.972076]      host=192.168.0.100, domain=, nis-domain=(none)
Jan  1 00:00:06 buildroot user.info kernel: [    3.978200]      bootserver=255.255.255.255, rootserver=192.168.0.1, rootpath=
Jan  1 00:00:06 buildroot user.info kernel: [    3.979254] clk: Disabling unused clocks
Jan  1 00:00:06 buildroot user.info kernel: [    4.056326] VFS: Mounted root (nfs filesystem) on device 0:15.
Jan  1 00:00:06 buildroot user.info kernel: [    4.063403] devtmpfs: mounted
Jan  1 00:00:06 buildroot user.info kernel: [    4.071531] Freeing unused kernel image (initmem) memory: 2048K
Jan  1 00:00:06 buildroot user.info kernel: [    4.079233] Run /sbin/init as init process
Jan  1 00:00:06 buildroot user.debug kernel: [    4.083488]   with arguments:
Jan  1 00:00:06 buildroot user.debug kernel: [    4.083503]     /sbin/init
Jan  1 00:00:06 buildroot user.debug kernel: [    4.083516]   with environment:
Jan  1 00:00:06 buildroot user.debug kernel: [    4.083527]     HOME=/
Jan  1 00:00:06 buildroot user.debug kernel: [    4.083537]     TERM=linux
Jan  1 00:00:05 buildroot syslog.info syslogd started: BusyBox v1.31.1
Jan  1 00:00:05 buildroot user.notice kernel: klogd started: BusyBox v1.31.1 (2020-04-07 16:53:21 CEST)
Jan  1 00:00:05 buildroot user.info kernel: [    0.000000] Booting Linux on physical CPU 0x0
Jan  1 00:00:05 buildroot user.notice kernel: [    0.000000] Linux version 6.7.12 (nebu@nebu) (arm-linux-gnueabi-gcc (Ubuntu 9.4.0-1ubuntu1~20.04.2) 9.4.0, GNU ld (GNU Binutils for Ubuntu) 2.34) #10 SMP Sun Aug 18 16:58:14 CEST 2024
Jan  1 00:00:05 buildroot user.info kernel: [    0.000000] CPU: ARMv7 Processor [413fc082] revision 2 (ARMv7), cr=10c5387d
Jan  1 00:00:05 buildroot user.info kernel: [    0.000000] CPU: PIPT / VIPT nonaliasing data cache, VIPT aliasing instruction cache
Jan  1 00:00:05 buildroot user.info kernel: [    0.000000] OF: fdt: Machine model: TI AM335x BeagleBone Black
Jan  1 00:00:05 buildroot user.info kernel: [    0.000000] Memory policy: Data cache writeback
Jan  1 00:00:05 buildroot user.info kernel: [    0.000000] efi: UEFI not found.
Jan  1 00:00:05 buildroot user.info kernel: [    0.000000] cma: Reserved 64 MiB at 0x98800000 on node -1
Jan  1 00:00:05 buildroot user.info kernel: [    0.000000] Zone ranges:
Jan  1 00:00:05 buildroot user.info kernel: [    0.000000]   DMA      [mem 0x0000000080000000-0x000000009fdfffff]
Jan  1 00:00:05 buildroot user.info kernel: [    0.000000]   Normal   empty
Jan  1 00:00:05 buildroot user.info kernel: [    0.000000]   HighMem  empty
Jan  1 00:00:06 buildroot user.info kernel: [    0.000000] Movable zone start for each node
Jan  1 00:00:06 buildroot user.info kernel: [    0.000000] Early memory node ranges
Jan  1 00:00:06 buildroot user.info kernel: [    0.000000]   node   0: [mem 0x0000000080000000-0x000000009fdfffff]
Jan  1 00:00:06 buildroot user.info kernel: [    0.000000] Initmem setup node 0 [mem 0x0000000080000000-0x000000009fdfffff]
Jan  1 00:00:06 buildroot user.info kernel: [    0.000000] CPU: All CPU(s) started in SVC mode.
Jan  1 00:00:06 buildroot user.info kernel: [    0.000000] AM335X ES2.1 (sgx neon)
Jan  1 00:00:06 buildroot user.info kernel: [    0.000000] percpu: Embedded 16 pages/cpu s36180 r8192 d21164 u65536
Jan  1 00:00:06 buildroot user.debug kernel: [    0.000000] pcpu-alloc: s36180 r8192 d21164 u65536 alloc=16*4096
Jan  1 00:00:06 buildroot user.debug kernel: [    0.000000] pcpu-alloc: [0] 0 
Jan  1 00:00:06 buildroot user.notice kernel: [    0.000000] Kernel command line: root=/dev/nfs rw ip=192.168.0.100:::::usb0 console=ttyO0,115200n8 g_ether.dev_addr=f8:dc:7a:00:00:02 g_ether.host_addr=f8:dc:7a:00:00:01 nfsroot=192.168.0.1:/home/ubuntu/nfsroot,nfsvers=3,tcp
Jan  1 00:00:06 buildroot user.info kernel: [    0.000000] Dentry cache hash table entries: 65536 (order: 6, 262144 bytes, linear)
Jan  1 00:00:06 buildroot user.info kernel: [    0.000000] Inode-cache hash table entries: 32768 (order: 5, 131072 bytes, linear)
Jan  1 00:00:06 buildroot user.info kernel: [    0.000000] Built 1 zonelists, mobility grouping on.  Total pages: 129540
Jan  1 00:00:06 buildroot user.info kernel: [    0.000000] mem auto-init: stack:off, heap alloc:off, heap free:off
Jan  1 00:00:06 buildroot user.info kernel: [    0.000000] Memory: 424224K/522240K available (15360K kernel code, 2488K rwdata, 6584K rodata, 2048K init, 418K bss, 32480K reserved, 65536K cma-reserved, 0K highmem)
Jan  1 00:00:06 buildroot user.info kernel: [    0.000000] SLUB: HWalign=64, Order=0-3, MinObjects=0, CPUs=1, Nodes=1
Jan  1 00:00:06 buildroot user.info kernel: [    0.000000] trace event string verifier disabled
Jan  1 00:00:06 buildroot user.info kernel: [    0.000000] rcu: Hierarchical RCU implementation.
Jan  1 00:00:06 buildroot user.info kernel: [    0.000000] rcu: 	RCU event tracing is enabled.
Jan  1 00:00:06 buildroot user.info kernel: [    0.000000] rcu: 	RCU restricting CPUs from NR_CPUS=16 to nr_cpu_ids=1.
Jan  1 00:00:06 buildroot user.info kernel: [    0.000000] rcu: RCU calculated value of scheduler-enlistment delay is 10 jiffies.
Jan  1 00:00:06 buildroot user.info kernel: [    0.000000] rcu: Adjusting geometry for rcu_fanout_leaf=16, nr_cpu_ids=1
Jan  1 00:00:06 buildroot user.info kernel: [    0.000000] NR_IRQS: 16, nr_irqs: 16, preallocated irqs: 16
Jan  1 00:00:06 buildroot user.info kernel: [    0.000000] IRQ: Found an INTC at 0x(ptrval) (revision 5.0) with 128 interrupts
Jan  1 00:00:06 buildroot user.info kernel: [    0.000000] rcu: srcu_init: Setting srcu_struct sizes based on contention.
Jan  1 00:00:06 buildroot user.info kernel: [    0.000000] TI gptimer clocksource: always-on /ocp/interconnect@44c00000/segment@200000/target-module@31000
Jan  1 00:00:06 buildroot user.info kernel: [    0.000003] sched_clock: 32 bits at 24MHz, resolution 41ns, wraps every 89478484971ns
Jan  1 00:00:06 buildroot user.info kernel: [    0.000025] clocksource: dmtimer: mask: 0xffffffff max_cycles: 0xffffffff, max_idle_ns: 79635851949 ns
Jan  1 00:00:06 buildroot user.info kernel: [    0.001034] TI gptimer clockevent: 24000000 Hz at /ocp/interconnect@48000000/segment@0/target-module@40000
Jan  1 00:00:06 buildroot user.info kernel: [    0.005741] Console: colour dummy device 80x30
Jan  1 00:00:06 buildroot user.err kernel: [    0.005797] WARNING: Your 'console=ttyO0' has been replaced by 'ttyS0'
Jan  1 00:00:06 buildroot user.err kernel: [    0.005806] This ensures that you still see kernel messages. Please
Jan  1 00:00:06 buildroot user.err kernel: [    0.005812] update your kernel commandline.
Jan  1 00:00:06 buildroot user.info kernel: [    0.005859] Calibrating delay loop... 996.14 BogoMIPS (lpj=4980736)
Jan  1 00:00:06 buildroot user.info kernel: [    0.091144] CPU: Testing write buffer coherency: ok
Jan  1 00:00:06 buildroot user.info kernel: [    0.091220] CPU0: Spectre v2: using BPIALL workaround
Jan  1 00:00:06 buildroot user.info kernel: [    0.091232] pid_max: default: 32768 minimum: 301
Jan  1 00:00:06 buildroot user.info kernel: [    0.091399] Mount-cache hash table entries: 1024 (order: 0, 4096 bytes, linear)
Jan  1 00:00:06 buildroot user.info kernel: [    0.091418] Mountpoint-cache hash table entries: 1024 (order: 0, 4096 bytes, linear)
Jan  1 00:00:06 buildroot user.info kernel: [    0.092475] CPU0: thread -1, cpu 0, socket -1, mpidr 0
Jan  1 00:00:06 buildroot user.info kernel: [    0.093665] Setting up static identity map for 0x80300000 - 0x803000ac
Jan  1 00:00:06 buildroot user.info kernel: [    0.096285] rcu: Hierarchical SRCU implementation.
Jan  1 00:00:06 buildroot user.info kernel: [    0.096306] rcu: 	Max phase no-delay instances is 1000.
Jan  1 00:00:06 buildroot user.info kernel: [    0.101870] EFI services will not be available.
Jan  1 00:00:06 buildroot user.info kernel: [    0.102172] smp: Bringing up secondary CPUs ...
Jan  1 00:00:06 buildroot user.info kernel: [    0.102217] smp: Brought up 1 node, 1 CPU
Jan  1 00:00:06 buildroot user.info kernel: [    0.102232] SMP: Total of 1 processors activated (996.14 BogoMIPS).
Jan  1 00:00:06 buildroot user.info kernel: [    0.102245] CPU: All CPU(s) started in SVC mode.
Jan  1 00:00:06 buildroot user.info kernel: [    0.102984] devtmpfs: initialized
Jan  1 00:00:06 buildroot user.info kernel: [    0.116717] VFP support v0.3: implementor 41 architecture 3 part 30 variant c rev 3
Jan  1 00:00:06 buildroot user.info kernel: [    0.117117] clocksource: jiffies: mask: 0xffffffff max_cycles: 0xffffffff, max_idle_ns: 19112604462750000 ns
Jan  1 00:00:06 buildroot user.info kernel: [    0.117153] futex hash table entries: 256 (order: 2, 16384 bytes, linear)
Jan  1 00:00:06 buildroot user.info kernel: [    0.122371] pinctrl core: initialized pinctrl subsystem
Jan  1 00:00:06 buildroot user.info kernel: [    0.127287] DMI not present or invalid.
Jan  1 00:00:06 buildroot user.info kernel: [    0.128829] NET: Registered PF_NETLINK/PF_ROUTE protocol family
Jan  1 00:00:06 buildroot user.info kernel: [    0.131577] DMA: preallocated 256 KiB pool for atomic coherent allocations
Jan  1 00:00:06 buildroot user.info kernel: [    0.135440] thermal_sys: Registered thermal governor 'step_wise'
Jan  1 00:00:06 buildroot user.info kernel: [    0.135608] cpuidle: using governor menu
Jan  1 00:00:06 buildroot user.info kernel: [    0.155026] No ATAGs?
Jan  1 00:00:06 buildroot user.info kernel: [    0.155057] hw-breakpoint: debug architecture 0x4 unsupported.
Jan  1 00:00:06 buildroot user.info kernel: [    0.160665] Serial: AMBA PL011 UART driver
Jan  1 00:00:06 buildroot user.info kernel: [    0.186405] iommu: Default domain type: Translated
Jan  1 00:00:06 buildroot user.info kernel: [    0.186435] iommu: DMA domain TLB invalidation policy: strict mode
Jan  1 00:00:06 buildroot user.notice kernel: [    0.187969] SCSI subsystem initialized
Jan  1 00:00:06 buildroot user.debug kernel: [    0.189169] libata version 3.00 loaded.
Jan  1 00:00:06 buildroot user.info kernel: [    0.189501] usbcore: registered new interface driver usbfs
Jan  1 00:00:06 buildroot user.info kernel: [    0.189553] usbcore: registered new interface driver hub
Jan  1 00:00:06 buildroot user.info kernel: [    0.189609] usbcore: registered new device driver usb
Jan  1 00:00:06 buildroot user.info kernel: [    0.190668] pps_core: LinuxPPS API ver. 1 registered
Jan  1 00:00:06 buildroot user.info kernel: [    0.190684] pps_core: Software ver. 5.3.6 - Copyright 2005-2007 Rodolfo Giometti <giometti@linux.it>
Jan  1 00:00:06 buildroot user.info kernel: [    0.190711] PTP clock support registered
Jan  1 00:00:06 buildroot user.info kernel: [    0.190889] EDAC MC: Ver: 3.0.0
Jan  1 00:00:06 buildroot user.info kernel: [    0.201481] scmi_core: SCMI protocol bus registered
Jan  1 00:00:06 buildroot user.info kernel: [    0.211939] vgaarb: loaded
Jan  1 00:00:06 buildroot user.info kernel: [    0.212728] clocksource: Switched to clocksource dmtimer
Jan  1 00:00:06 buildroot user.info kernel: [    0.234980] NET: Registered PF_INET protocol family
Jan  1 00:00:06 buildroot user.info kernel: [    0.235288] IP idents hash table entries: 8192 (order: 4, 65536 bytes, linear)
Jan  1 00:00:06 buildroot user.info kernel: [    0.236435] tcp_listen_portaddr_hash hash table entries: 512 (order: 0, 4096 bytes, linear)
Jan  1 00:00:06 buildroot user.info kernel: [    0.236472] Table-perturb hash table entries: 65536 (order: 6, 262144 bytes, linear)
Jan  1 00:00:06 buildroot user.info kernel: [    0.236490] TCP established hash table entries: 4096 (order: 2, 16384 bytes, linear)
Jan  1 00:00:06 buildroot user.info kernel: [    0.236535] TCP bind hash table entries: 4096 (order: 4, 65536 bytes, linear)
Jan  1 00:00:06 buildroot user.info kernel: [    0.236636] TCP: Hash tables configured (established 4096 bind 4096)
Jan  1 00:00:06 buildroot user.info kernel: [    0.236761] UDP hash table entries: 256 (order: 1, 8192 bytes, linear)
Jan  1 00:00:06 buildroot user.info kernel: [    0.236790] UDP-Lite hash table entries: 256 (order: 1, 8192 bytes, linear)
Jan  1 00:00:06 buildroot user.info kernel: [    0.236951] NET: Registered PF_UNIX/PF_LOCAL protocol family
Jan  1 00:00:06 buildroot user.info kernel: [    0.237906] RPC: Registered named UNIX socket transport module.
Jan  1 00:00:06 buildroot user.info kernel: [    0.237928] RPC: Registered udp transport module.
Jan  1 00:00:06 buildroot user.info kernel: [    0.237934] RPC: Registered tcp transport module.
Jan  1 00:00:06 buildroot user.info kernel: [    0.237940] RPC: Registered tcp-with-tls transport module.
Jan  1 00:00:06 buildroot user.info kernel: [    0.237945] RPC: Registered tcp NFSv4.1 backchannel transport module.
Jan  1 00:00:06 buildroot user.info kernel: [    0.237965] PCI: CLS 0 bytes, default 64
Jan  1 00:00:06 buildroot user.notice kernel: [    0.239624] Initialise system trusted keyrings
Jan  1 00:00:06 buildroot user.info kernel: [    0.253106] workingset: timestamp_bits=30 max_order=17 bucket_order=0
Jan  1 00:00:06 buildroot user.info kernel: [    0.253597] squashfs: version 4.0 (2009/01/31) Phillip Lougher
Jan  1 00:00:06 buildroot user.notice kernel: [    0.254096] NFS: Registering the id_resolver key type
Jan  1 00:00:06 buildroot user.notice kernel: [    0.254156] Key type id_resolver registered
Jan  1 00:00:06 buildroot user.notice kernel: [    0.254165] Key type id_legacy registered
Jan  1 00:00:06 buildroot user.info kernel: [    0.254200] nfs4filelayout_init: NFSv4 File Layout Driver Registering...
Jan  1 00:00:06 buildroot user.info kernel: [    0.254211] nfs4flexfilelayout_init: NFSv4 Flexfile Layout Driver Registering...
Jan  1 00:00:06 buildroot user.info kernel: [    0.254247] ntfs: driver 2.1.32 [Flags: R/O].
Jan  1 00:00:06 buildroot user.notice kernel: [    0.254749] Key type asymmetric registered
Jan  1 00:00:06 buildroot user.notice kernel: [    0.254767] Asymmetric key parser 'x509' registered
Jan  1 00:00:06 buildroot user.info kernel: [    0.254862] Block layer SCSI generic (bsg) driver version 0.4 loaded (major 246)
Jan  1 00:00:06 buildroot user.info kernel: [    0.254876] io scheduler mq-deadline registered
Jan  1 00:00:06 buildroot user.info kernel: [    0.254885] io scheduler kyber registered
Jan  1 00:00:06 buildroot user.info kernel: [    0.254923] io scheduler bfq registered
Jan  1 00:00:06 buildroot user.info kernel: [    0.442418] Serial: 8250/16550 driver, 5 ports, IRQ sharing enabled
Jan  1 00:00:06 buildroot user.info kernel: [    0.448181] msm_serial: driver initialized
Jan  1 00:00:06 buildroot user.info kernel: [    0.448456] SuperH (H)SCI(F) driver initialized
Jan  1 00:00:06 buildroot user.info kernel: [    0.448620] STMicroelectronics ASC driver initialized
Jan  1 00:00:06 buildroot user.info kernel: [    0.448727] STM32 USART driver initialized
Jan  1 00:00:06 buildroot user.info kernel: [    0.490019] brd: module loaded
Jan  1 00:00:06 buildroot user.info kernel: [    0.508622] loop: module loaded
Jan  1 00:00:06 buildroot user.info kernel: [    0.519780] CAN device driver interface
Jan  1 00:00:06 buildroot user.info kernel: [    0.520517] bgmac_bcma: Broadcom 47xx GBit MAC driver loaded
Jan  1 00:00:06 buildroot user.info kernel: [    0.521274] e1000e: Intel(R) PRO/1000 Network Driver
Jan  1 00:00:06 buildroot user.info kernel: [    0.521284] e1000e: Copyright(c) 1999 - 2015 Intel Corporation.
Jan  1 00:00:06 buildroot user.info kernel: [    0.521333] igb: Intel(R) Gigabit Ethernet Network Driver
Jan  1 00:00:06 buildroot user.info kernel: [    0.521341] igb: Copyright (c) 2007-2014 Intel Corporation.
Jan  1 00:00:06 buildroot user.info kernel: [    0.524335] pegasus: Pegasus/Pegasus II USB Ethernet driver
Jan  1 00:00:06 buildroot user.info kernel: [    0.524402] usbcore: registered new interface driver pegasus
Jan  1 00:00:06 buildroot user.info kernel: [    0.524442] usbcore: registered new interface driver asix
Jan  1 00:00:06 buildroot user.info kernel: [    0.524477] usbcore: registered new interface driver ax88179_178a
Jan  1 00:00:06 buildroot user.info kernel: [    0.524512] usbcore: registered new interface driver cdc_ether
Jan  1 00:00:06 buildroot user.info kernel: [    0.524547] usbcore: registered new interface driver smsc75xx
Jan  1 00:00:06 buildroot user.info kernel: [    0.524589] usbcore: registered new interface driver smsc95xx
Jan  1 00:00:06 buildroot user.info kernel: [    0.524626] usbcore: registered new interface driver net1080
Jan  1 00:00:06 buildroot user.info kernel: [    0.524662] usbcore: registered new interface driver cdc_subset
Jan  1 00:00:06 buildroot user.info kernel: [    0.524696] usbcore: registered new interface driver zaurus
Jan  1 00:00:06 buildroot user.info kernel: [    0.524761] usbcore: registered new interface driver cdc_ncm
Jan  1 00:00:06 buildroot user.info kernel: [    0.528062] usbcore: registered new interface driver usb-storage
Jan  1 00:00:06 buildroot user.info kernel: [    0.529566] UDC core: g_ether: couldn't find an available UDC
Jan  1 00:00:06 buildroot user.info kernel: [    0.532545] i2c_dev: i2c /dev entries driver
Jan  1 00:00:06 buildroot user.notice kernel: [    0.545518] cpuidle: enable-method property 'ti,am3352' found operations
Jan  1 00:00:06 buildroot user.info kernel: [    0.547594] sdhci: Secure Digital Host Controller Interface driver
Jan  1 00:00:06 buildroot user.info kernel: [    0.547620] sdhci: Copyright(c) Pierre Ossman
Jan  1 00:00:06 buildroot user.info kernel: [    0.549063] Synopsys Designware Multimedia Card Interface Driver
Jan  1 00:00:06 buildroot user.info kernel: [    0.550339] sdhci-pltfm: SDHCI platform and OF driver helper
Jan  1 00:00:06 buildroot user.info kernel: [    0.593036] ledtrig-cpu: registered to indicate activity on CPUs
Jan  1 00:00:06 buildroot user.info kernel: [    0.595940] usbcore: registered new interface driver usbhid
Jan  1 00:00:06 buildroot user.info kernel: [    0.595968] usbhid: USB HID core driver
Jan  1 00:00:06 buildroot user.info kernel: [    0.602491] NET: Registered PF_INET6 protocol family
Jan  1 00:00:06 buildroot user.info kernel: [    0.619295] Segment Routing with IPv6
Jan  1 00:00:06 buildroot user.info kernel: [    0.619381] In-situ OAM (IOAM) with IPv6
Jan  1 00:00:06 buildroot user.info kernel: [    0.619477] sit: IPv6, IPv4 and MPLS over IPv4 tunneling driver
Jan  1 00:00:06 buildroot user.info kernel: [    0.620359] NET: Registered PF_PACKET protocol family
Jan  1 00:00:06 buildroot user.info kernel: [    0.620380] can: controller area network core
Jan  1 00:00:06 buildroot user.info kernel: [    0.620470] NET: Registered PF_CAN protocol family
Jan  1 00:00:06 buildroot user.info kernel: [    0.620483] can: raw protocol
Jan  1 00:00:06 buildroot user.info kernel: [    0.620495] can: broadcast manager protocol
Jan  1 00:00:06 buildroot user.info kernel: [    0.620509] can: netlink gateway - max_hops=1
Jan  1 00:00:06 buildroot user.notice kernel: [    0.621231] Key type dns_resolver registered
Jan  1 00:00:06 buildroot user.info kernel: [    0.621650] ThumbEE CPU extension supported.
Jan  1 00:00:06 buildroot user.notice kernel: [    0.621677] Registering SWP/SWPB emulation handler
Jan  1 00:00:06 buildroot user.err kernel: [    0.622115] omap_voltage_late_init: Voltage driver support not added
Jan  1 00:00:06 buildroot user.notice kernel: [    0.649545] Loading compiled-in X.509 certificates
Jan  1 00:00:06 buildroot user.info kernel: [    0.722518] platform 44e10800.pinmux: Fixed dependency cycle(s) with /ocp/interconnect@44c00000/segment@200000/target-module@10000/scm@0/pinmux@800/clkout2-pins
Jan  1 00:00:06 buildroot user.info kernel: [    0.724143] pinctrl-single 44e10800.pinmux: 142 pins, size 568
Jan  1 00:00:06 buildroot user.warn kernel: [    0.740463] ti-sysc: probe of 44e31000.target-module failed with error -16
Jan  1 00:00:06 buildroot user.warn kernel: [    0.798474] ti-sysc: probe of 48040000.target-module failed with error -16
Jan  1 00:00:06 buildroot user.info kernel: [    0.863372] OMAP GPIO hardware version 0.1
Jan  1 00:00:06 buildroot user.info kernel: [    0.874634] omap-mailbox 480c8000.mailbox: omap mailbox rev 0x400
Jan  1 00:00:06 buildroot user.warn kernel: [    0.906385] at24 2-0054: supply vcc not found, using dummy regulator
Jan  1 00:00:06 buildroot user.warn kernel: [    1.005342] at24 2-0055: supply vcc not found, using dummy regulator
Jan  1 00:00:06 buildroot user.warn kernel: [    1.082808] at24 2-0056: supply vcc not found, using dummy regulator
Jan  1 00:00:06 buildroot user.warn kernel: [    1.144921] at24 2-0057: supply vcc not found, using dummy regulator
Jan  1 00:00:06 buildroot user.info kernel: [    1.216392] omap_i2c 4819c000.i2c: bus 2 rev0.11 at 100 kHz
Jan  1 00:00:06 buildroot user.info kernel: [    1.251903] platform 4830e000.lcdc: Fixed dependency cycle(s) with /ocp/interconnect@44c00000/segment@200000/target-module@b000/i2c@0/tda19988@70
Jan  1 00:00:06 buildroot user.warn kernel: [    1.264985] sdhci-omap 481d8000.mmc: supply pbias not found, using dummy regulator
Jan  1 00:00:06 buildroot user.warn kernel: [    1.265611] sdhci-omap 481d8000.mmc: supply vqmmc not found, using dummy regulator
Jan  1 00:00:06 buildroot user.info kernel: [    1.303508] omap_rng 48310000.rng: Random Number Generator ver. 20
Jan  1 00:00:06 buildroot user.notice kernel: [    1.322840] random: crng init done
Jan  1 00:00:06 buildroot user.info kernel: [    1.399914] davinci_mdio 4a101000.mdio: davinci mdio revision 1.6, bus freq 1000000
Jan  1 00:00:06 buildroot user.info kernel: [    1.566871] davinci_mdio 4a101000.mdio: phy[0]: device 4a101000.mdio:00, driver SMSC LAN8710/LAN8720
Jan  1 00:00:06 buildroot user.info kernel: [    1.567313] cpsw-switch 4a100000.switch: initialized cpsw ale version 1.4
Jan  1 00:00:06 buildroot user.info kernel: [    1.567335] cpsw-switch 4a100000.switch: ALE Table size 1024
Jan  1 00:00:06 buildroot user.info kernel: [    1.567470] cpsw-switch 4a100000.switch: cpts: overflow check period 500 (jiffies)
Jan  1 00:00:06 buildroot user.info kernel: [    1.567488] cpsw-switch 4a100000.switch: CPTS: ref_clk_freq:250000000 calc_mult:2147483648 calc_shift:29 error:0 nsec/sec
Jan  1 00:00:06 buildroot user.info kernel: [    1.567560] cpsw-switch 4a100000.switch: Detected MACID = 2c:6b:7d:ee:4a:68
Jan  1 00:00:06 buildroot user.notice kernel: [    1.569147] cpsw-switch 4a100000.switch: initialized (regs 0x4a100000, pool size 256) hw_ver:0019010C 1.12 (0)
Jan  1 00:00:06 buildroot user.err kernel: [    1.588168] debugfs: Directory '49000000.dma' with parent 'dmaengine' already present!
Jan  1 00:00:06 buildroot user.info kernel: [    1.588217] edma 49000000.dma: TI EDMA DMA engine driver
Jan  1 00:00:06 buildroot user.warn kernel: [    1.601382] am335x-phy-driver 47401300.usb-phy: dummy supplies not allowed for exclusive requests
Jan  1 00:00:06 buildroot user.warn kernel: [    1.640180] am335x-phy-driver 47401b00.usb-phy: dummy supplies not allowed for exclusive requests
Jan  1 00:00:06 buildroot user.info kernel: [    1.711215] hw perfevents: enabled with armv7_cortex_a8 PMU driver, 5 counters available
Jan  1 00:00:06 buildroot user.err kernel: [    1.725426] l3-aon-clkctrl:0000:0: failed to disable
Jan  1 00:00:06 buildroot user.info kernel: [    1.743040] 44e09000.serial: ttyS0 at MMIO 0x44e09000 (irq = 38, base_baud = 3000000) is a 8250
Jan  1 00:00:06 buildroot user.info kernel: [    1.743141] printk: legacy console [ttyS0] enabled
Jan  1 00:00:06 buildroot user.warn kernel: [    3.220176] tps65217-pmic: Failed to locate of_node [id: -1]
Jan  1 00:00:06 buildroot user.warn kernel: [    3.227336] tps65217-bl: Failed to locate of_node [id: -1]
Jan  1 00:00:06 buildroot user.info kernel: [    3.331788] tps65217 0-0024: TPS65217 ID 0xe version 1.2
Jan  1 00:00:06 buildroot user.info kernel: [    3.338370] platform 4830e000.lcdc: Fixed dependency cycle(s) with /ocp/interconnect@44c00000/segment@200000/target-module@b000/i2c@0/tda19988@70
Jan  1 00:00:06 buildroot user.info kernel: [    3.351764] i2c 0-0070: Fixed dependency cycle(s) with /ocp/interconnect@48000000/segment@300000/target-module@e000/lcdc@0
Jan  1 00:00:06 buildroot user.info kernel: [    3.363347] omap_i2c 44e0b000.i2c: bus 0 rev0.11 at 400 kHz
Jan  1 00:00:06 buildroot user.info kernel: [    3.385090] using host ethernet address: f8:dc:7a:00:00:01
Jan  1 00:00:06 buildroot user.info kernel: [    3.385124] using self ethernet address: f8:dc:7a:00:00:02
Jan  1 00:00:06 buildroot user.info kernel: [    3.391499] g_ether gadget.0: HOST MAC f8:dc:7a:00:00:01
Jan  1 00:00:06 buildroot user.info kernel: [    3.402465] g_ether gadget.0: MAC f8:dc:7a:00:00:02
Jan  1 00:00:06 buildroot user.info kernel: [    3.407534] g_ether gadget.0: Ethernet Gadget, version: Memorial Day 2008
Jan  1 00:00:06 buildroot user.info kernel: [    3.414399] g_ether gadget.0: g_ether ready
Jan  1 00:00:06 buildroot user.info kernel: [    3.424065] omap_gpio 44e07000.gpio: Could not set line 6 debounce to 200000 microseconds (-22)
Jan  1 00:00:06 buildroot user.info kernel: [    3.432962] sdhci-omap 48060000.mmc: Got CD GPIO
Jan  1 00:00:06 buildroot user.warn kernel: [    3.437815] sdhci-omap 48060000.mmc: supply pbias not found, using dummy regulator
Jan  1 00:00:06 buildroot user.warn kernel: [    3.493086] sdhci-omap 48060000.mmc: supply vqmmc not found, using dummy regulator
Jan  1 00:00:06 buildroot user.warn kernel: [    3.501521] sdhci-omap 481d8000.mmc: supply pbias not found, using dummy regulator
Jan  1 00:00:06 buildroot user.warn kernel: [    3.510195] sdhci-omap 481d8000.mmc: supply vqmmc not found, using dummy regulator
Jan  1 00:00:06 buildroot user.info kernel: [    3.596905] at24 0-0050: 32768 byte 24c256 EEPROM, writable, 1 bytes/write
Jan  1 00:00:06 buildroot user.info kernel: [    3.679328] mmc0: SDHCI controller on 48060000.mmc [48060000.mmc] using External DMA
Jan  1 00:00:06 buildroot user.info kernel: [    3.712913] mmc1: SDHCI controller on 481d8000.mmc [481d8000.mmc] using External DMA
Jan  1 00:00:06 buildroot user.info kernel: [    3.785427] mmc1: new high speed MMC card at address 0001
Jan  1 00:00:06 buildroot user.info kernel: [    3.793379] mmcblk1: mmc1:0001 P1XXXX 3.60 GiB
Jan  1 00:00:06 buildroot user.info kernel: [    3.803480]  mmcblk1: p1
Jan  1 00:00:06 buildroot user.info kernel: [    3.809232] mmcblk1boot0: mmc1:0001 P1XXXX 16.0 MiB
Jan  1 00:00:06 buildroot user.info kernel: [    3.819243] mmcblk1boot1: mmc1:0001 P1XXXX 16.0 MiB
Jan  1 00:00:06 buildroot user.info kernel: [    3.828963] mmcblk1rpmb: mmc1:0001 P1XXXX 128 KiB, chardev (236:0)
Jan  1 00:00:06 buildroot user.notice kernel: [    3.922825] IP-Config: Guessing netmask 255.255.255.0
Jan  1 00:00:06 buildroot user.info kernel: [    3.927989] IP-Config: Complete:
Jan  1 00:00:06 buildroot user.info kernel: [    3.931255]      device=usb0, hwaddr=f8:dc:7a:00:00:02, ipaddr=192.168.0.100, mask=255.255.255.0, gw=255.255.255.255
Jan  1 00:00:06 buildroot user.info kernel: [    3.941966]      host=192.168.0.100, domain=, nis-domain=(none)
Jan  1 00:00:06 buildroot user.info kernel: [    3.948003]      bootserver=255.255.255.255, rootserver=192.168.0.1, rootpath=
Jan  1 00:00:06 buildroot user.info kernel: [    3.948935] clk: Disabling unused clocks
Jan  1 00:00:06 buildroot user.info kernel: [    4.020544] VFS: Mounted root (nfs filesystem) on device 0:15.
Jan  1 00:00:06 buildroot user.info kernel: [    4.027721] devtmpfs: mounted
Jan  1 00:00:06 buildroot user.info kernel: [    4.035794] Freeing unused kernel image (initmem) memory: 2048K
Jan  1 00:00:06 buildroot user.info kernel: [    4.043466] Run /sbin/init as init process
Jan  1 00:00:06 buildroot user.debug kernel: [    4.047608]   with arguments:
Jan  1 00:00:06 buildroot user.debug kernel: [    4.047619]     /sbin/init
Jan  1 00:00:06 buildroot user.debug kernel: [    4.047631]   with environment:
Jan  1 00:00:06 buildroot user.debug kernel: [    4.047641]     HOME=/
Jan  1 00:00:06 buildroot user.debug kernel: [    4.047652]     TERM=linux
Jan  1 00:00:05 buildroot syslog.info syslogd started: BusyBox v1.31.1
Jan  1 00:00:06 buildroot user.notice kernel: klogd started: BusyBox v1.31.1 (2020-04-07 16:53:21 CEST)
Jan  1 00:00:06 buildroot user.info kernel: [    0.000000] Booting Linux on physical CPU 0x0
Jan  1 00:00:06 buildroot user.notice kernel: [    0.000000] Linux version 6.7.12 (nebu@nebu) (arm-linux-gnueabi-gcc (Ubuntu 9.4.0-1ubuntu1~20.04.2) 9.4.0, GNU ld (GNU Binutils for Ubuntu) 2.34) #10 SMP Sun Aug 18 16:58:14 CEST 2024
Jan  1 00:00:06 buildroot user.info kernel: [    0.000000] CPU: ARMv7 Processor [413fc082] revision 2 (ARMv7), cr=10c5387d
Jan  1 00:00:06 buildroot user.info kernel: [    0.000000] CPU: PIPT / VIPT nonaliasing data cache, VIPT aliasing instruction cache
Jan  1 00:00:06 buildroot user.info kernel: [    0.000000] OF: fdt: Machine model: TI AM335x BeagleBone Black
Jan  1 00:00:06 buildroot user.info kernel: [    0.000000] Memory policy: Data cache writeback
Jan  1 00:00:06 buildroot user.info kernel: [    0.000000] efi: UEFI not found.
Jan  1 00:00:06 buildroot user.info kernel: [    0.000000] cma: Reserved 64 MiB at 0x98800000 on node -1
Jan  1 00:00:06 buildroot user.info kernel: [    0.000000] Zone ranges:
Jan  1 00:00:06 buildroot user.info kernel: [    0.000000]   DMA      [mem 0x0000000080000000-0x000000009fdfffff]
Jan  1 00:00:06 buildroot user.info kernel: [    0.000000]   Normal   empty
Jan  1 00:00:06 buildroot user.info kernel: [    0.000000]   HighMem  empty
Jan  1 00:00:06 buildroot user.info kernel: [    0.000000] Movable zone start for each node
Jan  1 00:00:06 buildroot user.info kernel: [    0.000000] Early memory node ranges
Jan  1 00:00:06 buildroot user.info kernel: [    0.000000]   node   0: [mem 0x0000000080000000-0x000000009fdfffff]
Jan  1 00:00:06 buildroot user.info kernel: [    0.000000] Initmem setup node 0 [mem 0x0000000080000000-0x000000009fdfffff]
Jan  1 00:00:06 buildroot user.info kernel: [    0.000000] CPU: All CPU(s) started in SVC mode.
Jan  1 00:00:06 buildroot user.info kernel: [    0.000000] AM335X ES2.1 (sgx neon)
Jan  1 00:00:06 buildroot user.info kernel: [    0.000000] percpu: Embedded 16 pages/cpu s36180 r8192 d21164 u65536
Jan  1 00:00:06 buildroot user.debug kernel: [    0.000000] pcpu-alloc: s36180 r8192 d21164 u65536 alloc=16*4096
Jan  1 00:00:06 buildroot user.debug kernel: [    0.000000] pcpu-alloc: [0] 0 
Jan  1 00:00:06 buildroot user.notice kernel: [    0.000000] Kernel command line: root=/dev/nfs rw ip=192.168.0.100:::::usb0 console=ttyO0,115200n8 g_ether.dev_addr=f8:dc:7a:00:00:02 g_ether.host_addr=f8:dc:7a:00:00:01 nfsroot=192.168.0.1:/home/ubuntu/nfsroot,nfsvers=3,tcp
Jan  1 00:00:06 buildroot user.info kernel: [    0.000000] Dentry cache hash table entries: 65536 (order: 6, 262144 bytes, linear)
Jan  1 00:00:06 buildroot user.info kernel: [    0.000000] Inode-cache hash table entries: 32768 (order: 5, 131072 bytes, linear)
Jan  1 00:00:06 buildroot user.info kernel: [    0.000000] Built 1 zonelists, mobility grouping on.  Total pages: 129540
Jan  1 00:00:06 buildroot user.info kernel: [    0.000000] mem auto-init: stack:off, heap alloc:off, heap free:off
Jan  1 00:00:06 buildroot user.info kernel: [    0.000000] Memory: 424224K/522240K available (15360K kernel code, 2488K rwdata, 6584K rodata, 2048K init, 418K bss, 32480K reserved, 65536K cma-reserved, 0K highmem)
Jan  1 00:00:06 buildroot user.info kernel: [    0.000000] SLUB: HWalign=64, Order=0-3, MinObjects=0, CPUs=1, Nodes=1
Jan  1 00:00:06 buildroot user.info kernel: [    0.000000] trace event string verifier disabled
Jan  1 00:00:06 buildroot user.info kernel: [    0.000000] rcu: Hierarchical RCU implementation.
Jan  1 00:00:06 buildroot user.info kernel: [    0.000000] rcu: 	RCU event tracing is enabled.
Jan  1 00:00:06 buildroot user.info kernel: [    0.000000] rcu: 	RCU restricting CPUs from NR_CPUS=16 to nr_cpu_ids=1.
Jan  1 00:00:06 buildroot user.info kernel: [    0.000000] rcu: RCU calculated value of scheduler-enlistment delay is 10 jiffies.
Jan  1 00:00:06 buildroot user.info kernel: [    0.000000] rcu: Adjusting geometry for rcu_fanout_leaf=16, nr_cpu_ids=1
Jan  1 00:00:06 buildroot user.info kernel: [    0.000000] NR_IRQS: 16, nr_irqs: 16, preallocated irqs: 16
Jan  1 00:00:06 buildroot user.info kernel: [    0.000000] IRQ: Found an INTC at 0x(ptrval) (revision 5.0) with 128 interrupts
Jan  1 00:00:06 buildroot user.info kernel: [    0.000000] rcu: srcu_init: Setting srcu_struct sizes based on contention.
Jan  1 00:00:06 buildroot user.info kernel: [    0.000000] TI gptimer clocksource: always-on /ocp/interconnect@44c00000/segment@200000/target-module@31000
Jan  1 00:00:06 buildroot user.info kernel: [    0.000002] sched_clock: 32 bits at 24MHz, resolution 41ns, wraps every 89478484971ns
Jan  1 00:00:06 buildroot user.info kernel: [    0.000026] clocksource: dmtimer: mask: 0xffffffff max_cycles: 0xffffffff, max_idle_ns: 79635851949 ns
Jan  1 00:00:06 buildroot user.info kernel: [    0.001035] TI gptimer clockevent: 24000000 Hz at /ocp/interconnect@48000000/segment@0/target-module@40000
Jan  1 00:00:06 buildroot user.info kernel: [    0.005735] Console: colour dummy device 80x30
Jan  1 00:00:06 buildroot user.err kernel: [    0.005788] WARNING: Your 'console=ttyO0' has been replaced by 'ttyS0'
Jan  1 00:00:06 buildroot user.err kernel: [    0.005797] This ensures that you still see kernel messages. Please
Jan  1 00:00:06 buildroot user.err kernel: [    0.005802] update your kernel commandline.
Jan  1 00:00:06 buildroot user.info kernel: [    0.005847] Calibrating delay loop... 996.14 BogoMIPS (lpj=4980736)
Jan  1 00:00:06 buildroot user.info kernel: [    0.091146] CPU: Testing write buffer coherency: ok
Jan  1 00:00:06 buildroot user.info kernel: [    0.091222] CPU0: Spectre v2: using BPIALL workaround
Jan  1 00:00:06 buildroot user.info kernel: [    0.091233] pid_max: default: 32768 minimum: 301
Jan  1 00:00:06 buildroot user.info kernel: [    0.091406] Mount-cache hash table entries: 1024 (order: 0, 4096 bytes, linear)
Jan  1 00:00:06 buildroot user.info kernel: [    0.091427] Mountpoint-cache hash table entries: 1024 (order: 0, 4096 bytes, linear)
Jan  1 00:00:06 buildroot user.info kernel: [    0.092497] CPU0: thread -1, cpu 0, socket -1, mpidr 0
Jan  1 00:00:06 buildroot user.info kernel: [    0.093702] Setting up static identity map for 0x80300000 - 0x803000ac
Jan  1 00:00:06 buildroot user.info kernel: [    0.096319] rcu: Hierarchical SRCU implementation.
Jan  1 00:00:06 buildroot user.info kernel: [    0.096341] rcu: 	Max phase no-delay instances is 1000.
Jan  1 00:00:06 buildroot user.info kernel: [    0.101902] EFI services will not be available.
Jan  1 00:00:06 buildroot user.info kernel: [    0.102204] smp: Bringing up secondary CPUs ...
Jan  1 00:00:06 buildroot user.info kernel: [    0.102252] smp: Brought up 1 node, 1 CPU
Jan  1 00:00:06 buildroot user.info kernel: [    0.102266] SMP: Total of 1 processors activated (996.14 BogoMIPS).
Jan  1 00:00:06 buildroot user.info kernel: [    0.102279] CPU: All CPU(s) started in SVC mode.
Jan  1 00:00:06 buildroot user.info kernel: [    0.103026] devtmpfs: initialized
Jan  1 00:00:06 buildroot user.info kernel: [    0.116739] VFP support v0.3: implementor 41 architecture 3 part 30 variant c rev 3
Jan  1 00:00:06 buildroot user.info kernel: [    0.117142] clocksource: jiffies: mask: 0xffffffff max_cycles: 0xffffffff, max_idle_ns: 19112604462750000 ns
Jan  1 00:00:06 buildroot user.info kernel: [    0.117176] futex hash table entries: 256 (order: 2, 16384 bytes, linear)
Jan  1 00:00:06 buildroot user.info kernel: [    0.122369] pinctrl core: initialized pinctrl subsystem
Jan  1 00:00:06 buildroot user.info kernel: [    0.127296] DMI not present or invalid.
Jan  1 00:00:06 buildroot user.info kernel: [    0.128851] NET: Registered PF_NETLINK/PF_ROUTE protocol family
Jan  1 00:00:06 buildroot user.info kernel: [    0.131585] DMA: preallocated 256 KiB pool for atomic coherent allocations
Jan  1 00:00:06 buildroot user.info kernel: [    0.135438] thermal_sys: Registered thermal governor 'step_wise'
Jan  1 00:00:06 buildroot user.info kernel: [    0.135613] cpuidle: using governor menu
Jan  1 00:00:06 buildroot user.info kernel: [    0.155027] No ATAGs?
Jan  1 00:00:06 buildroot user.info kernel: [    0.155059] hw-breakpoint: debug architecture 0x4 unsupported.
Jan  1 00:00:06 buildroot user.info kernel: [    0.160676] Serial: AMBA PL011 UART driver
Jan  1 00:00:06 buildroot user.info kernel: [    0.186415] iommu: Default domain type: Translated
Jan  1 00:00:06 buildroot user.info kernel: [    0.186444] iommu: DMA domain TLB invalidation policy: strict mode
Jan  1 00:00:06 buildroot user.notice kernel: [    0.187998] SCSI subsystem initialized
Jan  1 00:00:06 buildroot user.debug kernel: [    0.189192] libata version 3.00 loaded.
Jan  1 00:00:06 buildroot user.info kernel: [    0.189530] usbcore: registered new interface driver usbfs
Jan  1 00:00:06 buildroot user.info kernel: [    0.189581] usbcore: registered new interface driver hub
Jan  1 00:00:06 buildroot user.info kernel: [    0.189638] usbcore: registered new device driver usb
Jan  1 00:00:06 buildroot user.info kernel: [    0.190687] pps_core: LinuxPPS API ver. 1 registered
Jan  1 00:00:06 buildroot user.info kernel: [    0.190703] pps_core: Software ver. 5.3.6 - Copyright 2005-2007 Rodolfo Giometti <giometti@linux.it>
Jan  1 00:00:06 buildroot user.info kernel: [    0.190729] PTP clock support registered
Jan  1 00:00:06 buildroot user.info kernel: [    0.190908] EDAC MC: Ver: 3.0.0
Jan  1 00:00:06 buildroot user.info kernel: [    0.201490] scmi_core: SCMI protocol bus registered
Jan  1 00:00:06 buildroot user.info kernel: [    0.211962] vgaarb: loaded
Jan  1 00:00:06 buildroot user.info kernel: [    0.212751] clocksource: Switched to clocksource dmtimer
Jan  1 00:00:06 buildroot user.info kernel: [    0.235966] NET: Registered PF_INET protocol family
Jan  1 00:00:06 buildroot user.info kernel: [    0.236273] IP idents hash table entries: 8192 (order: 4, 65536 bytes, linear)
Jan  1 00:00:06 buildroot user.info kernel: [    0.237419] tcp_listen_portaddr_hash hash table entries: 512 (order: 0, 4096 bytes, linear)
Jan  1 00:00:06 buildroot user.info kernel: [    0.237456] Table-perturb hash table entries: 65536 (order: 6, 262144 bytes, linear)
Jan  1 00:00:06 buildroot user.info kernel: [    0.237473] TCP established hash table entries: 4096 (order: 2, 16384 bytes, linear)
Jan  1 00:00:06 buildroot user.info kernel: [    0.237518] TCP bind hash table entries: 4096 (order: 4, 65536 bytes, linear)
Jan  1 00:00:06 buildroot user.info kernel: [    0.237620] TCP: Hash tables configured (established 4096 bind 4096)
Jan  1 00:00:06 buildroot user.info kernel: [    0.237738] UDP hash table entries: 256 (order: 1, 8192 bytes, linear)
Jan  1 00:00:06 buildroot user.info kernel: [    0.237767] UDP-Lite hash table entries: 256 (order: 1, 8192 bytes, linear)
Jan  1 00:00:06 buildroot user.info kernel: [    0.237926] NET: Registered PF_UNIX/PF_LOCAL protocol family
Jan  1 00:00:06 buildroot user.info kernel: [    0.238890] RPC: Registered named UNIX socket transport module.
Jan  1 00:00:06 buildroot user.info kernel: [    0.238914] RPC: Registered udp transport module.
Jan  1 00:00:06 buildroot user.info kernel: [    0.238921] RPC: Registered tcp transport module.
Jan  1 00:00:06 buildroot user.info kernel: [    0.238927] RPC: Registered tcp-with-tls transport module.
Jan  1 00:00:06 buildroot user.info kernel: [    0.238933] RPC: Registered tcp NFSv4.1 backchannel transport module.
Jan  1 00:00:06 buildroot user.info kernel: [    0.238954] PCI: CLS 0 bytes, default 64
Jan  1 00:00:06 buildroot user.notice kernel: [    0.240607] Initialise system trusted keyrings
Jan  1 00:00:06 buildroot user.info kernel: [    0.253130] workingset: timestamp_bits=30 max_order=17 bucket_order=0
Jan  1 00:00:06 buildroot user.info kernel: [    0.253630] squashfs: version 4.0 (2009/01/31) Phillip Lougher
Jan  1 00:00:06 buildroot user.notice kernel: [    0.254124] NFS: Registering the id_resolver key type
Jan  1 00:00:06 buildroot user.notice kernel: [    0.254187] Key type id_resolver registered
Jan  1 00:00:06 buildroot user.notice kernel: [    0.254195] Key type id_legacy registered
Jan  1 00:00:06 buildroot user.info kernel: [    0.254229] nfs4filelayout_init: NFSv4 File Layout Driver Registering...
Jan  1 00:00:06 buildroot user.info kernel: [    0.254241] nfs4flexfilelayout_init: NFSv4 Flexfile Layout Driver Registering...
Jan  1 00:00:06 buildroot user.info kernel: [    0.254277] ntfs: driver 2.1.32 [Flags: R/O].
Jan  1 00:00:06 buildroot user.notice kernel: [    0.254766] Key type asymmetric registered
Jan  1 00:00:06 buildroot user.notice kernel: [    0.254784] Asymmetric key parser 'x509' registered
Jan  1 00:00:06 buildroot user.info kernel: [    0.254877] Block layer SCSI generic (bsg) driver version 0.4 loaded (major 246)
Jan  1 00:00:06 buildroot user.info kernel: [    0.254890] io scheduler mq-deadline registered
Jan  1 00:00:06 buildroot user.info kernel: [    0.254899] io scheduler kyber registered
Jan  1 00:00:06 buildroot user.info kernel: [    0.254943] io scheduler bfq registered
Jan  1 00:00:06 buildroot user.info kernel: [    0.430894] Serial: 8250/16550 driver, 5 ports, IRQ sharing enabled
Jan  1 00:00:06 buildroot user.info kernel: [    0.448434] msm_serial: driver initialized
Jan  1 00:00:06 buildroot user.info kernel: [    0.448710] SuperH (H)SCI(F) driver initialized
Jan  1 00:00:06 buildroot user.info kernel: [    0.448875] STMicroelectronics ASC driver initialized
Jan  1 00:00:06 buildroot user.info kernel: [    0.448983] STM32 USART driver initialized
Jan  1 00:00:06 buildroot user.info kernel: [    0.490204] brd: module loaded
Jan  1 00:00:06 buildroot user.info kernel: [    0.508722] loop: module loaded
Jan  1 00:00:06 buildroot user.info kernel: [    0.519843] CAN device driver interface
Jan  1 00:00:06 buildroot user.info kernel: [    0.520576] bgmac_bcma: Broadcom 47xx GBit MAC driver loaded
Jan  1 00:00:06 buildroot user.info kernel: [    0.521360] e1000e: Intel(R) PRO/1000 Network Driver
Jan  1 00:00:06 buildroot user.info kernel: [    0.521371] e1000e: Copyright(c) 1999 - 2015 Intel Corporation.
Jan  1 00:00:06 buildroot user.info kernel: [    0.521419] igb: Intel(R) Gigabit Ethernet Network Driver
Jan  1 00:00:06 buildroot user.info kernel: [    0.521427] igb: Copyright (c) 2007-2014 Intel Corporation.
Jan  1 00:00:06 buildroot user.info kernel: [    0.524397] pegasus: Pegasus/Pegasus II USB Ethernet driver
Jan  1 00:00:06 buildroot user.info kernel: [    0.524469] usbcore: registered new interface driver pegasus
Jan  1 00:00:06 buildroot user.info kernel: [    0.524507] usbcore: registered new interface driver asix
Jan  1 00:00:06 buildroot user.info kernel: [    0.524543] usbcore: registered new interface driver ax88179_178a
Jan  1 00:00:06 buildroot user.info kernel: [    0.524577] usbcore: registered new interface driver cdc_ether
Jan  1 00:00:06 buildroot user.info kernel: [    0.524611] usbcore: registered new interface driver smsc75xx
Jan  1 00:00:06 buildroot user.info kernel: [    0.524655] usbcore: registered new interface driver smsc95xx
Jan  1 00:00:06 buildroot user.info kernel: [    0.524692] usbcore: registered new interface driver net1080
Jan  1 00:00:06 buildroot user.info kernel: [    0.524729] usbcore: registered new interface driver cdc_subset
Jan  1 00:00:06 buildroot user.info kernel: [    0.524763] usbcore: registered new interface driver zaurus
Jan  1 00:00:06 buildroot user.info kernel: [    0.524833] usbcore: registered new interface driver cdc_ncm
Jan  1 00:00:06 buildroot user.info kernel: [    0.528132] usbcore: registered new interface driver usb-storage
Jan  1 00:00:06 buildroot user.info kernel: [    0.529644] UDC core: g_ether: couldn't find an available UDC
Jan  1 00:00:06 buildroot user.info kernel: [    0.532626] i2c_dev: i2c /dev entries driver
Jan  1 00:00:06 buildroot user.notice kernel: [    0.545601] cpuidle: enable-method property 'ti,am3352' found operations
Jan  1 00:00:06 buildroot user.info kernel: [    0.547682] sdhci: Secure Digital Host Controller Interface driver
Jan  1 00:00:06 buildroot user.info kernel: [    0.547706] sdhci: Copyright(c) Pierre Ossman
Jan  1 00:00:06 buildroot user.info kernel: [    0.549163] Synopsys Designware Multimedia Card Interface Driver
Jan  1 00:00:06 buildroot user.info kernel: [    0.550413] sdhci-pltfm: SDHCI platform and OF driver helper
Jan  1 00:00:06 buildroot user.info kernel: [    0.593073] ledtrig-cpu: registered to indicate activity on CPUs
Jan  1 00:00:06 buildroot user.info kernel: [    0.595981] usbcore: registered new interface driver usbhid
Jan  1 00:00:06 buildroot user.info kernel: [    0.596010] usbhid: USB HID core driver
Jan  1 00:00:06 buildroot user.info kernel: [    0.602519] NET: Registered PF_INET6 protocol family
Jan  1 00:00:06 buildroot user.info kernel: [    0.619333] Segment Routing with IPv6
Jan  1 00:00:06 buildroot user.info kernel: [    0.619420] In-situ OAM (IOAM) with IPv6
Jan  1 00:00:06 buildroot user.info kernel: [    0.619521] sit: IPv6, IPv4 and MPLS over IPv4 tunneling driver
Jan  1 00:00:06 buildroot user.info kernel: [    0.620404] NET: Registered PF_PACKET protocol family
Jan  1 00:00:06 buildroot user.info kernel: [    0.620425] can: controller area network core
Jan  1 00:00:06 buildroot user.info kernel: [    0.620514] NET: Registered PF_CAN protocol family
Jan  1 00:00:06 buildroot user.info kernel: [    0.620527] can: raw protocol
Jan  1 00:00:06 buildroot user.info kernel: [    0.620538] can: broadcast manager protocol
Jan  1 00:00:06 buildroot user.info kernel: [    0.620550] can: netlink gateway - max_hops=1
Jan  1 00:00:06 buildroot user.notice kernel: [    0.621230] Key type dns_resolver registered
Jan  1 00:00:06 buildroot user.info kernel: [    0.621653] ThumbEE CPU extension supported.
Jan  1 00:00:06 buildroot user.notice kernel: [    0.621682] Registering SWP/SWPB emulation handler
Jan  1 00:00:06 buildroot user.err kernel: [    0.622123] omap_voltage_late_init: Voltage driver support not added
Jan  1 00:00:06 buildroot user.notice kernel: [    0.649567] Loading compiled-in X.509 certificates
Jan  1 00:00:06 buildroot user.info kernel: [    0.722653] platform 44e10800.pinmux: Fixed dependency cycle(s) with /ocp/interconnect@44c00000/segment@200000/target-module@10000/scm@0/pinmux@800/clkout2-pins
Jan  1 00:00:06 buildroot user.info kernel: [    0.724286] pinctrl-single 44e10800.pinmux: 142 pins, size 568
Jan  1 00:00:06 buildroot user.warn kernel: [    0.740601] ti-sysc: probe of 44e31000.target-module failed with error -16
Jan  1 00:00:06 buildroot user.warn kernel: [    0.798579] ti-sysc: probe of 48040000.target-module failed with error -16
Jan  1 00:00:06 buildroot user.info kernel: [    0.863456] OMAP GPIO hardware version 0.1
Jan  1 00:00:06 buildroot user.info kernel: [    0.874745] omap-mailbox 480c8000.mailbox: omap mailbox rev 0x400
Jan  1 00:00:06 buildroot user.warn kernel: [    0.907142] at24 2-0054: supply vcc not found, using dummy regulator
Jan  1 00:00:06 buildroot user.warn kernel: [    1.005833] at24 2-0055: supply vcc not found, using dummy regulator
Jan  1 00:00:06 buildroot user.warn kernel: [    1.083263] at24 2-0056: supply vcc not found, using dummy regulator
Jan  1 00:00:06 buildroot user.warn kernel: [    1.145393] at24 2-0057: supply vcc not found, using dummy regulator
Jan  1 00:00:06 buildroot user.info kernel: [    1.216868] omap_i2c 4819c000.i2c: bus 2 rev0.11 at 100 kHz
Jan  1 00:00:06 buildroot user.info kernel: [    1.252368] platform 4830e000.lcdc: Fixed dependency cycle(s) with /ocp/interconnect@44c00000/segment@200000/target-module@b000/i2c@0/tda19988@70
Jan  1 00:00:06 buildroot user.warn kernel: [    1.265551] sdhci-omap 481d8000.mmc: supply pbias not found, using dummy regulator
Jan  1 00:00:06 buildroot user.warn kernel: [    1.266123] sdhci-omap 481d8000.mmc: supply vqmmc not found, using dummy regulator
Jan  1 00:00:06 buildroot user.info kernel: [    1.304101] omap_rng 48310000.rng: Random Number Generator ver. 20
Jan  1 00:00:06 buildroot user.notice kernel: [    1.323608] random: crng init done
Jan  1 00:00:06 buildroot user.info kernel: [    1.412811] davinci_mdio 4a101000.mdio: davinci mdio revision 1.6, bus freq 1000000
Jan  1 00:00:06 buildroot user.info kernel: [    1.580306] davinci_mdio 4a101000.mdio: phy[0]: device 4a101000.mdio:00, driver SMSC LAN8710/LAN8720
Jan  1 00:00:06 buildroot user.info kernel: [    1.580750] cpsw-switch 4a100000.switch: initialized cpsw ale version 1.4
Jan  1 00:00:06 buildroot user.info kernel: [    1.580772] cpsw-switch 4a100000.switch: ALE Table size 1024
Jan  1 00:00:06 buildroot user.info kernel: [    1.581013] cpsw-switch 4a100000.switch: cpts: overflow check period 500 (jiffies)
Jan  1 00:00:06 buildroot user.info kernel: [    1.581034] cpsw-switch 4a100000.switch: CPTS: ref_clk_freq:250000000 calc_mult:2147483648 calc_shift:29 error:0 nsec/sec
Jan  1 00:00:06 buildroot user.info kernel: [    1.581106] cpsw-switch 4a100000.switch: Detected MACID = c4:f3:12:d4:27:20
Jan  1 00:00:06 buildroot user.notice kernel: [    1.582804] cpsw-switch 4a100000.switch: initialized (regs 0x4a100000, pool size 256) hw_ver:0019010C 1.12 (0)
Jan  1 00:00:06 buildroot user.err kernel: [    1.601743] debugfs: Directory '49000000.dma' with parent 'dmaengine' already present!
Jan  1 00:00:06 buildroot user.info kernel: [    1.601792] edma 49000000.dma: TI EDMA DMA engine driver
Jan  1 00:00:06 buildroot user.warn kernel: [    1.615015] am335x-phy-driver 47401300.usb-phy: dummy supplies not allowed for exclusive requests
Jan  1 00:00:06 buildroot user.warn kernel: [    1.640755] am335x-phy-driver 47401b00.usb-phy: dummy supplies not allowed for exclusive requests
Jan  1 00:00:06 buildroot user.info kernel: [    1.740649] hw perfevents: enabled with armv7_cortex_a8 PMU driver, 5 counters available
Jan  1 00:00:06 buildroot user.err kernel: [    1.754890] l3-aon-clkctrl:0000:0: failed to disable
Jan  1 00:00:06 buildroot user.info kernel: [    1.772144] 44e09000.serial: ttyS0 at MMIO 0x44e09000 (irq = 38, base_baud = 3000000) is a 8250
Jan  1 00:00:06 buildroot user.info kernel: [    1.772245] printk: legacy console [ttyS0] enabled
Jan  1 00:00:06 buildroot user.warn kernel: [    3.235749] tps65217-pmic: Failed to locate of_node [id: -1]
Jan  1 00:00:06 buildroot user.warn kernel: [    3.242960] tps65217-bl: Failed to locate of_node [id: -1]
Jan  1 00:00:06 buildroot user.info kernel: [    3.346954] tps65217 0-0024: TPS65217 ID 0xe version 1.2
Jan  1 00:00:06 buildroot user.info kernel: [    3.353563] platform 4830e000.lcdc: Fixed dependency cycle(s) with /ocp/interconnect@44c00000/segment@200000/target-module@b000/i2c@0/tda19988@70
Jan  1 00:00:06 buildroot user.info kernel: [    3.366949] i2c 0-0070: Fixed dependency cycle(s) with /ocp/interconnect@48000000/segment@300000/target-module@e000/lcdc@0
Jan  1 00:00:06 buildroot user.info kernel: [    3.378563] omap_i2c 44e0b000.i2c: bus 0 rev0.11 at 400 kHz
Jan  1 00:00:06 buildroot user.info kernel: [    3.400132] using host ethernet address: f8:dc:7a:00:00:01
Jan  1 00:00:06 buildroot user.info kernel: [    3.400168] using self ethernet address: f8:dc:7a:00:00:02
Jan  1 00:00:06 buildroot user.info kernel: [    3.406724] g_ether gadget.0: HOST MAC f8:dc:7a:00:00:01
Jan  1 00:00:06 buildroot user.info kernel: [    3.417671] g_ether gadget.0: MAC f8:dc:7a:00:00:02
Jan  1 00:00:06 buildroot user.info kernel: [    3.422749] g_ether gadget.0: Ethernet Gadget, version: Memorial Day 2008
Jan  1 00:00:06 buildroot user.info kernel: [    3.429582] g_ether gadget.0: g_ether ready
Jan  1 00:00:06 buildroot user.info kernel: [    3.448853] omap_gpio 44e07000.gpio: Could not set line 6 debounce to 200000 microseconds (-22)
Jan  1 00:00:06 buildroot user.info kernel: [    3.457797] sdhci-omap 48060000.mmc: Got CD GPIO
Jan  1 00:00:06 buildroot user.warn kernel: [    3.462652] sdhci-omap 48060000.mmc: supply pbias not found, using dummy regulator
Jan  1 00:00:06 buildroot user.warn kernel: [    3.513798] sdhci-omap 48060000.mmc: supply vqmmc not found, using dummy regulator
Jan  1 00:00:06 buildroot user.warn kernel: [    3.522247] sdhci-omap 481d8000.mmc: supply pbias not found, using dummy regulator
Jan  1 00:00:06 buildroot user.warn kernel: [    3.556846] sdhci-omap 481d8000.mmc: supply vqmmc not found, using dummy regulator
Jan  1 00:00:06 buildroot user.info kernel: [    3.658388] at24 0-0050: 32768 byte 24c256 EEPROM, writable, 1 bytes/write
Jan  1 00:00:06 buildroot user.info kernel: [    3.733339] mmc0: SDHCI controller on 48060000.mmc [48060000.mmc] using External DMA
Jan  1 00:00:06 buildroot user.info kernel: [    3.766979] mmc1: SDHCI controller on 481d8000.mmc [481d8000.mmc] using External DMA
Jan  1 00:00:06 buildroot user.info kernel: [    3.836068] mmc1: new high speed MMC card at address 0001
Jan  1 00:00:06 buildroot user.info kernel: [    3.844441] mmcblk1: mmc1:0001 P1XXXX 3.60 GiB
Jan  1 00:00:06 buildroot user.info kernel: [    3.852016]  mmcblk1: p1
Jan  1 00:00:06 buildroot user.info kernel: [    3.856538] mmcblk1boot0: mmc1:0001 P1XXXX 16.0 MiB
Jan  1 00:00:06 buildroot user.info kernel: [    3.864371] mmcblk1boot1: mmc1:0001 P1XXXX 16.0 MiB
Jan  1 00:00:06 buildroot user.info kernel: [    3.871849] mmcblk1rpmb: mmc1:0001 P1XXXX 128 KiB, chardev (236:0)
Jan  1 00:00:06 buildroot user.notice kernel: [    3.952904] IP-Config: Guessing netmask 255.255.255.0
Jan  1 00:00:06 buildroot user.info kernel: [    3.958076] IP-Config: Complete:
Jan  1 00:00:06 buildroot user.info kernel: [    3.961341]      device=usb0, hwaddr=f8:dc:7a:00:00:02, ipaddr=192.168.0.100, mask=255.255.255.0, gw=255.255.255.255
Jan  1 00:00:06 buildroot user.info kernel: [    3.972051]      host=192.168.0.100, domain=, nis-domain=(none)
Jan  1 00:00:06 buildroot user.info kernel: [    3.978119]      bootserver=255.255.255.255, rootserver=192.168.0.1, rootpath=
Jan  1 00:00:06 buildroot user.info kernel: [    3.979076] clk: Disabling unused clocks
Jan  1 00:00:06 buildroot user.info kernel: [    4.060846] VFS: Mounted root (nfs filesystem) on device 0:15.
Jan  1 00:00:06 buildroot user.info kernel: [    4.069992] devtmpfs: mounted
Jan  1 00:00:06 buildroot user.info kernel: [    4.083518] Freeing unused kernel image (initmem) memory: 2048K
Jan  1 00:00:06 buildroot user.info kernel: [    4.093359] Run /sbin/init as init process
Jan  1 00:00:06 buildroot user.debug kernel: [    4.097537]   with arguments:
Jan  1 00:00:06 buildroot user.debug kernel: [    4.097559]     /sbin/init
Jan  1 00:00:06 buildroot user.debug kernel: [    4.097582]   with environment:
Jan  1 00:00:06 buildroot user.debug kernel: [    4.097601]     HOME=/
Jan  1 00:00:06 buildroot user.debug kernel: [    4.097621]     TERM=linux
Jan  1 00:00:05 buildroot syslog.info syslogd started: BusyBox v1.31.1
Jan  1 00:00:05 buildroot user.notice kernel: klogd started: BusyBox v1.31.1 (2020-04-07 16:53:21 CEST)
Jan  1 00:00:05 buildroot user.info kernel: [    0.000000] Booting Linux on physical CPU 0x0
Jan  1 00:00:05 buildroot user.notice kernel: [    0.000000] Linux version 6.7.12 (nebu@nebu) (arm-linux-gnueabi-gcc (Ubuntu 9.4.0-1ubuntu1~20.04.2) 9.4.0, GNU ld (GNU Binutils for Ubuntu) 2.34) #10 SMP Sun Aug 18 16:58:14 CEST 2024
Jan  1 00:00:05 buildroot user.info kernel: [    0.000000] CPU: ARMv7 Processor [413fc082] revision 2 (ARMv7), cr=10c5387d
Jan  1 00:00:05 buildroot user.info kernel: [    0.000000] CPU: PIPT / VIPT nonaliasing data cache, VIPT aliasing instruction cache
Jan  1 00:00:05 buildroot user.info kernel: [    0.000000] OF: fdt: Machine model: TI AM335x BeagleBone Black
Jan  1 00:00:05 buildroot user.info kernel: [    0.000000] Memory policy: Data cache writeback
Jan  1 00:00:05 buildroot user.info kernel: [    0.000000] efi: UEFI not found.
Jan  1 00:00:05 buildroot user.info kernel: [    0.000000] cma: Reserved 64 MiB at 0x98800000 on node -1
Jan  1 00:00:05 buildroot user.info kernel: [    0.000000] Zone ranges:
Jan  1 00:00:05 buildroot user.info kernel: [    0.000000]   DMA      [mem 0x0000000080000000-0x000000009fdfffff]
Jan  1 00:00:05 buildroot user.info kernel: [    0.000000]   Normal   empty
Jan  1 00:00:05 buildroot user.info kernel: [    0.000000]   HighMem  empty
Jan  1 00:00:06 buildroot user.info kernel: [    0.000000] Movable zone start for each node
Jan  1 00:00:06 buildroot user.info kernel: [    0.000000] Early memory node ranges
Jan  1 00:00:06 buildroot user.info kernel: [    0.000000]   node   0: [mem 0x0000000080000000-0x000000009fdfffff]
Jan  1 00:00:06 buildroot user.info kernel: [    0.000000] Initmem setup node 0 [mem 0x0000000080000000-0x000000009fdfffff]
Jan  1 00:00:06 buildroot user.info kernel: [    0.000000] CPU: All CPU(s) started in SVC mode.
Jan  1 00:00:06 buildroot user.info kernel: [    0.000000] AM335X ES2.1 (sgx neon)
Jan  1 00:00:06 buildroot user.info kernel: [    0.000000] percpu: Embedded 16 pages/cpu s36180 r8192 d21164 u65536
Jan  1 00:00:06 buildroot user.debug kernel: [    0.000000] pcpu-alloc: s36180 r8192 d21164 u65536 alloc=16*4096
Jan  1 00:00:06 buildroot user.debug kernel: [    0.000000] pcpu-alloc: [0] 0 
Jan  1 00:00:06 buildroot user.notice kernel: [    0.000000] Kernel command line: root=/dev/nfs rw ip=192.168.0.100:::::usb0 console=ttyO0,115200n8 g_ether.dev_addr=f8:dc:7a:00:00:02 g_ether.host_addr=f8:dc:7a:00:00:01 nfsroot=192.168.0.1:/home/ubuntu/nfsroot,nfsvers=3,tcp
Jan  1 00:00:06 buildroot user.info kernel: [    0.000000] Dentry cache hash table entries: 65536 (order: 6, 262144 bytes, linear)
Jan  1 00:00:06 buildroot user.info kernel: [    0.000000] Inode-cache hash table entries: 32768 (order: 5, 131072 bytes, linear)
Jan  1 00:00:06 buildroot user.info kernel: [    0.000000] Built 1 zonelists, mobility grouping on.  Total pages: 129540
Jan  1 00:00:06 buildroot user.info kernel: [    0.000000] mem auto-init: stack:off, heap alloc:off, heap free:off
Jan  1 00:00:06 buildroot user.info kernel: [    0.000000] Memory: 424224K/522240K available (15360K kernel code, 2488K rwdata, 6584K rodata, 2048K init, 418K bss, 32480K reserved, 65536K cma-reserved, 0K highmem)
Jan  1 00:00:06 buildroot user.info kernel: [    0.000000] SLUB: HWalign=64, Order=0-3, MinObjects=0, CPUs=1, Nodes=1
Jan  1 00:00:06 buildroot user.info kernel: [    0.000000] trace event string verifier disabled
Jan  1 00:00:06 buildroot user.info kernel: [    0.000000] rcu: Hierarchical RCU implementation.
Jan  1 00:00:06 buildroot user.info kernel: [    0.000000] rcu: 	RCU event tracing is enabled.
Jan  1 00:00:06 buildroot user.info kernel: [    0.000000] rcu: 	RCU restricting CPUs from NR_CPUS=16 to nr_cpu_ids=1.
Jan  1 00:00:06 buildroot user.info kernel: [    0.000000] rcu: RCU calculated value of scheduler-enlistment delay is 10 jiffies.
Jan  1 00:00:06 buildroot user.info kernel: [    0.000000] rcu: Adjusting geometry for rcu_fanout_leaf=16, nr_cpu_ids=1
Jan  1 00:00:06 buildroot user.info kernel: [    0.000000] NR_IRQS: 16, nr_irqs: 16, preallocated irqs: 16
Jan  1 00:00:06 buildroot user.info kernel: [    0.000000] IRQ: Found an INTC at 0x(ptrval) (revision 5.0) with 128 interrupts
Jan  1 00:00:06 buildroot user.info kernel: [    0.000000] rcu: srcu_init: Setting srcu_struct sizes based on contention.
Jan  1 00:00:06 buildroot user.info kernel: [    0.000000] TI gptimer clocksource: always-on /ocp/interconnect@44c00000/segment@200000/target-module@31000
Jan  1 00:00:06 buildroot user.info kernel: [    0.000003] sched_clock: 32 bits at 24MHz, resolution 41ns, wraps every 89478484971ns
Jan  1 00:00:06 buildroot user.info kernel: [    0.000026] clocksource: dmtimer: mask: 0xffffffff max_cycles: 0xffffffff, max_idle_ns: 79635851949 ns
Jan  1 00:00:06 buildroot user.info kernel: [    0.001038] TI gptimer clockevent: 24000000 Hz at /ocp/interconnect@48000000/segment@0/target-module@40000
Jan  1 00:00:06 buildroot user.info kernel: [    0.005749] Console: colour dummy device 80x30
Jan  1 00:00:06 buildroot user.err kernel: [    0.005802] WARNING: Your 'console=ttyO0' has been replaced by 'ttyS0'
Jan  1 00:00:06 buildroot user.err kernel: [    0.005810] This ensures that you still see kernel messages. Please
Jan  1 00:00:06 buildroot user.err kernel: [    0.005816] update your kernel commandline.
Jan  1 00:00:06 buildroot user.info kernel: [    0.005862] Calibrating delay loop... 996.14 BogoMIPS (lpj=4980736)
Jan  1 00:00:06 buildroot user.info kernel: [    0.091084] CPU: Testing write buffer coherency: ok
Jan  1 00:00:06 buildroot user.info kernel: [    0.091177] CPU0: Spectre v2: using BPIALL workaround
Jan  1 00:00:06 buildroot user.info kernel: [    0.091189] pid_max: default: 32768 minimum: 301
Jan  1 00:00:06 buildroot user.info kernel: [    0.091362] Mount-cache hash table entries: 1024 (order: 0, 4096 bytes, linear)
Jan  1 00:00:06 buildroot user.info kernel: [    0.091383] Mountpoint-cache hash table entries: 1024 (order: 0, 4096 bytes, linear)
Jan  1 00:00:06 buildroot user.info kernel: [    0.092453] CPU0: thread -1, cpu 0, socket -1, mpidr 0
Jan  1 00:00:06 buildroot user.info kernel: [    0.093659] Setting up static identity map for 0x80300000 - 0x803000ac
Jan  1 00:00:06 buildroot user.info kernel: [    0.096263] rcu: Hierarchical SRCU implementation.
Jan  1 00:00:06 buildroot user.info kernel: [    0.096285] rcu: 	Max phase no-delay instances is 1000.
Jan  1 00:00:06 buildroot user.info kernel: [    0.101847] EFI services will not be available.
Jan  1 00:00:06 buildroot user.info kernel: [    0.102145] smp: Bringing up secondary CPUs ...
Jan  1 00:00:06 buildroot user.info kernel: [    0.102193] smp: Brought up 1 node, 1 CPU
Jan  1 00:00:06 buildroot user.info kernel: [    0.102208] SMP: Total of 1 processors activated (996.14 BogoMIPS).
Jan  1 00:00:06 buildroot user.info kernel: [    0.102220] CPU: All CPU(s) started in SVC mode.
Jan  1 00:00:06 buildroot user.info kernel: [    0.102969] devtmpfs: initialized
Jan  1 00:00:06 buildroot user.info kernel: [    0.116706] VFP support v0.3: implementor 41 architecture 3 part 30 variant c rev 3
Jan  1 00:00:06 buildroot user.info kernel: [    0.117105] clocksource: jiffies: mask: 0xffffffff max_cycles: 0xffffffff, max_idle_ns: 19112604462750000 ns
Jan  1 00:00:06 buildroot user.info kernel: [    0.117140] futex hash table entries: 256 (order: 2, 16384 bytes, linear)
Jan  1 00:00:06 buildroot user.info kernel: [    0.122301] pinctrl core: initialized pinctrl subsystem
Jan  1 00:00:06 buildroot user.info kernel: [    0.127234] DMI not present or invalid.
Jan  1 00:00:06 buildroot user.info kernel: [    0.128782] NET: Registered PF_NETLINK/PF_ROUTE protocol family
Jan  1 00:00:06 buildroot user.info kernel: [    0.131516] DMA: preallocated 256 KiB pool for atomic coherent allocations
Jan  1 00:00:06 buildroot user.info kernel: [    0.135377] thermal_sys: Registered thermal governor 'step_wise'
Jan  1 00:00:06 buildroot user.info kernel: [    0.135545] cpuidle: using governor menu
Jan  1 00:00:06 buildroot user.info kernel: [    0.154978] No ATAGs?
Jan  1 00:00:06 buildroot user.info kernel: [    0.155009] hw-breakpoint: debug architecture 0x4 unsupported.
Jan  1 00:00:06 buildroot user.info kernel: [    0.160628] Serial: AMBA PL011 UART driver
Jan  1 00:00:06 buildroot user.info kernel: [    0.177180] iommu: Default domain type: Translated
Jan  1 00:00:06 buildroot user.info kernel: [    0.177209] iommu: DMA domain TLB invalidation policy: strict mode
Jan  1 00:00:06 buildroot user.notice kernel: [    0.178756] SCSI subsystem initialized
Jan  1 00:00:06 buildroot user.debug kernel: [    0.191793] libata version 3.00 loaded.
Jan  1 00:00:06 buildroot user.info kernel: [    0.192139] usbcore: registered new interface driver usbfs
Jan  1 00:00:06 buildroot user.info kernel: [    0.192193] usbcore: registered new interface driver hub
Jan  1 00:00:06 buildroot user.info kernel: [    0.192255] usbcore: registered new device driver usb
Jan  1 00:00:06 buildroot user.info kernel: [    0.193313] pps_core: LinuxPPS API ver. 1 registered
Jan  1 00:00:06 buildroot user.info kernel: [    0.193330] pps_core: Software ver. 5.3.6 - Copyright 2005-2007 Rodolfo Giometti <giometti@linux.it>
Jan  1 00:00:06 buildroot user.info kernel: [    0.193356] PTP clock support registered
Jan  1 00:00:06 buildroot user.info kernel: [    0.193535] EDAC MC: Ver: 3.0.0
Jan  1 00:00:06 buildroot user.info kernel: [    0.201878] scmi_core: SCMI protocol bus registered
Jan  1 00:00:06 buildroot user.info kernel: [    0.204571] vgaarb: loaded
Jan  1 00:00:06 buildroot user.info kernel: [    0.205338] clocksource: Switched to clocksource dmtimer
Jan  1 00:00:06 buildroot user.info kernel: [    0.232833] NET: Registered PF_INET protocol family
Jan  1 00:00:06 buildroot user.info kernel: [    0.233139] IP idents hash table entries: 8192 (order: 4, 65536 bytes, linear)
Jan  1 00:00:06 buildroot user.info kernel: [    0.234302] tcp_listen_portaddr_hash hash table entries: 512 (order: 0, 4096 bytes, linear)
Jan  1 00:00:06 buildroot user.info kernel: [    0.234341] Table-perturb hash table entries: 65536 (order: 6, 262144 bytes, linear)
Jan  1 00:00:06 buildroot user.info kernel: [    0.234357] TCP established hash table entries: 4096 (order: 2, 16384 bytes, linear)
Jan  1 00:00:06 buildroot user.info kernel: [    0.234403] TCP bind hash table entries: 4096 (order: 4, 65536 bytes, linear)
Jan  1 00:00:06 buildroot user.info kernel: [    0.234505] TCP: Hash tables configured (established 4096 bind 4096)
Jan  1 00:00:06 buildroot user.info kernel: [    0.234625] UDP hash table entries: 256 (order: 1, 8192 bytes, linear)
Jan  1 00:00:06 buildroot user.info kernel: [    0.234653] UDP-Lite hash table entries: 256 (order: 1, 8192 bytes, linear)
Jan  1 00:00:06 buildroot user.info kernel: [    0.234816] NET: Registered PF_UNIX/PF_LOCAL protocol family
Jan  1 00:00:06 buildroot user.info kernel: [    0.235876] RPC: Registered named UNIX socket transport module.
Jan  1 00:00:06 buildroot user.info kernel: [    0.235899] RPC: Registered udp transport module.
Jan  1 00:00:06 buildroot user.info kernel: [    0.235905] RPC: Registered tcp transport module.
Jan  1 00:00:06 buildroot user.info kernel: [    0.235912] RPC: Registered tcp-with-tls transport module.
Jan  1 00:00:06 buildroot user.info kernel: [    0.235917] RPC: Registered tcp NFSv4.1 backchannel transport module.
Jan  1 00:00:06 buildroot user.info kernel: [    0.235939] PCI: CLS 0 bytes, default 64
Jan  1 00:00:06 buildroot user.notice kernel: [    0.237606] Initialise system trusted keyrings
Jan  1 00:00:06 buildroot user.info kernel: [    0.246240] workingset: timestamp_bits=30 max_order=17 bucket_order=0
Jan  1 00:00:06 buildroot user.info kernel: [    0.246740] squashfs: version 4.0 (2009/01/31) Phillip Lougher
Jan  1 00:00:06 buildroot user.notice kernel: [    0.247230] NFS: Registering the id_resolver key type
Jan  1 00:00:06 buildroot user.notice kernel: [    0.247310] Key type id_resolver registered
Jan  1 00:00:06 buildroot user.notice kernel: [    0.247318] Key type id_legacy registered
Jan  1 00:00:06 buildroot user.info kernel: [    0.247354] nfs4filelayout_init: NFSv4 File Layout Driver Registering...
Jan  1 00:00:06 buildroot user.info kernel: [    0.247366] nfs4flexfilelayout_init: NFSv4 Flexfile Layout Driver Registering...
Jan  1 00:00:06 buildroot user.info kernel: [    0.247402] ntfs: driver 2.1.32 [Flags: R/O].
Jan  1 00:00:06 buildroot user.notice kernel: [    0.247899] Key type asymmetric registered
Jan  1 00:00:06 buildroot user.notice kernel: [    0.247918] Asymmetric key parser 'x509' registered
Jan  1 00:00:06 buildroot user.info kernel: [    0.248016] Block layer SCSI generic (bsg) driver version 0.4 loaded (major 246)
Jan  1 00:00:06 buildroot user.info kernel: [    0.248029] io scheduler mq-deadline registered
Jan  1 00:00:06 buildroot user.info kernel: [    0.248039] io scheduler kyber registered
Jan  1 00:00:06 buildroot user.info kernel: [    0.248081] io scheduler bfq registered
Jan  1 00:00:06 buildroot user.info kernel: [    0.442322] Serial: 8250/16550 driver, 5 ports, IRQ sharing enabled
Jan  1 00:00:06 buildroot user.info kernel: [    0.448286] msm_serial: driver initialized
Jan  1 00:00:06 buildroot user.info kernel: [    0.448563] SuperH (H)SCI(F) driver initialized
Jan  1 00:00:06 buildroot user.info kernel: [    0.448729] STMicroelectronics ASC driver initialized
Jan  1 00:00:06 buildroot user.info kernel: [    0.448836] STM32 USART driver initialized
Jan  1 00:00:06 buildroot user.info kernel: [    0.501435] brd: module loaded
Jan  1 00:00:06 buildroot user.info kernel: [    0.508266] loop: module loaded
Jan  1 00:00:06 buildroot user.info kernel: [    0.519360] CAN device driver interface
Jan  1 00:00:06 buildroot user.info kernel: [    0.520099] bgmac_bcma: Broadcom 47xx GBit MAC driver loaded
Jan  1 00:00:06 buildroot user.info kernel: [    0.520869] e1000e: Intel(R) PRO/1000 Network Driver
Jan  1 00:00:06 buildroot user.info kernel: [    0.520880] e1000e: Copyright(c) 1999 - 2015 Intel Corporation.
Jan  1 00:00:06 buildroot user.info kernel: [    0.520928] igb: Intel(R) Gigabit Ethernet Network Driver
Jan  1 00:00:06 buildroot user.info kernel: [    0.520936] igb: Copyright (c) 2007-2014 Intel Corporation.
Jan  1 00:00:06 buildroot user.info kernel: [    0.523681] pegasus: Pegasus/Pegasus II USB Ethernet driver
Jan  1 00:00:06 buildroot user.info kernel: [    0.523748] usbcore: registered new interface driver pegasus
Jan  1 00:00:06 buildroot user.info kernel: [    0.523790] usbcore: registered new interface driver asix
Jan  1 00:00:06 buildroot user.info kernel: [    0.523825] usbcore: registered new interface driver ax88179_178a
Jan  1 00:00:06 buildroot user.info kernel: [    0.523860] usbcore: registered new interface driver cdc_ether
Jan  1 00:00:06 buildroot user.info kernel: [    0.523895] usbcore: registered new interface driver smsc75xx
Jan  1 00:00:06 buildroot user.info kernel: [    0.523939] usbcore: registered new interface driver smsc95xx
Jan  1 00:00:06 buildroot user.info kernel: [    0.523975] usbcore: registered new interface driver net1080
Jan  1 00:00:06 buildroot user.info kernel: [    0.524011] usbcore: registered new interface driver cdc_subset
Jan  1 00:00:06 buildroot user.info kernel: [    0.524045] usbcore: registered new interface driver zaurus
Jan  1 00:00:06 buildroot user.info kernel: [    0.524112] usbcore: registered new interface driver cdc_ncm
Jan  1 00:00:06 buildroot user.info kernel: [    0.527630] usbcore: registered new interface driver usb-storage
Jan  1 00:00:06 buildroot user.info kernel: [    0.529111] UDC core: g_ether: couldn't find an available UDC
Jan  1 00:00:06 buildroot user.info kernel: [    0.532070] i2c_dev: i2c /dev entries driver
Jan  1 00:00:06 buildroot user.notice kernel: [    0.544923] cpuidle: enable-method property 'ti,am3352' found operations
Jan  1 00:00:06 buildroot user.info kernel: [    0.547211] sdhci: Secure Digital Host Controller Interface driver
Jan  1 00:00:06 buildroot user.info kernel: [    0.547234] sdhci: Copyright(c) Pierre Ossman
Jan  1 00:00:06 buildroot user.info kernel: [    0.548673] Synopsys Designware Multimedia Card Interface Driver
Jan  1 00:00:06 buildroot user.info kernel: [    0.549923] sdhci-pltfm: SDHCI platform and OF driver helper
Jan  1 00:00:06 buildroot user.info kernel: [    0.592550] ledtrig-cpu: registered to indicate activity on CPUs
Jan  1 00:00:06 buildroot user.info kernel: [    0.595565] usbcore: registered new interface driver usbhid
Jan  1 00:00:06 buildroot user.info kernel: [    0.595593] usbhid: USB HID core driver
Jan  1 00:00:06 buildroot user.info kernel: [    0.602197] NET: Registered PF_INET6 protocol family
Jan  1 00:00:06 buildroot user.info kernel: [    0.603852] Segment Routing with IPv6
Jan  1 00:00:06 buildroot user.info kernel: [    0.603936] In-situ OAM (IOAM) with IPv6
Jan  1 00:00:06 buildroot user.info kernel: [    0.604033] sit: IPv6, IPv4 and MPLS over IPv4 tunneling driver
Jan  1 00:00:06 buildroot user.info kernel: [    0.604929] NET: Registered PF_PACKET protocol family
Jan  1 00:00:06 buildroot user.info kernel: [    0.604951] can: controller area network core
Jan  1 00:00:06 buildroot user.info kernel: [    0.605043] NET: Registered PF_CAN protocol family
Jan  1 00:00:06 buildroot user.info kernel: [    0.605057] can: raw protocol
Jan  1 00:00:06 buildroot user.info kernel: [    0.605068] can: broadcast manager protocol
Jan  1 00:00:06 buildroot user.info kernel: [    0.605081] can: netlink gateway - max_hops=1
Jan  1 00:00:06 buildroot user.notice kernel: [    0.605875] Key type dns_resolver registered
Jan  1 00:00:06 buildroot user.info kernel: [    0.606296] ThumbEE CPU extension supported.
Jan  1 00:00:06 buildroot user.notice kernel: [    0.606326] Registering SWP/SWPB emulation handler
Jan  1 00:00:06 buildroot user.err kernel: [    0.606770] omap_voltage_late_init: Voltage driver support not added
Jan  1 00:00:06 buildroot user.notice kernel: [    0.649139] Loading compiled-in X.509 certificates
Jan  1 00:00:06 buildroot user.info kernel: [    0.722019] platform 44e10800.pinmux: Fixed dependency cycle(s) with /ocp/interconnect@44c00000/segment@200000/target-module@10000/scm@0/pinmux@800/clkout2-pins
Jan  1 00:00:06 buildroot user.info kernel: [    0.723504] pinctrl-single 44e10800.pinmux: 142 pins, size 568
Jan  1 00:00:06 buildroot user.warn kernel: [    0.739969] ti-sysc: probe of 44e31000.target-module failed with error -16
Jan  1 00:00:06 buildroot user.warn kernel: [    0.797780] ti-sysc: probe of 48040000.target-module failed with error -16
Jan  1 00:00:06 buildroot user.info kernel: [    0.882047] OMAP GPIO hardware version 0.1
Jan  1 00:00:06 buildroot user.info kernel: [    0.893294] omap-mailbox 480c8000.mailbox: omap mailbox rev 0x400
Jan  1 00:00:06 buildroot user.warn kernel: [    0.921109] at24 2-0054: supply vcc not found, using dummy regulator
Jan  1 00:00:06 buildroot user.warn kernel: [    1.010226] at24 2-0055: supply vcc not found, using dummy regulator
Jan  1 00:00:06 buildroot user.warn kernel: [    1.082234] at24 2-0056: supply vcc not found, using dummy regulator
Jan  1 00:00:06 buildroot user.warn kernel: [    1.144377] at24 2-0057: supply vcc not found, using dummy regulator
Jan  1 00:00:06 buildroot user.info kernel: [    1.215903] omap_i2c 4819c000.i2c: bus 2 rev0.11 at 100 kHz
Jan  1 00:00:06 buildroot user.info kernel: [    1.263355] platform 4830e000.lcdc: Fixed dependency cycle(s) with /ocp/interconnect@44c00000/segment@200000/target-module@b000/i2c@0/tda19988@70
Jan  1 00:00:06 buildroot user.warn kernel: [    1.275717] sdhci-omap 481d8000.mmc: supply pbias not found, using dummy regulator
Jan  1 00:00:06 buildroot user.warn kernel: [    1.276987] sdhci-omap 481d8000.mmc: supply vqmmc not found, using dummy regulator
Jan  1 00:00:06 buildroot user.info kernel: [    1.327728] omap_rng 48310000.rng: Random Number Generator ver. 20
Jan  1 00:00:06 buildroot user.notice kernel: [    1.346936] random: crng init done
Jan  1 00:00:06 buildroot user.info kernel: [    1.428187] davinci_mdio 4a101000.mdio: davinci mdio revision 1.6, bus freq 1000000
Jan  1 00:00:06 buildroot user.info kernel: [    1.607665] davinci_mdio 4a101000.mdio: phy[0]: device 4a101000.mdio:00, driver SMSC LAN8710/LAN8720
Jan  1 00:00:06 buildroot user.info kernel: [    1.608105] cpsw-switch 4a100000.switch: initialized cpsw ale version 1.4
Jan  1 00:00:06 buildroot user.info kernel: [    1.608123] cpsw-switch 4a100000.switch: ALE Table size 1024
Jan  1 00:00:06 buildroot user.info kernel: [    1.608256] cpsw-switch 4a100000.switch: cpts: overflow check period 500 (jiffies)
Jan  1 00:00:06 buildroot user.info kernel: [    1.608273] cpsw-switch 4a100000.switch: CPTS: ref_clk_freq:250000000 calc_mult:2147483648 calc_shift:29 error:0 nsec/sec
Jan  1 00:00:06 buildroot user.info kernel: [    1.608346] cpsw-switch 4a100000.switch: Detected MACID = c8:df:84:b0:0b:fd
Jan  1 00:00:06 buildroot user.notice kernel: [    1.609928] cpsw-switch 4a100000.switch: initialized (regs 0x4a100000, pool size 256) hw_ver:0019010C 1.12 (0)
Jan  1 00:00:06 buildroot user.err kernel: [    1.628980] debugfs: Directory '49000000.dma' with parent 'dmaengine' already present!
Jan  1 00:00:06 buildroot user.info kernel: [    1.629029] edma 49000000.dma: TI EDMA DMA engine driver
Jan  1 00:00:06 buildroot user.warn kernel: [    1.642127] am335x-phy-driver 47401300.usb-phy: dummy supplies not allowed for exclusive requests
Jan  1 00:00:06 buildroot user.warn kernel: [    1.680449] am335x-phy-driver 47401b00.usb-phy: dummy supplies not allowed for exclusive requests
Jan  1 00:00:06 buildroot user.info kernel: [    1.763954] hw perfevents: enabled with armv7_cortex_a8 PMU driver, 5 counters available
Jan  1 00:00:06 buildroot user.err kernel: [    1.778173] l3-aon-clkctrl:0000:0: failed to disable
Jan  1 00:00:06 buildroot user.info kernel: [    1.795600] 44e09000.serial: ttyS0 at MMIO 0x44e09000 (irq = 38, base_baud = 3000000) is a 8250
Jan  1 00:00:06 buildroot user.info kernel: [    1.795702] printk: legacy console [ttyS0] enabled
Jan  1 00:00:06 buildroot user.warn kernel: [    3.253533] tps65217-pmic: Failed to locate of_node [id: -1]
Jan  1 00:00:06 buildroot user.warn kernel: [    3.260701] tps65217-bl: Failed to locate of_node [id: -1]
Jan  1 00:00:06 buildroot user.info kernel: [    3.355691] tps65217 0-0024: TPS65217 ID 0xe version 1.2
Jan  1 00:00:06 buildroot user.info kernel: [    3.362244] platform 4830e000.lcdc: Fixed dependency cycle(s) with /ocp/interconnect@44c00000/segment@200000/target-module@b000/i2c@0/tda19988@70
Jan  1 00:00:06 buildroot user.info kernel: [    3.375646] i2c 0-0070: Fixed dependency cycle(s) with /ocp/interconnect@48000000/segment@300000/target-module@e000/lcdc@0
Jan  1 00:00:06 buildroot user.info kernel: [    3.387228] omap_i2c 44e0b000.i2c: bus 0 rev0.11 at 400 kHz
Jan  1 00:00:06 buildroot user.info kernel: [    3.408926] using host ethernet address: f8:dc:7a:00:00:01
Jan  1 00:00:06 buildroot user.info kernel: [    3.408961] using self ethernet address: f8:dc:7a:00:00:02
Jan  1 00:00:06 buildroot user.info kernel: [    3.415433] g_ether gadget.0: HOST MAC f8:dc:7a:00:00:01
Jan  1 00:00:06 buildroot user.info kernel: [    3.426333] g_ether gadget.0: MAC f8:dc:7a:00:00:02
Jan  1 00:00:06 buildroot user.info kernel: [    3.431382] g_ether gadget.0: Ethernet Gadget, version: Memorial Day 2008
Jan  1 00:00:06 buildroot user.info kernel: [    3.438246] g_ether gadget.0: g_ether ready
Jan  1 00:00:06 buildroot user.info kernel: [    3.450391] omap_gpio 44e07000.gpio: Could not set line 6 debounce to 200000 microseconds (-22)
Jan  1 00:00:06 buildroot user.info kernel: [    3.459367] sdhci-omap 48060000.mmc: Got CD GPIO
Jan  1 00:00:06 buildroot user.warn kernel: [    3.464229] sdhci-omap 48060000.mmc: supply pbias not found, using dummy regulator
Jan  1 00:00:06 buildroot user.warn kernel: [    3.515721] sdhci-omap 48060000.mmc: supply vqmmc not found, using dummy regulator
Jan  1 00:00:06 buildroot user.warn kernel: [    3.523986] sdhci-omap 481d8000.mmc: supply pbias not found, using dummy regulator
Jan  1 00:00:06 buildroot user.warn kernel: [    3.532674] sdhci-omap 481d8000.mmc: supply vqmmc not found, using dummy regulator
Jan  1 00:00:06 buildroot user.info kernel: [    3.606311] at24 0-0050: 32768 byte 24c256 EEPROM, writable, 1 bytes/write
Jan  1 00:00:06 buildroot user.info kernel: [    3.682582] mmc1: SDHCI controller on 481d8000.mmc [481d8000.mmc] using External DMA
Jan  1 00:00:06 buildroot user.info kernel: [    3.704341] mmc0: SDHCI controller on 48060000.mmc [48060000.mmc] using External DMA
Jan  1 00:00:06 buildroot user.info kernel: [    3.787747] mmc1: new high speed MMC card at address 0001
Jan  1 00:00:06 buildroot user.info kernel: [    3.795738] mmcblk1: mmc1:0001 P1XXXX 3.60 GiB
Jan  1 00:00:06 buildroot user.info kernel: [    3.807131]  mmcblk1: p1
Jan  1 00:00:06 buildroot user.info kernel: [    3.812646] mmcblk1boot0: mmc1:0001 P1XXXX 16.0 MiB
Jan  1 00:00:06 buildroot user.info kernel: [    3.822603] mmcblk1boot1: mmc1:0001 P1XXXX 16.0 MiB
Jan  1 00:00:06 buildroot user.info kernel: [    3.829438] mmcblk1rpmb: mmc1:0001 P1XXXX 128 KiB, chardev (236:0)
Jan  1 00:00:06 buildroot user.notice kernel: [    3.975476] IP-Config: Guessing netmask 255.255.255.0
Jan  1 00:00:06 buildroot user.info kernel: [    3.980708] IP-Config: Complete:
Jan  1 00:00:06 buildroot user.info kernel: [    3.984151]      device=usb0, hwaddr=f8:dc:7a:00:00:02, ipaddr=192.168.0.100, mask=255.255.255.0, gw=255.255.255.255
Jan  1 00:00:06 buildroot user.info kernel: [    3.995048]      host=192.168.0.100, domain=, nis-domain=(none)
Jan  1 00:00:06 buildroot user.info kernel: [    4.001220]      bootserver=255.255.255.255, rootserver=192.168.0.1, rootpath=
Jan  1 00:00:06 buildroot user.info kernel: [    4.002164] clk: Disabling unused clocks
Jan  1 00:00:06 buildroot user.info kernel: [    4.053221] VFS: Mounted root (nfs filesystem) on device 0:15.
Jan  1 00:00:06 buildroot user.info kernel: [    4.060186] devtmpfs: mounted
Jan  1 00:00:06 buildroot user.info kernel: [    4.067058] Freeing unused kernel image (initmem) memory: 2048K
Jan  1 00:00:06 buildroot user.info kernel: [    4.074306] Run /sbin/init as init process
Jan  1 00:00:06 buildroot user.debug kernel: [    4.078532]   with arguments:
Jan  1 00:00:06 buildroot user.debug kernel: [    4.078542]     /sbin/init
Jan  1 00:00:06 buildroot user.debug kernel: [    4.078553]   with environment:
Jan  1 00:00:06 buildroot user.debug kernel: [    4.078560]     HOME=/
Jan  1 00:00:06 buildroot user.debug kernel: [    4.078568]     TERM=linux
Jan  1 00:00:05 buildroot syslog.info syslogd started: BusyBox v1.31.1
Jan  1 00:00:06 buildroot user.notice kernel: klogd started: BusyBox v1.31.1 (2020-04-07 16:53:21 CEST)
Jan  1 00:00:06 buildroot user.info kernel: [    0.000000] Booting Linux on physical CPU 0x0
Jan  1 00:00:06 buildroot user.notice kernel: [    0.000000] Linux version 6.7.12 (nebu@nebu) (arm-linux-gnueabi-gcc (Ubuntu 9.4.0-1ubuntu1~20.04.2) 9.4.0, GNU ld (GNU Binutils for Ubuntu) 2.34) #10 SMP Sun Aug 18 16:58:14 CEST 2024
Jan  1 00:00:06 buildroot user.info kernel: [    0.000000] CPU: ARMv7 Processor [413fc082] revision 2 (ARMv7), cr=10c5387d
Jan  1 00:00:06 buildroot user.info kernel: [    0.000000] CPU: PIPT / VIPT nonaliasing data cache, VIPT aliasing instruction cache
Jan  1 00:00:06 buildroot user.info kernel: [    0.000000] OF: fdt: Machine model: TI AM335x BeagleBone Black
Jan  1 00:00:06 buildroot user.info kernel: [    0.000000] Memory policy: Data cache writeback
Jan  1 00:00:06 buildroot user.info kernel: [    0.000000] efi: UEFI not found.
Jan  1 00:00:06 buildroot user.info kernel: [    0.000000] cma: Reserved 64 MiB at 0x98800000 on node -1
Jan  1 00:00:06 buildroot user.info kernel: [    0.000000] Zone ranges:
Jan  1 00:00:06 buildroot user.info kernel: [    0.000000]   DMA      [mem 0x0000000080000000-0x000000009fdfffff]
Jan  1 00:00:06 buildroot user.info kernel: [    0.000000]   Normal   empty
Jan  1 00:00:06 buildroot user.info kernel: [    0.000000]   HighMem  empty
Jan  1 00:00:06 buildroot user.info kernel: [    0.000000] Movable zone start for each node
Jan  1 00:00:06 buildroot user.info kernel: [    0.000000] Early memory node ranges
Jan  1 00:00:06 buildroot user.info kernel: [    0.000000]   node   0: [mem 0x0000000080000000-0x000000009fdfffff]
Jan  1 00:00:06 buildroot user.info kernel: [    0.000000] Initmem setup node 0 [mem 0x0000000080000000-0x000000009fdfffff]
Jan  1 00:00:06 buildroot user.info kernel: [    0.000000] CPU: All CPU(s) started in SVC mode.
Jan  1 00:00:06 buildroot user.info kernel: [    0.000000] AM335X ES2.1 (sgx neon)
Jan  1 00:00:06 buildroot user.info kernel: [    0.000000] percpu: Embedded 16 pages/cpu s36180 r8192 d21164 u65536
Jan  1 00:00:06 buildroot user.debug kernel: [    0.000000] pcpu-alloc: s36180 r8192 d21164 u65536 alloc=16*4096
Jan  1 00:00:06 buildroot user.debug kernel: [    0.000000] pcpu-alloc: [0] 0 
Jan  1 00:00:06 buildroot user.notice kernel: [    0.000000] Kernel command line: root=/dev/nfs rw ip=192.168.0.100:::::usb0 console=ttyO0,115200n8 g_ether.dev_addr=f8:dc:7a:00:00:02 g_ether.host_addr=f8:dc:7a:00:00:01 nfsroot=192.168.0.1:/home/ubuntu/nfsroot,nfsvers=3,tcp
Jan  1 00:00:06 buildroot user.info kernel: [    0.000000] Dentry cache hash table entries: 65536 (order: 6, 262144 bytes, linear)
Jan  1 00:00:06 buildroot user.info kernel: [    0.000000] Inode-cache hash table entries: 32768 (order: 5, 131072 bytes, linear)
Jan  1 00:00:06 buildroot user.info kernel: [    0.000000] Built 1 zonelists, mobility grouping on.  Total pages: 129540
Jan  1 00:00:06 buildroot user.info kernel: [    0.000000] mem auto-init: stack:off, heap alloc:off, heap free:off
Jan  1 00:00:06 buildroot user.info kernel: [    0.000000] Memory: 424224K/522240K available (15360K kernel code, 2488K rwdata, 6584K rodata, 2048K init, 418K bss, 32480K reserved, 65536K cma-reserved, 0K highmem)
Jan  1 00:00:06 buildroot user.info kernel: [    0.000000] SLUB: HWalign=64, Order=0-3, MinObjects=0, CPUs=1, Nodes=1
Jan  1 00:00:06 buildroot user.info kernel: [    0.000000] trace event string verifier disabled
Jan  1 00:00:06 buildroot user.info kernel: [    0.000000] rcu: Hierarchical RCU implementation.
Jan  1 00:00:06 buildroot user.info kernel: [    0.000000] rcu: 	RCU event tracing is enabled.
Jan  1 00:00:06 buildroot user.info kernel: [    0.000000] rcu: 	RCU restricting CPUs from NR_CPUS=16 to nr_cpu_ids=1.
Jan  1 00:00:06 buildroot user.info kernel: [    0.000000] rcu: RCU calculated value of scheduler-enlistment delay is 10 jiffies.
Jan  1 00:00:06 buildroot user.info kernel: [    0.000000] rcu: Adjusting geometry for rcu_fanout_leaf=16, nr_cpu_ids=1
Jan  1 00:00:06 buildroot user.info kernel: [    0.000000] NR_IRQS: 16, nr_irqs: 16, preallocated irqs: 16
Jan  1 00:00:06 buildroot user.info kernel: [    0.000000] IRQ: Found an INTC at 0x(ptrval) (revision 5.0) with 128 interrupts
Jan  1 00:00:06 buildroot user.info kernel: [    0.000000] rcu: srcu_init: Setting srcu_struct sizes based on contention.
Jan  1 00:00:06 buildroot user.info kernel: [    0.000000] TI gptimer clocksource: always-on /ocp/interconnect@44c00000/segment@200000/target-module@31000
Jan  1 00:00:06 buildroot user.info kernel: [    0.000002] sched_clock: 32 bits at 24MHz, resolution 41ns, wraps every 89478484971ns
Jan  1 00:00:06 buildroot user.info kernel: [    0.000027] clocksource: dmtimer: mask: 0xffffffff max_cycles: 0xffffffff, max_idle_ns: 79635851949 ns
Jan  1 00:00:06 buildroot user.info kernel: [    0.001036] TI gptimer clockevent: 24000000 Hz at /ocp/interconnect@48000000/segment@0/target-module@40000
Jan  1 00:00:06 buildroot user.info kernel: [    0.005738] Console: colour dummy device 80x30
Jan  1 00:00:06 buildroot user.err kernel: [    0.005793] WARNING: Your 'console=ttyO0' has been replaced by 'ttyS0'
Jan  1 00:00:06 buildroot user.err kernel: [    0.005802] This ensures that you still see kernel messages. Please
Jan  1 00:00:06 buildroot user.err kernel: [    0.005807] update your kernel commandline.
Jan  1 00:00:06 buildroot user.info kernel: [    0.005854] Calibrating delay loop... 996.14 BogoMIPS (lpj=4980736)
Jan  1 00:00:06 buildroot user.info kernel: [    0.091146] CPU: Testing write buffer coherency: ok
Jan  1 00:00:06 buildroot user.info kernel: [    0.091225] CPU0: Spectre v2: using BPIALL workaround
Jan  1 00:00:06 buildroot user.info kernel: [    0.091234] pid_max: default: 32768 minimum: 301
Jan  1 00:00:06 buildroot user.info kernel: [    0.091406] Mount-cache hash table entries: 1024 (order: 0, 4096 bytes, linear)
Jan  1 00:00:06 buildroot user.info kernel: [    0.091427] Mountpoint-cache hash table entries: 1024 (order: 0, 4096 bytes, linear)
Jan  1 00:00:06 buildroot user.info kernel: [    0.092492] CPU0: thread -1, cpu 0, socket -1, mpidr 0
Jan  1 00:00:06 buildroot user.info kernel: [    0.093717] Setting up static identity map for 0x80300000 - 0x803000ac
Jan  1 00:00:06 buildroot user.info kernel: [    0.096321] rcu: Hierarchical SRCU implementation.
Jan  1 00:00:06 buildroot user.info kernel: [    0.096341] rcu: 	Max phase no-delay instances is 1000.
Jan  1 00:00:06 buildroot user.info kernel: [    0.101896] EFI services will not be available.
Jan  1 00:00:06 buildroot user.info kernel: [    0.102210] smp: Bringing up secondary CPUs ...
Jan  1 00:00:06 buildroot user.info kernel: [    0.102256] smp: Brought up 1 node, 1 CPU
