Jan  1 00:00:06 buildroot user.info kernel: [    0.000000] rcu: RCU calculated value of scheduler-enlistment delay is 10 jiffies.
Jan  1 00:00:06 buildroot user.info kernel: [    0.000000] rcu: Adjusting geometry for rcu_fanout_leaf=16, nr_cpu_ids=1
Jan  1 00:00:06 buildroot user.info kernel: [    0.000000] NR_IRQS: 16, nr_irqs: 16, preallocated irqs: 16
Jan  1 00:00:06 buildroot user.info kernel: [    0.000000] IRQ: Found an INTC at 0x(ptrval) (revision 5.0) with 128 interrupts
Jan  1 00:00:06 buildroot user.info kernel: [    0.000000] rcu: srcu_init: Setting srcu_struct sizes based on contention.
Jan  1 00:00:06 buildroot user.info kernel: [    0.000000] TI gptimer clocksource: always-on /ocp/interconnect@44c00000/segment@200000/target-module@31000
Jan  1 00:00:06 buildroot user.info kernel: [    0.000003] sched_clock: 32 bits at 24MHz, resolution 41ns, wraps every 89478484971ns
Jan  1 00:00:06 buildroot user.info kernel: [    0.000027] clocksource: dmtimer: mask: 0xffffffff max_cycles: 0xffffffff, max_idle_ns: 79635851949 ns
Jan  1 00:00:06 buildroot user.info kernel: [    0.001039] TI gptimer clockevent: 24000000 Hz at /ocp/interconnect@48000000/segment@0/target-module@40000
Jan  1 00:00:06 buildroot user.info kernel: [    0.005746] Console: colour dummy device 80x30
Jan  1 00:00:06 buildroot user.err kernel: [    0.005801] WARNING: Your 'console=ttyO0' has been replaced by 'ttyS0'
Jan  1 00:00:06 buildroot user.err kernel: [    0.005810] This ensures that you still see kernel messages. Please
Jan  1 00:00:06 buildroot user.err kernel: [    0.005816] update your kernel commandline.
Jan  1 00:00:06 buildroot user.info kernel: [    0.005862] Calibrating delay loop... 996.14 BogoMIPS (lpj=4980736)
Jan  1 00:00:06 buildroot user.info kernel: [    0.091148] CPU: Testing write buffer coherency: ok
Jan  1 00:00:06 buildroot user.info kernel: [    0.091226] CPU0: Spectre v2: using BPIALL workaround
Jan  1 00:00:06 buildroot user.info kernel: [    0.091236] pid_max: default: 32768 minimum: 301
Jan  1 00:00:06 buildroot user.info kernel: [    0.091406] Mount-cache hash table entries: 1024 (order: 0, 4096 bytes, linear)
Jan  1 00:00:06 buildroot user.info kernel: [    0.091426] Mountpoint-cache hash table entries: 1024 (order: 0, 4096 bytes, linear)
Jan  1 00:00:06 buildroot user.info kernel: [    0.092493] CPU0: thread -1, cpu 0, socket -1, mpidr 0
Jan  1 00:00:06 buildroot user.info kernel: [    0.093714] Setting up static identity map for 0x80300000 - 0x803000ac
Jan  1 00:00:06 buildroot user.info kernel: [    0.096318] rcu: Hierarchical SRCU implementation.
Jan  1 00:00:06 buildroot user.info kernel: [    0.096341] rcu: 	Max phase no-delay instances is 1000.
Jan  1 00:00:06 buildroot user.info kernel: [    0.101921] EFI services will not be available.
Jan  1 00:00:06 buildroot user.info kernel: [    0.102230] smp: Bringing up secondary CPUs ...
Jan  1 00:00:06 buildroot user.info kernel: [    0.102277] smp: Brought up 1 node, 1 CPU
Jan  1 00:00:06 buildroot user.info kernel: [    0.102292] SMP: Total of 1 processors activated (996.14 BogoMIPS).
Jan  1 00:00:06 buildroot user.info kernel: [    0.102304] CPU: All CPU(s) started in SVC mode.
Jan  1 00:00:06 buildroot user.info kernel: [    0.103048] devtmpfs: initialized
Jan  1 00:00:06 buildroot user.info kernel: [    0.116782] VFP support v0.3: implementor 41 architecture 3 part 30 variant c rev 3
Jan  1 00:00:06 buildroot user.info kernel: [    0.117189] clocksource: jiffies: mask: 0xffffffff max_cycles: 0xffffffff, max_idle_ns: 19112604462750000 ns
Jan  1 00:00:06 buildroot user.info kernel: [    0.117224] futex hash table entries: 256 (order: 2, 16384 bytes, linear)
Jan  1 00:00:06 buildroot user.info kernel: [    0.122492] pinctrl core: initialized pinctrl subsystem
Jan  1 00:00:06 buildroot user.info kernel: [    0.127429] DMI not present or invalid.
Jan  1 00:00:06 buildroot user.info kernel: [    0.128982] NET: Registered PF_NETLINK/PF_ROUTE protocol family
Jan  1 00:00:06 buildroot user.info kernel: [    0.131732] DMA: preallocated 256 KiB pool for atomic coherent allocations
Jan  1 00:00:06 buildroot user.info kernel: [    0.135601] thermal_sys: Registered thermal governor 'step_wise'
Jan  1 00:00:06 buildroot user.info kernel: [    0.135770] cpuidle: using governor menu
Jan  1 00:00:06 buildroot user.info kernel: [    0.155174] No ATAGs?
Jan  1 00:00:06 buildroot user.info kernel: [    0.155206] hw-breakpoint: debug architecture 0x4 unsupported.
Jan  1 00:00:06 buildroot user.info kernel: [    0.160835] Serial: AMBA PL011 UART driver
Jan  1 00:00:06 buildroot user.info kernel: [    0.185702] iommu: Default domain type: Translated
Jan  1 00:00:06 buildroot user.info kernel: [    0.185733] iommu: DMA domain TLB invalidation policy: strict mode
Jan  1 00:00:06 buildroot user.notice kernel: [    0.187290] SCSI subsystem initialized
Jan  1 00:00:06 buildroot user.debug kernel: [    0.192133] libata version 3.00 loaded.
Jan  1 00:00:06 buildroot user.info kernel: [    0.192476] usbcore: registered new interface driver usbfs
Jan  1 00:00:06 buildroot user.info kernel: [    0.192531] usbcore: registered new interface driver hub
Jan  1 00:00:06 buildroot user.info kernel: [    0.192592] usbcore: registered new device driver usb
Jan  1 00:00:06 buildroot user.info kernel: [    0.193643] pps_core: LinuxPPS API ver. 1 registered
Jan  1 00:00:06 buildroot user.info kernel: [    0.193660] pps_core: Software ver. 5.3.6 - Copyright 2005-2007 Rodolfo Giometti <giometti@linux.it>
Jan  1 00:00:06 buildroot user.info kernel: [    0.193686] PTP clock support registered
Jan  1 00:00:06 buildroot user.info kernel: [    0.193865] EDAC MC: Ver: 3.0.0
Jan  1 00:00:06 buildroot user.info kernel: [    0.201761] scmi_core: SCMI protocol bus registered
Jan  1 00:00:06 buildroot user.info kernel: [    0.212214] vgaarb: loaded
Jan  1 00:00:06 buildroot user.info kernel: [    0.212979] clocksource: Switched to clocksource dmtimer
Jan  1 00:00:06 buildroot user.info kernel: [    0.236131] NET: Registered PF_INET protocol family
Jan  1 00:00:06 buildroot user.info kernel: [    0.236439] IP idents hash table entries: 8192 (order: 4, 65536 bytes, linear)
Jan  1 00:00:06 buildroot user.info kernel: [    0.237591] tcp_listen_portaddr_hash hash table entries: 512 (order: 0, 4096 bytes, linear)
Jan  1 00:00:06 buildroot user.info kernel: [    0.237631] Table-perturb hash table entries: 65536 (order: 6, 262144 bytes, linear)
Jan  1 00:00:06 buildroot user.info kernel: [    0.237647] TCP established hash table entries: 4096 (order: 2, 16384 bytes, linear)
Jan  1 00:00:06 buildroot user.info kernel: [    0.237692] TCP bind hash table entries: 4096 (order: 4, 65536 bytes, linear)
Jan  1 00:00:06 buildroot user.info kernel: [    0.237794] TCP: Hash tables configured (established 4096 bind 4096)
Jan  1 00:00:06 buildroot user.info kernel: [    0.237917] UDP hash table entries: 256 (order: 1, 8192 bytes, linear)
Jan  1 00:00:06 buildroot user.info kernel: [    0.237947] UDP-Lite hash table entries: 256 (order: 1, 8192 bytes, linear)
Jan  1 00:00:06 buildroot user.info kernel: [    0.238108] NET: Registered PF_UNIX/PF_LOCAL protocol family
Jan  1 00:00:06 buildroot user.info kernel: [    0.239070] RPC: Registered named UNIX socket transport module.
Jan  1 00:00:06 buildroot user.info kernel: [    0.239092] RPC: Registered udp transport module.
Jan  1 00:00:06 buildroot user.info kernel: [    0.239099] RPC: Registered tcp transport module.
Jan  1 00:00:06 buildroot user.info kernel: [    0.239105] RPC: Registered tcp-with-tls transport module.
Jan  1 00:00:06 buildroot user.info kernel: [    0.239110] RPC: Registered tcp NFSv4.1 backchannel transport module.
Jan  1 00:00:06 buildroot user.info kernel: [    0.239130] PCI: CLS 0 bytes, default 64
Jan  1 00:00:06 buildroot user.notice kernel: [    0.240798] Initialise system trusted keyrings
Jan  1 00:00:06 buildroot user.info kernel: [    0.253302] workingset: timestamp_bits=30 max_order=17 bucket_order=0
Jan  1 00:00:06 buildroot user.info kernel: [    0.253803] squashfs: version 4.0 (2009/01/31) Phillip Lougher
Jan  1 00:00:06 buildroot user.notice kernel: [    0.254307] NFS: Registering the id_resolver key type
Jan  1 00:00:06 buildroot user.notice kernel: [    0.254446] Key type id_resolver registered
Jan  1 00:00:06 buildroot user.notice kernel: [    0.254454] Key type id_legacy registered
Jan  1 00:00:06 buildroot user.info kernel: [    0.254488] nfs4filelayout_init: NFSv4 File Layout Driver Registering...
Jan  1 00:00:06 buildroot user.info kernel: [    0.254499] nfs4flexfilelayout_init: NFSv4 Flexfile Layout Driver Registering...
Jan  1 00:00:06 buildroot user.info kernel: [    0.254536] ntfs: driver 2.1.32 [Flags: R/O].
Jan  1 00:00:06 buildroot user.notice kernel: [    0.255030] Key type asymmetric registered
Jan  1 00:00:06 buildroot user.notice kernel: [    0.255047] Asymmetric key parser 'x509' registered
Jan  1 00:00:06 buildroot user.info kernel: [    0.255143] Block layer SCSI generic (bsg) driver version 0.4 loaded (major 246)
Jan  1 00:00:06 buildroot user.info kernel: [    0.255156] io scheduler mq-deadline registered
Jan  1 00:00:06 buildroot user.info kernel: [    0.255166] io scheduler kyber registered
Jan  1 00:00:06 buildroot user.info kernel: [    0.255210] io scheduler bfq registered
Jan  1 00:00:06 buildroot user.info kernel: [    0.431117] Serial: 8250/16550 driver, 5 ports, IRQ sharing enabled
Jan  1 00:00:06 buildroot user.info kernel: [    0.448672] msm_serial: driver initialized
Jan  1 00:00:06 buildroot user.info kernel: [    0.448952] SuperH (H)SCI(F) driver initialized
Jan  1 00:00:06 buildroot user.info kernel: [    0.449119] STMicroelectronics ASC driver initialized
Jan  1 00:00:06 buildroot user.info kernel: [    0.449222] STM32 USART driver initialized
Jan  1 00:00:06 buildroot user.info kernel: [    0.490383] brd: module loaded
Jan  1 00:00:06 buildroot user.info kernel: [    0.508931] loop: module loaded
Jan  1 00:00:06 buildroot user.info kernel: [    0.520111] CAN device driver interface
Jan  1 00:00:06 buildroot user.info kernel: [    0.520853] bgmac_bcma: Broadcom 47xx GBit MAC driver loaded
Jan  1 00:00:06 buildroot user.info kernel: [    0.521621] e1000e: Intel(R) PRO/1000 Network Driver
Jan  1 00:00:06 buildroot user.info kernel: [    0.521633] e1000e: Copyright(c) 1999 - 2015 Intel Corporation.
Jan  1 00:00:06 buildroot user.info kernel: [    0.521683] igb: Intel(R) Gigabit Ethernet Network Driver
Jan  1 00:00:06 buildroot user.info kernel: [    0.521690] igb: Copyright (c) 2007-2014 Intel Corporation.
Jan  1 00:00:06 buildroot user.info kernel: [    0.524647] pegasus: Pegasus/Pegasus II USB Ethernet driver
Jan  1 00:00:06 buildroot user.info kernel: [    0.524720] usbcore: registered new interface driver pegasus
Jan  1 00:00:06 buildroot user.info kernel: [    0.524759] usbcore: registered new interface driver asix
Jan  1 00:00:06 buildroot user.info kernel: [    0.524796] usbcore: registered new interface driver ax88179_178a
Jan  1 00:00:06 buildroot user.info kernel: [    0.524831] usbcore: registered new interface driver cdc_ether
Jan  1 00:00:06 buildroot user.info kernel: [    0.524867] usbcore: registered new interface driver smsc75xx
Jan  1 00:00:06 buildroot user.info kernel: [    0.524910] usbcore: registered new interface driver smsc95xx
Jan  1 00:00:06 buildroot user.info kernel: [    0.524946] usbcore: registered new interface driver net1080
Jan  1 00:00:06 buildroot user.info kernel: [    0.524983] usbcore: registered new interface driver cdc_subset
Jan  1 00:00:06 buildroot user.info kernel: [    0.525017] usbcore: registered new interface driver zaurus
Jan  1 00:00:06 buildroot user.info kernel: [    0.525085] usbcore: registered new interface driver cdc_ncm
Jan  1 00:00:06 buildroot user.info kernel: [    0.528418] usbcore: registered new interface driver usb-storage
Jan  1 00:00:06 buildroot user.info kernel: [    0.529914] UDC core: g_ether: couldn't find an available UDC
Jan  1 00:00:06 buildroot user.info kernel: [    0.532878] i2c_dev: i2c /dev entries driver
Jan  1 00:00:06 buildroot user.notice kernel: [    0.545795] cpuidle: enable-method property 'ti,am3352' found operations
Jan  1 00:00:06 buildroot user.info kernel: [    0.547875] sdhci: Secure Digital Host Controller Interface driver
Jan  1 00:00:06 buildroot user.info kernel: [    0.547899] sdhci: Copyright(c) Pierre Ossman
Jan  1 00:00:06 buildroot user.info kernel: [    0.549350] Synopsys Designware Multimedia Card Interface Driver
Jan  1 00:00:06 buildroot user.info kernel: [    0.550593] sdhci-pltfm: SDHCI platform and OF driver helper
Jan  1 00:00:06 buildroot user.info kernel: [    0.593254] ledtrig-cpu: registered to indicate activity on CPUs
Jan  1 00:00:06 buildroot user.info kernel: [    0.596173] usbcore: registered new interface driver usbhid
Jan  1 00:00:06 buildroot user.info kernel: [    0.596202] usbhid: USB HID core driver
Jan  1 00:00:06 buildroot user.info kernel: [    0.602663] NET: Registered PF_INET6 protocol family
Jan  1 00:00:06 buildroot user.info kernel: [    0.619474] Segment Routing with IPv6
Jan  1 00:00:06 buildroot user.info kernel: [    0.619564] In-situ OAM (IOAM) with IPv6
Jan  1 00:00:06 buildroot user.info kernel: [    0.619662] sit: IPv6, IPv4 and MPLS over IPv4 tunneling driver
Jan  1 00:00:06 buildroot user.info kernel: [    0.620550] NET: Registered PF_PACKET protocol family
Jan  1 00:00:06 buildroot user.info kernel: [    0.620571] can: controller area network core
Jan  1 00:00:06 buildroot user.info kernel: [    0.620663] NET: Registered PF_CAN protocol family
Jan  1 00:00:06 buildroot user.info kernel: [    0.620674] can: raw protocol
Jan  1 00:00:06 buildroot user.info kernel: [    0.620684] can: broadcast manager protocol
Jan  1 00:00:06 buildroot user.info kernel: [    0.620698] can: netlink gateway - max_hops=1
Jan  1 00:00:06 buildroot user.notice kernel: [    0.621382] Key type dns_resolver registered
Jan  1 00:00:06 buildroot user.info kernel: [    0.621801] ThumbEE CPU extension supported.
Jan  1 00:00:06 buildroot user.notice kernel: [    0.621829] Registering SWP/SWPB emulation handler
Jan  1 00:00:06 buildroot user.err kernel: [    0.622267] omap_voltage_late_init: Voltage driver support not added
Jan  1 00:00:06 buildroot user.notice kernel: [    0.665191] Loading compiled-in X.509 certificates
Jan  1 00:00:06 buildroot user.info kernel: [    0.722556] platform 44e10800.pinmux: Fixed dependency cycle(s) with /ocp/interconnect@44c00000/segment@200000/target-module@10000/scm@0/pinmux@800/clkout2-pins
Jan  1 00:00:06 buildroot user.info kernel: [    0.724184] pinctrl-single 44e10800.pinmux: 142 pins, size 568
Jan  1 00:00:06 buildroot user.warn kernel: [    0.740510] ti-sysc: probe of 44e31000.target-module failed with error -16
Jan  1 00:00:06 buildroot user.warn kernel: [    0.798536] ti-sysc: probe of 48040000.target-module failed with error -16
Jan  1 00:00:06 buildroot user.info kernel: [    0.863327] OMAP GPIO hardware version 0.1
Jan  1 00:00:06 buildroot user.info kernel: [    0.874635] omap-mailbox 480c8000.mailbox: omap mailbox rev 0x400
Jan  1 00:00:06 buildroot user.warn kernel: [    0.906643] at24 2-0054: supply vcc not found, using dummy regulator
Jan  1 00:00:06 buildroot user.warn kernel: [    1.005332] at24 2-0055: supply vcc not found, using dummy regulator
Jan  1 00:00:06 buildroot user.warn kernel: [    1.082668] at24 2-0056: supply vcc not found, using dummy regulator
Jan  1 00:00:06 buildroot user.warn kernel: [    1.144843] at24 2-0057: supply vcc not found, using dummy regulator
Jan  1 00:00:06 buildroot user.info kernel: [    1.216348] omap_i2c 4819c000.i2c: bus 2 rev0.11 at 100 kHz
Jan  1 00:00:06 buildroot user.info kernel: [    1.251827] platform 4830e000.lcdc: Fixed dependency cycle(s) with /ocp/interconnect@44c00000/segment@200000/target-module@b000/i2c@0/tda19988@70
Jan  1 00:00:06 buildroot user.warn kernel: [    1.264658] sdhci-omap 481d8000.mmc: supply pbias not found, using dummy regulator
Jan  1 00:00:06 buildroot user.warn kernel: [    1.265530] sdhci-omap 481d8000.mmc: supply vqmmc not found, using dummy regulator
Jan  1 00:00:06 buildroot user.info kernel: [    1.304231] omap_rng 48310000.rng: Random Number Generator ver. 20
Jan  1 00:00:06 buildroot user.notice kernel: [    1.323490] random: crng init done
Jan  1 00:00:06 buildroot user.info kernel: [    1.412048] davinci_mdio 4a101000.mdio: davinci mdio revision 1.6, bus freq 1000000
Jan  1 00:00:06 buildroot user.info kernel: [    1.579691] davinci_mdio 4a101000.mdio: phy[0]: device 4a101000.mdio:00, driver SMSC LAN8710/LAN8720
Jan  1 00:00:06 buildroot user.info kernel: [    1.580121] cpsw-switch 4a100000.switch: initialized cpsw ale version 1.4
Jan  1 00:00:06 buildroot user.info kernel: [    1.580139] cpsw-switch 4a100000.switch: ALE Table size 1024
Jan  1 00:00:06 buildroot user.info kernel: [    1.580380] cpsw-switch 4a100000.switch: cpts: overflow check period 500 (jiffies)
Jan  1 00:00:06 buildroot user.info kernel: [    1.580404] cpsw-switch 4a100000.switch: CPTS: ref_clk_freq:250000000 calc_mult:2147483648 calc_shift:29 error:0 nsec/sec
Jan  1 00:00:06 buildroot user.info kernel: [    1.580478] cpsw-switch 4a100000.switch: Detected MACID = 44:ea:d8:9a:86:03
Jan  1 00:00:06 buildroot user.notice kernel: [    1.582060] cpsw-switch 4a100000.switch: initialized (regs 0x4a100000, pool size 256) hw_ver:0019010C 1.12 (0)
Jan  1 00:00:06 buildroot user.err kernel: [    1.601091] debugfs: Directory '49000000.dma' with parent 'dmaengine' already present!
Jan  1 00:00:06 buildroot user.info kernel: [    1.601141] edma 49000000.dma: TI EDMA DMA engine driver
Jan  1 00:00:06 buildroot user.warn kernel: [    1.614384] am335x-phy-driver 47401300.usb-phy: dummy supplies not allowed for exclusive requests
Jan  1 00:00:06 buildroot user.warn kernel: [    1.652888] am335x-phy-driver 47401b00.usb-phy: dummy supplies not allowed for exclusive requests
Jan  1 00:00:06 buildroot user.info kernel: [    1.740174] hw perfevents: enabled with armv7_cortex_a8 PMU driver, 5 counters available
Jan  1 00:00:06 buildroot user.err kernel: [    1.754507] l3-aon-clkctrl:0000:0: failed to disable
Jan  1 00:00:06 buildroot user.info kernel: [    1.771743] 44e09000.serial: ttyS0 at MMIO 0x44e09000 (irq = 38, base_baud = 3000000) is a 8250
Jan  1 00:00:06 buildroot user.info kernel: [    1.771847] printk: legacy console [ttyS0] enabled
Jan  1 00:00:06 buildroot user.warn kernel: [    3.221470] tps65217-pmic: Failed to locate of_node [id: -1]
Jan  1 00:00:06 buildroot user.warn kernel: [    3.228638] tps65217-bl: Failed to locate of_node [id: -1]
Jan  1 00:00:06 buildroot user.info kernel: [    3.334144] tps65217 0-0024: TPS65217 ID 0xe version 1.2
Jan  1 00:00:06 buildroot user.info kernel: [    3.340697] platform 4830e000.lcdc: Fixed dependency cycle(s) with /ocp/interconnect@44c00000/segment@200000/target-module@b000/i2c@0/tda19988@70
Jan  1 00:00:06 buildroot user.info kernel: [    3.354102] i2c 0-0070: Fixed dependency cycle(s) with /ocp/interconnect@48000000/segment@300000/target-module@e000/lcdc@0
Jan  1 00:00:06 buildroot user.info kernel: [    3.365686] omap_i2c 44e0b000.i2c: bus 0 rev0.11 at 400 kHz
Jan  1 00:00:06 buildroot user.info kernel: [    3.387424] using host ethernet address: f8:dc:7a:00:00:01
Jan  1 00:00:06 buildroot user.info kernel: [    3.387459] using self ethernet address: f8:dc:7a:00:00:02
Jan  1 00:00:06 buildroot user.info kernel: [    3.393945] g_ether gadget.0: HOST MAC f8:dc:7a:00:00:01
Jan  1 00:00:06 buildroot user.info kernel: [    3.404882] g_ether gadget.0: MAC f8:dc:7a:00:00:02
Jan  1 00:00:06 buildroot user.info kernel: [    3.409929] g_ether gadget.0: Ethernet Gadget, version: Memorial Day 2008
Jan  1 00:00:06 buildroot user.info kernel: [    3.416793] g_ether gadget.0: g_ether ready
Jan  1 00:00:06 buildroot user.info kernel: [    3.428079] omap_gpio 44e07000.gpio: Could not set line 6 debounce to 200000 microseconds (-22)
Jan  1 00:00:06 buildroot user.info kernel: [    3.437061] sdhci-omap 48060000.mmc: Got CD GPIO
Jan  1 00:00:06 buildroot user.warn kernel: [    3.441924] sdhci-omap 48060000.mmc: supply pbias not found, using dummy regulator
Jan  1 00:00:06 buildroot user.warn kernel: [    3.493781] sdhci-omap 48060000.mmc: supply vqmmc not found, using dummy regulator
Jan  1 00:00:06 buildroot user.warn kernel: [    3.502088] sdhci-omap 481d8000.mmc: supply pbias not found, using dummy regulator
Jan  1 00:00:06 buildroot user.warn kernel: [    3.552228] sdhci-omap 481d8000.mmc: supply vqmmc not found, using dummy regulator
Jan  1 00:00:06 buildroot user.info kernel: [    3.603431] at24 0-0050: 32768 byte 24c256 EEPROM, writable, 1 bytes/write
Jan  1 00:00:06 buildroot user.info kernel: [    3.669731] mmc0: SDHCI controller on 48060000.mmc [48060000.mmc] using External DMA
Jan  1 00:00:06 buildroot user.info kernel: [    3.703005] mmc1: SDHCI controller on 481d8000.mmc [481d8000.mmc] using External DMA
Jan  1 00:00:06 buildroot user.info kernel: [    3.775708] mmc1: new high speed MMC card at address 0001
Jan  1 00:00:06 buildroot user.info kernel: [    3.783691] mmcblk1: mmc1:0001 P1XXXX 3.60 GiB
Jan  1 00:00:06 buildroot user.info kernel: [    3.793949]  mmcblk1: p1
Jan  1 00:00:06 buildroot user.info kernel: [    3.799686] mmcblk1boot0: mmc1:0001 P1XXXX 16.0 MiB
Jan  1 00:00:06 buildroot user.info kernel: [    3.809676] mmcblk1boot1: mmc1:0001 P1XXXX 16.0 MiB
Jan  1 00:00:06 buildroot user.info kernel: [    3.819260] mmcblk1rpmb: mmc1:0001 P1XXXX 128 KiB, chardev (236:0)
Jan  1 00:00:06 buildroot user.notice kernel: [    3.943125] IP-Config: Guessing netmask 255.255.255.0
Jan  1 00:00:06 buildroot user.info kernel: [    3.948292] IP-Config: Complete:
Jan  1 00:00:06 buildroot user.info kernel: [    3.951557]      device=usb0, hwaddr=f8:dc:7a:00:00:02, ipaddr=192.168.0.100, mask=255.255.255.0, gw=255.255.255.255
Jan  1 00:00:06 buildroot user.info kernel: [    3.962315]      host=192.168.0.100, domain=, nis-domain=(none)
Jan  1 00:00:06 buildroot user.info kernel: [    3.968531]      bootserver=255.255.255.255, rootserver=192.168.0.1, rootpath=
Jan  1 00:00:06 buildroot user.info kernel: [    3.969551] clk: Disabling unused clocks
Jan  1 00:00:06 buildroot user.info kernel: [    4.021548] VFS: Mounted root (nfs filesystem) on device 0:15.
Jan  1 00:00:06 buildroot user.info kernel: [    4.028599] devtmpfs: mounted
Jan  1 00:00:06 buildroot user.info kernel: [    4.035463] Freeing unused kernel image (initmem) memory: 2048K
Jan  1 00:00:06 buildroot user.info kernel: [    4.042709] Run /sbin/init as init process
Jan  1 00:00:06 buildroot user.debug kernel: [    4.046927]   with arguments:
Jan  1 00:00:06 buildroot user.debug kernel: [    4.046939]     /sbin/init
Jan  1 00:00:06 buildroot user.debug kernel: [    4.046948]   with environment:
Jan  1 00:00:06 buildroot user.debug kernel: [    4.046956]     HOME=/
Jan  1 00:00:06 buildroot user.debug kernel: [    4.046964]     TERM=linux
Jan  1 00:00:07 buildroot authpriv.info dropbear[113]: Running in background
Jan  1 00:00:05 buildroot syslog.info syslogd started: BusyBox v1.31.1
Jan  1 00:00:06 buildroot user.notice kernel: klogd started: BusyBox v1.31.1 (2020-04-07 16:53:21 CEST)
Jan  1 00:00:06 buildroot user.info kernel: [    0.000000] Booting Linux on physical CPU 0x0
Jan  1 00:00:06 buildroot user.notice kernel: [    0.000000] Linux version 6.7.12 (nebu@nebu) (arm-linux-gnueabi-gcc (Ubuntu 9.4.0-1ubuntu1~20.04.2) 9.4.0, GNU ld (GNU Binutils for Ubuntu) 2.34) #10 SMP Sun Aug 18 16:58:14 CEST 2024
Jan  1 00:00:06 buildroot user.info kernel: [    0.000000] CPU: ARMv7 Processor [413fc082] revision 2 (ARMv7), cr=10c5387d
Jan  1 00:00:06 buildroot user.info kernel: [    0.000000] CPU: PIPT / VIPT nonaliasing data cache, VIPT aliasing instruction cache
Jan  1 00:00:06 buildroot user.info kernel: [    0.000000] OF: fdt: Machine model: TI AM335x BeagleBone Black
Jan  1 00:00:06 buildroot user.info kernel: [    0.000000] Memory policy: Data cache writeback
Jan  1 00:00:06 buildroot user.info kernel: [    0.000000] efi: UEFI not found.
Jan  1 00:00:06 buildroot user.info kernel: [    0.000000] cma: Reserved 64 MiB at 0x98800000 on node -1
Jan  1 00:00:06 buildroot user.info kernel: [    0.000000] Zone ranges:
Jan  1 00:00:06 buildroot user.info kernel: [    0.000000]   DMA      [mem 0x0000000080000000-0x000000009fdfffff]
Jan  1 00:00:06 buildroot user.info kernel: [    0.000000]   Normal   empty
Jan  1 00:00:06 buildroot user.info kernel: [    0.000000]   HighMem  empty
Jan  1 00:00:06 buildroot user.info kernel: [    0.000000] Movable zone start for each node
Jan  1 00:00:06 buildroot user.info kernel: [    0.000000] Early memory node ranges
Jan  1 00:00:06 buildroot user.info kernel: [    0.000000]   node   0: [mem 0x0000000080000000-0x000000009fdfffff]
Jan  1 00:00:06 buildroot user.info kernel: [    0.000000] Initmem setup node 0 [mem 0x0000000080000000-0x000000009fdfffff]
Jan  1 00:00:06 buildroot user.info kernel: [    0.000000] CPU: All CPU(s) started in SVC mode.
Jan  1 00:00:06 buildroot user.info kernel: [    0.000000] AM335X ES2.1 (sgx neon)
Jan  1 00:00:06 buildroot user.info kernel: [    0.000000] percpu: Embedded 16 pages/cpu s36180 r8192 d21164 u65536
Jan  1 00:00:06 buildroot user.debug kernel: [    0.000000] pcpu-alloc: s36180 r8192 d21164 u65536 alloc=16*4096
Jan  1 00:00:06 buildroot user.debug kernel: [    0.000000] pcpu-alloc: [0] 0 
Jan  1 00:00:06 buildroot user.notice kernel: [    0.000000] Kernel command line: root=/dev/nfs rw ip=192.168.0.100:::::usb0 console=ttyO0,115200n8 g_ether.dev_addr=f8:dc:7a:00:00:02 g_ether.host_addr=f8:dc:7a:00:00:01 nfsroot=192.168.0.1:/home/ubuntu/nfsroot,nfsvers=3,tcp
Jan  1 00:00:06 buildroot user.info kernel: [    0.000000] Dentry cache hash table entries: 65536 (order: 6, 262144 bytes, linear)
Jan  1 00:00:06 buildroot user.info kernel: [    0.000000] Inode-cache hash table entries: 32768 (order: 5, 131072 bytes, linear)
Jan  1 00:00:06 buildroot user.info kernel: [    0.000000] Built 1 zonelists, mobility grouping on.  Total pages: 129540
Jan  1 00:00:06 buildroot user.info kernel: [    0.000000] mem auto-init: stack:off, heap alloc:off, heap free:off
Jan  1 00:00:06 buildroot user.info kernel: [    0.000000] Memory: 424224K/522240K available (15360K kernel code, 2488K rwdata, 6584K rodata, 2048K init, 418K bss, 32480K reserved, 65536K cma-reserved, 0K highmem)
Jan  1 00:00:06 buildroot user.info kernel: [    0.000000] SLUB: HWalign=64, Order=0-3, MinObjects=0, CPUs=1, Nodes=1
Jan  1 00:00:06 buildroot user.info kernel: [    0.000000] trace event string verifier disabled
Jan  1 00:00:06 buildroot user.info kernel: [    0.000000] rcu: Hierarchical RCU implementation.
Jan  1 00:00:06 buildroot user.info kernel: [    0.000000] rcu: 	RCU event tracing is enabled.
Jan  1 00:00:06 buildroot user.info kernel: [    0.000000] rcu: 	RCU restricting CPUs from NR_CPUS=16 to nr_cpu_ids=1.
Jan  1 00:00:06 buildroot user.info kernel: [    0.000000] rcu: RCU calculated value of scheduler-enlistment delay is 10 jiffies.
Jan  1 00:00:06 buildroot user.info kernel: [    0.000000] rcu: Adjusting geometry for rcu_fanout_leaf=16, nr_cpu_ids=1
Jan  1 00:00:06 buildroot user.info kernel: [    0.000000] NR_IRQS: 16, nr_irqs: 16, preallocated irqs: 16
Jan  1 00:00:06 buildroot user.info kernel: [    0.000000] IRQ: Found an INTC at 0x(ptrval) (revision 5.0) with 128 interrupts
Jan  1 00:00:06 buildroot user.info kernel: [    0.000000] rcu: srcu_init: Setting srcu_struct sizes based on contention.
Jan  1 00:00:06 buildroot user.info kernel: [    0.000000] TI gptimer clocksource: always-on /ocp/interconnect@44c00000/segment@200000/target-module@31000
Jan  1 00:00:06 buildroot user.info kernel: [    0.000002] sched_clock: 32 bits at 24MHz, resolution 41ns, wraps every 89478484971ns
Jan  1 00:00:06 buildroot user.info kernel: [    0.000025] clocksource: dmtimer: mask: 0xffffffff max_cycles: 0xffffffff, max_idle_ns: 79635851949 ns
Jan  1 00:00:06 buildroot user.info kernel: [    0.001035] TI gptimer clockevent: 24000000 Hz at /ocp/interconnect@48000000/segment@0/target-module@40000
Jan  1 00:00:06 buildroot user.info kernel: [    0.005738] Console: colour dummy device 80x30
Jan  1 00:00:06 buildroot user.err kernel: [    0.005791] WARNING: Your 'console=ttyO0' has been replaced by 'ttyS0'
Jan  1 00:00:06 buildroot user.err kernel: [    0.005801] This ensures that you still see kernel messages. Please
Jan  1 00:00:06 buildroot user.err kernel: [    0.005806] update your kernel commandline.
Jan  1 00:00:06 buildroot user.info kernel: [    0.005853] Calibrating delay loop... 996.14 BogoMIPS (lpj=4980736)
Jan  1 00:00:06 buildroot user.info kernel: [    0.091081] CPU: Testing write buffer coherency: ok
Jan  1 00:00:06 buildroot user.info kernel: [    0.091172] CPU0: Spectre v2: using BPIALL workaround
Jan  1 00:00:06 buildroot user.info kernel: [    0.091183] pid_max: default: 32768 minimum: 301
Jan  1 00:00:06 buildroot user.info kernel: [    0.091353] Mount-cache hash table entries: 1024 (order: 0, 4096 bytes, linear)
Jan  1 00:00:06 buildroot user.info kernel: [    0.091372] Mountpoint-cache hash table entries: 1024 (order: 0, 4096 bytes, linear)
Jan  1 00:00:06 buildroot user.info kernel: [    0.092448] CPU0: thread -1, cpu 0, socket -1, mpidr 0
Jan  1 00:00:06 buildroot user.info kernel: [    0.093665] Setting up static identity map for 0x80300000 - 0x803000ac
Jan  1 00:00:06 buildroot user.info kernel: [    0.096295] rcu: Hierarchical SRCU implementation.
Jan  1 00:00:06 buildroot user.info kernel: [    0.096313] rcu: 	Max phase no-delay instances is 1000.
Jan  1 00:00:06 buildroot user.info kernel: [    0.101871] EFI services will not be available.
Jan  1 00:00:06 buildroot user.info kernel: [    0.102176] smp: Bringing up secondary CPUs ...
Jan  1 00:00:06 buildroot user.info kernel: [    0.102225] smp: Brought up 1 node, 1 CPU
Jan  1 00:00:06 buildroot user.info kernel: [    0.102239] SMP: Total of 1 processors activated (996.14 BogoMIPS).
Jan  1 00:00:06 buildroot user.info kernel: [    0.102252] CPU: All CPU(s) started in SVC mode.
Jan  1 00:00:06 buildroot user.info kernel: [    0.103004] devtmpfs: initialized
Jan  1 00:00:06 buildroot user.info kernel: [    0.116756] VFP support v0.3: implementor 41 architecture 3 part 30 variant c rev 3
Jan  1 00:00:06 buildroot user.info kernel: [    0.117159] clocksource: jiffies: mask: 0xffffffff max_cycles: 0xffffffff, max_idle_ns: 19112604462750000 ns
Jan  1 00:00:06 buildroot user.info kernel: [    0.117191] futex hash table entries: 256 (order: 2, 16384 bytes, linear)
Jan  1 00:00:06 buildroot user.info kernel: [    0.122433] pinctrl core: initialized pinctrl subsystem
Jan  1 00:00:06 buildroot user.info kernel: [    0.127393] DMI not present or invalid.
Jan  1 00:00:06 buildroot user.info kernel: [    0.128954] NET: Registered PF_NETLINK/PF_ROUTE protocol family
Jan  1 00:00:06 buildroot user.info kernel: [    0.131720] DMA: preallocated 256 KiB pool for atomic coherent allocations
Jan  1 00:00:06 buildroot user.info kernel: [    0.135588] thermal_sys: Registered thermal governor 'step_wise'
Jan  1 00:00:06 buildroot user.info kernel: [    0.135754] cpuidle: using governor menu
Jan  1 00:00:06 buildroot user.info kernel: [    0.155218] No ATAGs?
Jan  1 00:00:06 buildroot user.info kernel: [    0.155250] hw-breakpoint: debug architecture 0x4 unsupported.
Jan  1 00:00:06 buildroot user.info kernel: [    0.160876] Serial: AMBA PL011 UART driver
Jan  1 00:00:06 buildroot user.info kernel: [    0.185750] iommu: Default domain type: Translated
Jan  1 00:00:06 buildroot user.info kernel: [    0.185782] iommu: DMA domain TLB invalidation policy: strict mode
Jan  1 00:00:06 buildroot user.notice kernel: [    0.187335] SCSI subsystem initialized
Jan  1 00:00:06 buildroot user.debug kernel: [    0.192146] libata version 3.00 loaded.
Jan  1 00:00:06 buildroot user.info kernel: [    0.192489] usbcore: registered new interface driver usbfs
Jan  1 00:00:06 buildroot user.info kernel: [    0.192540] usbcore: registered new interface driver hub
Jan  1 00:00:06 buildroot user.info kernel: [    0.192599] usbcore: registered new device driver usb
Jan  1 00:00:06 buildroot user.info kernel: [    0.193669] pps_core: LinuxPPS API ver. 1 registered
Jan  1 00:00:06 buildroot user.info kernel: [    0.193686] pps_core: Software ver. 5.3.6 - Copyright 2005-2007 Rodolfo Giometti <giometti@linux.it>
Jan  1 00:00:06 buildroot user.info kernel: [    0.193712] PTP clock support registered
Jan  1 00:00:06 buildroot user.info kernel: [    0.193891] EDAC MC: Ver: 3.0.0
Jan  1 00:00:06 buildroot user.info kernel: [    0.201480] scmi_core: SCMI protocol bus registered
Jan  1 00:00:06 buildroot user.info kernel: [    0.211481] vgaarb: loaded
Jan  1 00:00:06 buildroot user.info kernel: [    0.212248] clocksource: Switched to clocksource dmtimer
Jan  1 00:00:06 buildroot user.info kernel: [    0.234798] NET: Registered PF_INET protocol family
Jan  1 00:00:06 buildroot user.info kernel: [    0.235112] IP idents hash table entries: 8192 (order: 4, 65536 bytes, linear)
Jan  1 00:00:06 buildroot user.info kernel: [    0.236266] tcp_listen_portaddr_hash hash table entries: 512 (order: 0, 4096 bytes, linear)
Jan  1 00:00:06 buildroot user.info kernel: [    0.236303] Table-perturb hash table entries: 65536 (order: 6, 262144 bytes, linear)
Jan  1 00:00:06 buildroot user.info kernel: [    0.236319] TCP established hash table entries: 4096 (order: 2, 16384 bytes, linear)
Jan  1 00:00:06 buildroot user.info kernel: [    0.236365] TCP bind hash table entries: 4096 (order: 4, 65536 bytes, linear)
Jan  1 00:00:06 buildroot user.info kernel: [    0.236467] TCP: Hash tables configured (established 4096 bind 4096)
Jan  1 00:00:06 buildroot user.info kernel: [    0.236586] UDP hash table entries: 256 (order: 1, 8192 bytes, linear)
Jan  1 00:00:06 buildroot user.info kernel: [    0.236614] UDP-Lite hash table entries: 256 (order: 1, 8192 bytes, linear)
Jan  1 00:00:06 buildroot user.info kernel: [    0.236781] NET: Registered PF_UNIX/PF_LOCAL protocol family
Jan  1 00:00:06 buildroot user.info kernel: [    0.237745] RPC: Registered named UNIX socket transport module.
Jan  1 00:00:06 buildroot user.info kernel: [    0.237768] RPC: Registered udp transport module.
Jan  1 00:00:06 buildroot user.info kernel: [    0.237774] RPC: Registered tcp transport module.
Jan  1 00:00:06 buildroot user.info kernel: [    0.237780] RPC: Registered tcp-with-tls transport module.
Jan  1 00:00:06 buildroot user.info kernel: [    0.237785] RPC: Registered tcp NFSv4.1 backchannel transport module.
Jan  1 00:00:06 buildroot user.info kernel: [    0.237805] PCI: CLS 0 bytes, default 64
Jan  1 00:00:06 buildroot user.notice kernel: [    0.239482] Initialise system trusted keyrings
Jan  1 00:00:06 buildroot user.info kernel: [    0.252345] workingset: timestamp_bits=30 max_order=17 bucket_order=0
Jan  1 00:00:06 buildroot user.info kernel: [    0.252852] squashfs: version 4.0 (2009/01/31) Phillip Lougher
Jan  1 00:00:06 buildroot user.notice kernel: [    0.253356] NFS: Registering the id_resolver key type
Jan  1 00:00:06 buildroot user.notice kernel: [    0.253415] Key type id_resolver registered
Jan  1 00:00:06 buildroot user.notice kernel: [    0.253423] Key type id_legacy registered
Jan  1 00:00:06 buildroot user.info kernel: [    0.253459] nfs4filelayout_init: NFSv4 File Layout Driver Registering...
Jan  1 00:00:06 buildroot user.info kernel: [    0.253470] nfs4flexfilelayout_init: NFSv4 Flexfile Layout Driver Registering...
Jan  1 00:00:06 buildroot user.info kernel: [    0.253507] ntfs: driver 2.1.32 [Flags: R/O].
Jan  1 00:00:06 buildroot user.notice kernel: [    0.254006] Key type asymmetric registered
Jan  1 00:00:06 buildroot user.notice kernel: [    0.254024] Asymmetric key parser 'x509' registered
Jan  1 00:00:06 buildroot user.info kernel: [    0.254121] Block layer SCSI generic (bsg) driver version 0.4 loaded (major 246)
Jan  1 00:00:06 buildroot user.info kernel: [    0.254134] io scheduler mq-deadline registered
Jan  1 00:00:06 buildroot user.info kernel: [    0.254144] io scheduler kyber registered
Jan  1 00:00:06 buildroot user.info kernel: [    0.254186] io scheduler bfq registered
Jan  1 00:00:06 buildroot user.info kernel: [    0.431163] Serial: 8250/16550 driver, 5 ports, IRQ sharing enabled
Jan  1 00:00:06 buildroot user.info kernel: [    0.448854] msm_serial: driver initialized
Jan  1 00:00:06 buildroot user.info kernel: [    0.449134] SuperH (H)SCI(F) driver initialized
Jan  1 00:00:06 buildroot user.info kernel: [    0.449302] STMicroelectronics ASC driver initialized
Jan  1 00:00:06 buildroot user.info kernel: [    0.449408] STM32 USART driver initialized
Jan  1 00:00:06 buildroot user.info kernel: [    0.490750] brd: module loaded
Jan  1 00:00:06 buildroot user.info kernel: [    0.509383] loop: module loaded
Jan  1 00:00:06 buildroot user.info kernel: [    0.520546] CAN device driver interface
Jan  1 00:00:06 buildroot user.info kernel: [    0.521284] bgmac_bcma: Broadcom 47xx GBit MAC driver loaded
Jan  1 00:00:06 buildroot user.info kernel: [    0.522060] e1000e: Intel(R) PRO/1000 Network Driver
Jan  1 00:00:06 buildroot user.info kernel: [    0.522071] e1000e: Copyright(c) 1999 - 2015 Intel Corporation.
Jan  1 00:00:06 buildroot user.info kernel: [    0.522120] igb: Intel(R) Gigabit Ethernet Network Driver
Jan  1 00:00:06 buildroot user.info kernel: [    0.522128] igb: Copyright (c) 2007-2014 Intel Corporation.
Jan  1 00:00:06 buildroot user.info kernel: [    0.525110] pegasus: Pegasus/Pegasus II USB Ethernet driver
Jan  1 00:00:06 buildroot user.info kernel: [    0.525177] usbcore: registered new interface driver pegasus
Jan  1 00:00:06 buildroot user.info kernel: [    0.525216] usbcore: registered new interface driver asix
Jan  1 00:00:06 buildroot user.info kernel: [    0.525252] usbcore: registered new interface driver ax88179_178a
Jan  1 00:00:06 buildroot user.info kernel: [    0.525287] usbcore: registered new interface driver cdc_ether
Jan  1 00:00:06 buildroot user.info kernel: [    0.525321] usbcore: registered new interface driver smsc75xx
Jan  1 00:00:06 buildroot user.info kernel: [    0.525366] usbcore: registered new interface driver smsc95xx
Jan  1 00:00:06 buildroot user.info kernel: [    0.525403] usbcore: registered new interface driver net1080
Jan  1 00:00:06 buildroot user.info kernel: [    0.525439] usbcore: registered new interface driver cdc_subset
Jan  1 00:00:06 buildroot user.info kernel: [    0.525475] usbcore: registered new interface driver zaurus
Jan  1 00:00:06 buildroot user.info kernel: [    0.525542] usbcore: registered new interface driver cdc_ncm
Jan  1 00:00:06 buildroot user.info kernel: [    0.528847] usbcore: registered new interface driver usb-storage
Jan  1 00:00:06 buildroot user.info kernel: [    0.530333] UDC core: g_ether: couldn't find an available UDC
Jan  1 00:00:06 buildroot user.info kernel: [    0.533528] i2c_dev: i2c /dev entries driver
Jan  1 00:00:06 buildroot user.notice kernel: [    0.546384] cpuidle: enable-method property 'ti,am3352' found operations
Jan  1 00:00:06 buildroot user.info kernel: [    0.548481] sdhci: Secure Digital Host Controller Interface driver
Jan  1 00:00:06 buildroot user.info kernel: [    0.548503] sdhci: Copyright(c) Pierre Ossman
Jan  1 00:00:06 buildroot user.info kernel: [    0.549954] Synopsys Designware Multimedia Card Interface Driver
Jan  1 00:00:06 buildroot user.info kernel: [    0.551204] sdhci-pltfm: SDHCI platform and OF driver helper
Jan  1 00:00:06 buildroot user.info kernel: [    0.594125] ledtrig-cpu: registered to indicate activity on CPUs
Jan  1 00:00:06 buildroot user.info kernel: [    0.597028] usbcore: registered new interface driver usbhid
Jan  1 00:00:06 buildroot user.info kernel: [    0.597056] usbhid: USB HID core driver
Jan  1 00:00:06 buildroot user.info kernel: [    0.603771] NET: Registered PF_INET6 protocol family
Jan  1 00:00:06 buildroot user.info kernel: [    0.620484] Segment Routing with IPv6
Jan  1 00:00:06 buildroot user.info kernel: [    0.620569] In-situ OAM (IOAM) with IPv6
Jan  1 00:00:06 buildroot user.info kernel: [    0.620668] sit: IPv6, IPv4 and MPLS over IPv4 tunneling driver
Jan  1 00:00:06 buildroot user.info kernel: [    0.621560] NET: Registered PF_PACKET protocol family
Jan  1 00:00:06 buildroot user.info kernel: [    0.621582] can: controller area network core
Jan  1 00:00:06 buildroot user.info kernel: [    0.621670] NET: Registered PF_CAN protocol family
Jan  1 00:00:06 buildroot user.info kernel: [    0.621683] can: raw protocol
Jan  1 00:00:06 buildroot user.info kernel: [    0.621695] can: broadcast manager protocol
Jan  1 00:00:06 buildroot user.info kernel: [    0.621708] can: netlink gateway - max_hops=1
Jan  1 00:00:06 buildroot user.notice kernel: [    0.622511] Key type dns_resolver registered
Jan  1 00:00:06 buildroot user.info kernel: [    0.622936] ThumbEE CPU extension supported.
Jan  1 00:00:06 buildroot user.notice kernel: [    0.622965] Registering SWP/SWPB emulation handler
Jan  1 00:00:06 buildroot user.err kernel: [    0.623411] omap_voltage_late_init: Voltage driver support not added
Jan  1 00:00:06 buildroot user.notice kernel: [    0.666273] Loading compiled-in X.509 certificates
Jan  1 00:00:06 buildroot user.info kernel: [    0.724002] platform 44e10800.pinmux: Fixed dependency cycle(s) with /ocp/interconnect@44c00000/segment@200000/target-module@10000/scm@0/pinmux@800/clkout2-pins
Jan  1 00:00:06 buildroot user.info kernel: [    0.725505] pinctrl-single 44e10800.pinmux: 142 pins, size 568
Jan  1 00:00:06 buildroot user.warn kernel: [    0.741901] ti-sysc: probe of 44e31000.target-module failed with error -16
Jan  1 00:00:06 buildroot user.warn kernel: [    0.800666] ti-sysc: probe of 48040000.target-module failed with error -16
Jan  1 00:00:06 buildroot user.info kernel: [    0.883972] OMAP GPIO hardware version 0.1
Jan  1 00:00:06 buildroot user.info kernel: [    0.895338] omap-mailbox 480c8000.mailbox: omap mailbox rev 0x400
Jan  1 00:00:06 buildroot user.warn kernel: [    0.938137] at24 2-0054: supply vcc not found, using dummy regulator
Jan  1 00:00:06 buildroot user.warn kernel: [    1.012897] at24 2-0055: supply vcc not found, using dummy regulator
Jan  1 00:00:06 buildroot user.warn kernel: [    1.084900] at24 2-0056: supply vcc not found, using dummy regulator
Jan  1 00:00:06 buildroot user.warn kernel: [    1.147071] at24 2-0057: supply vcc not found, using dummy regulator
Jan  1 00:00:06 buildroot user.info kernel: [    1.218534] omap_i2c 4819c000.i2c: bus 2 rev0.11 at 100 kHz
Jan  1 00:00:06 buildroot user.info kernel: [    1.266619] platform 4830e000.lcdc: Fixed dependency cycle(s) with /ocp/interconnect@44c00000/segment@200000/target-module@b000/i2c@0/tda19988@70
Jan  1 00:00:06 buildroot user.warn kernel: [    1.279635] sdhci-omap 481d8000.mmc: supply pbias not found, using dummy regulator
Jan  1 00:00:06 buildroot user.warn kernel: [    1.280126] sdhci-omap 481d8000.mmc: supply vqmmc not found, using dummy regulator
Jan  1 00:00:06 buildroot user.info kernel: [    1.330308] omap_rng 48310000.rng: Random Number Generator ver. 20
Jan  1 00:00:06 buildroot user.notice kernel: [    1.349547] random: crng init done
Jan  1 00:00:06 buildroot user.info kernel: [    1.414911] davinci_mdio 4a101000.mdio: davinci mdio revision 1.6, bus freq 1000000
Jan  1 00:00:06 buildroot user.info kernel: [    1.582445] davinci_mdio 4a101000.mdio: phy[0]: device 4a101000.mdio:00, driver SMSC LAN8710/LAN8720
Jan  1 00:00:06 buildroot user.info kernel: [    1.582896] cpsw-switch 4a100000.switch: initialized cpsw ale version 1.4
Jan  1 00:00:06 buildroot user.info kernel: [    1.582915] cpsw-switch 4a100000.switch: ALE Table size 1024
Jan  1 00:00:06 buildroot user.info kernel: [    1.583043] cpsw-switch 4a100000.switch: cpts: overflow check period 500 (jiffies)
Jan  1 00:00:06 buildroot user.info kernel: [    1.583059] cpsw-switch 4a100000.switch: CPTS: ref_clk_freq:250000000 calc_mult:2147483648 calc_shift:29 error:0 nsec/sec
Jan  1 00:00:06 buildroot user.info kernel: [    1.583131] cpsw-switch 4a100000.switch: Detected MACID = c8:df:84:b5:9c:73
Jan  1 00:00:06 buildroot user.notice kernel: [    1.584726] cpsw-switch 4a100000.switch: initialized (regs 0x4a100000, pool size 256) hw_ver:0019010C 1.12 (0)
Jan  1 00:00:06 buildroot user.err kernel: [    1.603912] debugfs: Directory '49000000.dma' with parent 'dmaengine' already present!
Jan  1 00:00:06 buildroot user.info kernel: [    1.603960] edma 49000000.dma: TI EDMA DMA engine driver
Jan  1 00:00:06 buildroot user.warn kernel: [    1.617085] am335x-phy-driver 47401300.usb-phy: dummy supplies not allowed for exclusive requests
Jan  1 00:00:06 buildroot user.warn kernel: [    1.655948] am335x-phy-driver 47401b00.usb-phy: dummy supplies not allowed for exclusive requests
Jan  1 00:00:06 buildroot user.info kernel: [    1.743216] hw perfevents: enabled with armv7_cortex_a8 PMU driver, 5 counters available
Jan  1 00:00:06 buildroot user.err kernel: [    1.757469] l3-aon-clkctrl:0000:0: failed to disable
Jan  1 00:00:06 buildroot user.info kernel: [    1.762440] 44e09000.serial: ttyS0 at MMIO 0x44e09000 (irq = 38, base_baud = 3000000) is a 8250
Jan  1 00:00:06 buildroot user.info kernel: [    1.762542] printk: legacy console [ttyS0] enabled
Jan  1 00:00:06 buildroot user.warn kernel: [    3.224197] tps65217-pmic: Failed to locate of_node [id: -1]
Jan  1 00:00:06 buildroot user.warn kernel: [    3.231320] tps65217-bl: Failed to locate of_node [id: -1]
Jan  1 00:00:06 buildroot user.info kernel: [    3.356639] tps65217 0-0024: TPS65217 ID 0xe version 1.2
Jan  1 00:00:06 buildroot user.info kernel: [    3.363243] platform 4830e000.lcdc: Fixed dependency cycle(s) with /ocp/interconnect@44c00000/segment@200000/target-module@b000/i2c@0/tda19988@70
Jan  1 00:00:06 buildroot user.info kernel: [    3.376669] i2c 0-0070: Fixed dependency cycle(s) with /ocp/interconnect@48000000/segment@300000/target-module@e000/lcdc@0
Jan  1 00:00:06 buildroot user.info kernel: [    3.388265] omap_i2c 44e0b000.i2c: bus 0 rev0.11 at 400 kHz
Jan  1 00:00:06 buildroot user.info kernel: [    3.409920] using host ethernet address: f8:dc:7a:00:00:01
Jan  1 00:00:06 buildroot user.info kernel: [    3.409955] using self ethernet address: f8:dc:7a:00:00:02
Jan  1 00:00:06 buildroot user.info kernel: [    3.416514] g_ether gadget.0: HOST MAC f8:dc:7a:00:00:01
Jan  1 00:00:06 buildroot user.info kernel: [    3.427457] g_ether gadget.0: MAC f8:dc:7a:00:00:02
Jan  1 00:00:06 buildroot user.info kernel: [    3.432541] g_ether gadget.0: Ethernet Gadget, version: Memorial Day 2008
Jan  1 00:00:06 buildroot user.info kernel: [    3.439375] g_ether gadget.0: g_ether ready
Jan  1 00:00:06 buildroot user.info kernel: [    3.448934] omap_gpio 44e07000.gpio: Could not set line 6 debounce to 200000 microseconds (-22)
Jan  1 00:00:06 buildroot user.info kernel: [    3.457883] sdhci-omap 48060000.mmc: Got CD GPIO
Jan  1 00:00:06 buildroot user.warn kernel: [    3.462765] sdhci-omap 48060000.mmc: supply pbias not found, using dummy regulator
Jan  1 00:00:06 buildroot user.warn kernel: [    3.522610] sdhci-omap 48060000.mmc: supply vqmmc not found, using dummy regulator
Jan  1 00:00:06 buildroot user.warn kernel: [    3.530874] sdhci-omap 481d8000.mmc: supply pbias not found, using dummy regulator
Jan  1 00:00:06 buildroot user.warn kernel: [    3.567467] sdhci-omap 481d8000.mmc: supply vqmmc not found, using dummy regulator
Jan  1 00:00:06 buildroot user.info kernel: [    3.672517] at24 0-0050: 32768 byte 24c256 EEPROM, writable, 1 bytes/write
Jan  1 00:00:06 buildroot user.info kernel: [    3.737658] mmc0: SDHCI controller on 48060000.mmc [48060000.mmc] using External DMA
Jan  1 00:00:06 buildroot user.info kernel: [    3.771252] mmc1: SDHCI controller on 481d8000.mmc [481d8000.mmc] using External DMA
Jan  1 00:00:06 buildroot user.info kernel: [    3.844870] mmc1: new high speed MMC card at address 0001
Jan  1 00:00:06 buildroot user.info kernel: [    3.852822] mmcblk1: mmc1:0001 P1XXXX 3.60 GiB
Jan  1 00:00:06 buildroot user.info kernel: [    3.863862]  mmcblk1: p1
Jan  1 00:00:06 buildroot user.info kernel: [    3.869504] mmcblk1boot0: mmc1:0001 P1XXXX 16.0 MiB
Jan  1 00:00:06 buildroot user.info kernel: [    3.879491] mmcblk1boot1: mmc1:0001 P1XXXX 16.0 MiB
Jan  1 00:00:06 buildroot user.info kernel: [    3.886376] mmcblk1rpmb: mmc1:0001 P1XXXX 128 KiB, chardev (236:0)
Jan  1 00:00:06 buildroot user.notice kernel: [    3.952515] IP-Config: Guessing netmask 255.255.255.0
Jan  1 00:00:06 buildroot user.info kernel: [    3.957683] IP-Config: Complete:
Jan  1 00:00:06 buildroot user.info kernel: [    3.960948]      device=usb0, hwaddr=f8:dc:7a:00:00:02, ipaddr=192.168.0.100, mask=255.255.255.0, gw=255.255.255.255
Jan  1 00:00:06 buildroot user.info kernel: [    3.971686]      host=192.168.0.100, domain=, nis-domain=(none)
Jan  1 00:00:06 buildroot user.info kernel: [    3.977733]      bootserver=255.255.255.255, rootserver=192.168.0.1, rootpath=
Jan  1 00:00:06 buildroot user.info kernel: [    3.978684] clk: Disabling unused clocks
Jan  1 00:00:06 buildroot user.info kernel: [    4.048246] VFS: Mounted root (nfs filesystem) on device 0:15.
Jan  1 00:00:06 buildroot user.info kernel: [    4.055292] devtmpfs: mounted
Jan  1 00:00:06 buildroot user.info kernel: [    4.063347] Freeing unused kernel image (initmem) memory: 2048K
Jan  1 00:00:06 buildroot user.info kernel: [    4.071006] Run /sbin/init as init process
Jan  1 00:00:06 buildroot user.debug kernel: [    4.075256]   with arguments:
Jan  1 00:00:06 buildroot user.debug kernel: [    4.075269]     /sbin/init
Jan  1 00:00:06 buildroot user.debug kernel: [    4.075281]   with environment:
Jan  1 00:00:06 buildroot user.debug kernel: [    4.075291]     HOME=/
Jan  1 00:00:06 buildroot user.debug kernel: [    4.075301]     TERM=linux
Jan  1 00:00:05 buildroot syslog.info syslogd started: BusyBox v1.31.1
Jan  1 00:00:06 buildroot user.notice kernel: klogd started: BusyBox v1.31.1 (2020-04-07 16:53:21 CEST)
Jan  1 00:00:06 buildroot user.info kernel: [    0.000000] Booting Linux on physical CPU 0x0
Jan  1 00:00:06 buildroot user.notice kernel: [    0.000000] Linux version 6.7.12 (nebu@nebu) (arm-linux-gnueabi-gcc (Ubuntu 9.4.0-1ubuntu1~20.04.2) 9.4.0, GNU ld (GNU Binutils for Ubuntu) 2.34) #10 SMP Sun Aug 18 16:58:14 CEST 2024
Jan  1 00:00:06 buildroot user.info kernel: [    0.000000] CPU: ARMv7 Processor [413fc082] revision 2 (ARMv7), cr=10c5387d
Jan  1 00:00:06 buildroot user.info kernel: [    0.000000] CPU: PIPT / VIPT nonaliasing data cache, VIPT aliasing instruction cache
Jan  1 00:00:06 buildroot user.info kernel: [    0.000000] OF: fdt: Machine model: TI AM335x BeagleBone Black
Jan  1 00:00:06 buildroot user.info kernel: [    0.000000] Memory policy: Data cache writeback
Jan  1 00:00:06 buildroot user.info kernel: [    0.000000] efi: UEFI not found.
Jan  1 00:00:06 buildroot user.info kernel: [    0.000000] cma: Reserved 64 MiB at 0x98800000 on node -1
Jan  1 00:00:06 buildroot user.info kernel: [    0.000000] Zone ranges:
Jan  1 00:00:06 buildroot user.info kernel: [    0.000000]   DMA      [mem 0x0000000080000000-0x000000009fdfffff]
Jan  1 00:00:06 buildroot user.info kernel: [    0.000000]   Normal   empty
Jan  1 00:00:06 buildroot user.info kernel: [    0.000000]   HighMem  empty
Jan  1 00:00:06 buildroot user.info kernel: [    0.000000] Movable zone start for each node
Jan  1 00:00:06 buildroot user.info kernel: [    0.000000] Early memory node ranges
Jan  1 00:00:06 buildroot user.info kernel: [    0.000000]   node   0: [mem 0x0000000080000000-0x000000009fdfffff]
Jan  1 00:00:06 buildroot user.info kernel: [    0.000000] Initmem setup node 0 [mem 0x0000000080000000-0x000000009fdfffff]
Jan  1 00:00:06 buildroot user.info kernel: [    0.000000] CPU: All CPU(s) started in SVC mode.
Jan  1 00:00:06 buildroot user.info kernel: [    0.000000] AM335X ES2.1 (sgx neon)
Jan  1 00:00:06 buildroot user.info kernel: [    0.000000] percpu: Embedded 16 pages/cpu s36180 r8192 d21164 u65536
Jan  1 00:00:06 buildroot user.debug kernel: [    0.000000] pcpu-alloc: s36180 r8192 d21164 u65536 alloc=16*4096
Jan  1 00:00:06 buildroot user.debug kernel: [    0.000000] pcpu-alloc: [0] 0 
Jan  1 00:00:06 buildroot user.notice kernel: [    0.000000] Kernel command line: root=/dev/nfs rw ip=192.168.0.100:::::usb0 console=ttyO0,115200n8 g_ether.dev_addr=f8:dc:7a:00:00:02 g_ether.host_addr=f8:dc:7a:00:00:01 nfsroot=192.168.0.1:/home/ubuntu/nfsroot,nfsvers=3,tcp
Jan  1 00:00:06 buildroot user.info kernel: [    0.000000] Dentry cache hash table entries: 65536 (order: 6, 262144 bytes, linear)
Jan  1 00:00:06 buildroot user.info kernel: [    0.000000] Inode-cache hash table entries: 32768 (order: 5, 131072 bytes, linear)
Jan  1 00:00:06 buildroot user.info kernel: [    0.000000] Built 1 zonelists, mobility grouping on.  Total pages: 129540
Jan  1 00:00:06 buildroot user.info kernel: [    0.000000] mem auto-init: stack:off, heap alloc:off, heap free:off
Jan  1 00:00:06 buildroot user.info kernel: [    0.000000] Memory: 424224K/522240K available (15360K kernel code, 2488K rwdata, 6584K rodata, 2048K init, 418K bss, 32480K reserved, 65536K cma-reserved, 0K highmem)
Jan  1 00:00:06 buildroot user.info kernel: [    0.000000] SLUB: HWalign=64, Order=0-3, MinObjects=0, CPUs=1, Nodes=1
Jan  1 00:00:06 buildroot user.info kernel: [    0.000000] trace event string verifier disabled
Jan  1 00:00:06 buildroot user.info kernel: [    0.000000] rcu: Hierarchical RCU implementation.
Jan  1 00:00:06 buildroot user.info kernel: [    0.000000] rcu: 	RCU event tracing is enabled.
Jan  1 00:00:06 buildroot user.info kernel: [    0.000000] rcu: 	RCU restricting CPUs from NR_CPUS=16 to nr_cpu_ids=1.
Jan  1 00:00:06 buildroot user.info kernel: [    0.000000] rcu: RCU calculated value of scheduler-enlistment delay is 10 jiffies.
Jan  1 00:00:06 buildroot user.info kernel: [    0.000000] rcu: Adjusting geometry for rcu_fanout_leaf=16, nr_cpu_ids=1
Jan  1 00:00:06 buildroot user.info kernel: [    0.000000] NR_IRQS: 16, nr_irqs: 16, preallocated irqs: 16
Jan  1 00:00:06 buildroot user.info kernel: [    0.000000] IRQ: Found an INTC at 0x(ptrval) (revision 5.0) with 128 interrupts
Jan  1 00:00:06 buildroot user.info kernel: [    0.000000] rcu: srcu_init: Setting srcu_struct sizes based on contention.
Jan  1 00:00:06 buildroot user.info kernel: [    0.000000] TI gptimer clocksource: always-on /ocp/interconnect@44c00000/segment@200000/target-module@31000
Jan  1 00:00:06 buildroot user.info kernel: [    0.000002] sched_clock: 32 bits at 24MHz, resolution 41ns, wraps every 89478484971ns
Jan  1 00:00:06 buildroot user.info kernel: [    0.000026] clocksource: dmtimer: mask: 0xffffffff max_cycles: 0xffffffff, max_idle_ns: 79635851949 ns
Jan  1 00:00:06 buildroot user.info kernel: [    0.001038] TI gptimer clockevent: 24000000 Hz at /ocp/interconnect@48000000/segment@0/target-module@40000
Jan  1 00:00:06 buildroot user.info kernel: [    0.005744] Console: colour dummy device 80x30
Jan  1 00:00:06 buildroot user.err kernel: [    0.005797] WARNING: Your 'console=ttyO0' has been replaced by 'ttyS0'
Jan  1 00:00:06 buildroot user.err kernel: [    0.005805] This ensures that you still see kernel messages. Please
Jan  1 00:00:06 buildroot user.err kernel: [    0.005811] update your kernel commandline.
Jan  1 00:00:06 buildroot user.info kernel: [    0.005856] Calibrating delay loop... 996.14 BogoMIPS (lpj=4980736)
Jan  1 00:00:06 buildroot user.info kernel: [    0.091148] CPU: Testing write buffer coherency: ok
Jan  1 00:00:06 buildroot user.info kernel: [    0.091227] CPU0: Spectre v2: using BPIALL workaround
Jan  1 00:00:06 buildroot user.info kernel: [    0.091237] pid_max: default: 32768 minimum: 301
Jan  1 00:00:06 buildroot user.info kernel: [    0.091409] Mount-cache hash table entries: 1024 (order: 0, 4096 bytes, linear)
Jan  1 00:00:06 buildroot user.info kernel: [    0.091433] Mountpoint-cache hash table entries: 1024 (order: 0, 4096 bytes, linear)
Jan  1 00:00:06 buildroot user.info kernel: [    0.092506] CPU0: thread -1, cpu 0, socket -1, mpidr 0
Jan  1 00:00:06 buildroot user.info kernel: [    0.093724] Setting up static identity map for 0x80300000 - 0x803000ac
Jan  1 00:00:06 buildroot user.info kernel: [    0.096353] rcu: Hierarchical SRCU implementation.
Jan  1 00:00:06 buildroot user.info kernel: [    0.096374] rcu: 	Max phase no-delay instances is 1000.
Jan  1 00:00:06 buildroot user.info kernel: [    0.101938] EFI services will not be available.
Jan  1 00:00:06 buildroot user.info kernel: [    0.102238] smp: Bringing up secondary CPUs ...
Jan  1 00:00:06 buildroot user.info kernel: [    0.102283] smp: Brought up 1 node, 1 CPU
Jan  1 00:00:06 buildroot user.info kernel: [    0.102299] SMP: Total of 1 processors activated (996.14 BogoMIPS).
Jan  1 00:00:06 buildroot user.info kernel: [    0.102311] CPU: All CPU(s) started in SVC mode.
Jan  1 00:00:06 buildroot user.info kernel: [    0.103056] devtmpfs: initialized
Jan  1 00:00:06 buildroot user.info kernel: [    0.116765] VFP support v0.3: implementor 41 architecture 3 part 30 variant c rev 3
Jan  1 00:00:06 buildroot user.info kernel: [    0.117166] clocksource: jiffies: mask: 0xffffffff max_cycles: 0xffffffff, max_idle_ns: 19112604462750000 ns
Jan  1 00:00:06 buildroot user.info kernel: [    0.117199] futex hash table entries: 256 (order: 2, 16384 bytes, linear)
Jan  1 00:00:06 buildroot user.info kernel: [    0.122429] pinctrl core: initialized pinctrl subsystem
Jan  1 00:00:06 buildroot user.info kernel: [    0.127346] DMI not present or invalid.
Jan  1 00:00:06 buildroot user.info kernel: [    0.128905] NET: Registered PF_NETLINK/PF_ROUTE protocol family
Jan  1 00:00:06 buildroot user.info kernel: [    0.131653] DMA: preallocated 256 KiB pool for atomic coherent allocations
Jan  1 00:00:06 buildroot user.info kernel: [    0.135514] thermal_sys: Registered thermal governor 'step_wise'
Jan  1 00:00:06 buildroot user.info kernel: [    0.135685] cpuidle: using governor menu
Jan  1 00:00:06 buildroot user.info kernel: [    0.155096] No ATAGs?
Jan  1 00:00:06 buildroot user.info kernel: [    0.155129] hw-breakpoint: debug architecture 0x4 unsupported.
Jan  1 00:00:06 buildroot user.info kernel: [    0.160730] Serial: AMBA PL011 UART driver
Jan  1 00:00:06 buildroot user.info kernel: [    0.186487] iommu: Default domain type: Translated
Jan  1 00:00:06 buildroot user.info kernel: [    0.186516] iommu: DMA domain TLB invalidation policy: strict mode
Jan  1 00:00:06 buildroot user.notice kernel: [    0.188066] SCSI subsystem initialized
Jan  1 00:00:06 buildroot user.debug kernel: [    0.189265] libata version 3.00 loaded.
Jan  1 00:00:06 buildroot user.info kernel: [    0.189601] usbcore: registered new interface driver usbfs
Jan  1 00:00:06 buildroot user.info kernel: [    0.189653] usbcore: registered new interface driver hub
Jan  1 00:00:06 buildroot user.info kernel: [    0.189710] usbcore: registered new device driver usb
Jan  1 00:00:06 buildroot user.info kernel: [    0.190757] pps_core: LinuxPPS API ver. 1 registered
Jan  1 00:00:06 buildroot user.info kernel: [    0.190775] pps_core: Software ver. 5.3.6 - Copyright 2005-2007 Rodolfo Giometti <giometti@linux.it>
Jan  1 00:00:06 buildroot user.info kernel: [    0.190800] PTP clock support registered
Jan  1 00:00:06 buildroot user.info kernel: [    0.190982] EDAC MC: Ver: 3.0.0
Jan  1 00:00:06 buildroot user.info kernel: [    0.201597] scmi_core: SCMI protocol bus registered
Jan  1 00:00:06 buildroot user.info kernel: [    0.212067] vgaarb: loaded
Jan  1 00:00:06 buildroot user.info kernel: [    0.212855] clocksource: Switched to clocksource dmtimer
Jan  1 00:00:06 buildroot user.info kernel: [    0.236070] NET: Registered PF_INET protocol family
Jan  1 00:00:06 buildroot user.info kernel: [    0.236376] IP idents hash table entries: 8192 (order: 4, 65536 bytes, linear)
Jan  1 00:00:06 buildroot user.info kernel: [    0.237521] tcp_listen_portaddr_hash hash table entries: 512 (order: 0, 4096 bytes, linear)
Jan  1 00:00:06 buildroot user.info kernel: [    0.237559] Table-perturb hash table entries: 65536 (order: 6, 262144 bytes, linear)
Jan  1 00:00:06 buildroot user.info kernel: [    0.237576] TCP established hash table entries: 4096 (order: 2, 16384 bytes, linear)
Jan  1 00:00:06 buildroot user.info kernel: [    0.237621] TCP bind hash table entries: 4096 (order: 4, 65536 bytes, linear)
Jan  1 00:00:06 buildroot user.info kernel: [    0.237723] TCP: Hash tables configured (established 4096 bind 4096)
Jan  1 00:00:06 buildroot user.info kernel: [    0.237843] UDP hash table entries: 256 (order: 1, 8192 bytes, linear)
Jan  1 00:00:06 buildroot user.info kernel: [    0.237871] UDP-Lite hash table entries: 256 (order: 1, 8192 bytes, linear)
Jan  1 00:00:06 buildroot user.info kernel: [    0.238035] NET: Registered PF_UNIX/PF_LOCAL protocol family
Jan  1 00:00:06 buildroot user.info kernel: [    0.239002] RPC: Registered named UNIX socket transport module.
Jan  1 00:00:06 buildroot user.info kernel: [    0.239025] RPC: Registered udp transport module.
Jan  1 00:00:06 buildroot user.info kernel: [    0.239031] RPC: Registered tcp transport module.
Jan  1 00:00:06 buildroot user.info kernel: [    0.239037] RPC: Registered tcp-with-tls transport module.
Jan  1 00:00:06 buildroot user.info kernel: [    0.239043] RPC: Registered tcp NFSv4.1 backchannel transport module.
Jan  1 00:00:06 buildroot user.info kernel: [    0.239063] PCI: CLS 0 bytes, default 64
Jan  1 00:00:06 buildroot user.notice kernel: [    0.240736] Initialise system trusted keyrings
Jan  1 00:00:06 buildroot user.info kernel: [    0.253253] workingset: timestamp_bits=30 max_order=17 bucket_order=0
Jan  1 00:00:06 buildroot user.info kernel: [    0.253752] squashfs: version 4.0 (2009/01/31) Phillip Lougher
Jan  1 00:00:06 buildroot user.notice kernel: [    0.254263] NFS: Registering the id_resolver key type
Jan  1 00:00:06 buildroot user.notice kernel: [    0.254323] Key type id_resolver registered
Jan  1 00:00:06 buildroot user.notice kernel: [    0.254330] Key type id_legacy registered
Jan  1 00:00:06 buildroot user.info kernel: [    0.254365] nfs4filelayout_init: NFSv4 File Layout Driver Registering...
Jan  1 00:00:06 buildroot user.info kernel: [    0.254375] nfs4flexfilelayout_init: NFSv4 Flexfile Layout Driver Registering...
Jan  1 00:00:06 buildroot user.info kernel: [    0.254411] ntfs: driver 2.1.32 [Flags: R/O].
Jan  1 00:00:06 buildroot user.notice kernel: [    0.254902] Key type asymmetric registered
Jan  1 00:00:06 buildroot user.notice kernel: [    0.254919] Asymmetric key parser 'x509' registered
Jan  1 00:00:06 buildroot user.info kernel: [    0.255015] Block layer SCSI generic (bsg) driver version 0.4 loaded (major 246)
Jan  1 00:00:06 buildroot user.info kernel: [    0.255029] io scheduler mq-deadline registered
Jan  1 00:00:06 buildroot user.info kernel: [    0.255039] io scheduler kyber registered
Jan  1 00:00:06 buildroot user.info kernel: [    0.255080] io scheduler bfq registered
Jan  1 00:00:06 buildroot user.info kernel: [    0.430924] Serial: 8250/16550 driver, 5 ports, IRQ sharing enabled
Jan  1 00:00:06 buildroot user.info kernel: [    0.448478] msm_serial: driver initialized
Jan  1 00:00:06 buildroot user.info kernel: [    0.448756] SuperH (H)SCI(F) driver initialized
Jan  1 00:00:06 buildroot user.info kernel: [    0.448923] STMicroelectronics ASC driver initialized
Jan  1 00:00:06 buildroot user.info kernel: [    0.449030] STM32 USART driver initialized
Jan  1 00:00:06 buildroot user.info kernel: [    0.490244] brd: module loaded
Jan  1 00:00:06 buildroot user.info kernel: [    0.508771] loop: module loaded
Jan  1 00:00:06 buildroot user.info kernel: [    0.519929] CAN device driver interface
Jan  1 00:00:06 buildroot user.info kernel: [    0.520660] bgmac_bcma: Broadcom 47xx GBit MAC driver loaded
Jan  1 00:00:06 buildroot user.info kernel: [    0.521427] e1000e: Intel(R) PRO/1000 Network Driver
Jan  1 00:00:06 buildroot user.info kernel: [    0.521438] e1000e: Copyright(c) 1999 - 2015 Intel Corporation.
Jan  1 00:00:06 buildroot user.info kernel: [    0.521488] igb: Intel(R) Gigabit Ethernet Network Driver
Jan  1 00:00:06 buildroot user.info kernel: [    0.521496] igb: Copyright (c) 2007-2014 Intel Corporation.
Jan  1 00:00:06 buildroot user.info kernel: [    0.524465] pegasus: Pegasus/Pegasus II USB Ethernet driver
Jan  1 00:00:06 buildroot user.info kernel: [    0.524533] usbcore: registered new interface driver pegasus
Jan  1 00:00:06 buildroot user.info kernel: [    0.524573] usbcore: registered new interface driver asix
Jan  1 00:00:06 buildroot user.info kernel: [    0.524609] usbcore: registered new interface driver ax88179_178a
Jan  1 00:00:06 buildroot user.info kernel: [    0.524644] usbcore: registered new interface driver cdc_ether
Jan  1 00:00:06 buildroot user.info kernel: [    0.524678] usbcore: registered new interface driver smsc75xx
Jan  1 00:00:06 buildroot user.info kernel: [    0.524723] usbcore: registered new interface driver smsc95xx
Jan  1 00:00:06 buildroot user.info kernel: [    0.524760] usbcore: registered new interface driver net1080
Jan  1 00:00:06 buildroot user.info kernel: [    0.524797] usbcore: registered new interface driver cdc_subset
Jan  1 00:00:06 buildroot user.info kernel: [    0.524832] usbcore: registered new interface driver zaurus
Jan  1 00:00:06 buildroot user.info kernel: [    0.524901] usbcore: registered new interface driver cdc_ncm
Jan  1 00:00:06 buildroot user.info kernel: [    0.528186] usbcore: registered new interface driver usb-storage
Jan  1 00:00:06 buildroot user.info kernel: [    0.529672] UDC core: g_ether: couldn't find an available UDC
Jan  1 00:00:06 buildroot user.info kernel: [    0.532643] i2c_dev: i2c /dev entries driver
Jan  1 00:00:06 buildroot user.notice kernel: [    0.545628] cpuidle: enable-method property 'ti,am3352' found operations
Jan  1 00:00:06 buildroot user.info kernel: [    0.547701] sdhci: Secure Digital Host Controller Interface driver
Jan  1 00:00:06 buildroot user.info kernel: [    0.547724] sdhci: Copyright(c) Pierre Ossman
Jan  1 00:00:06 buildroot user.info kernel: [    0.549174] Synopsys Designware Multimedia Card Interface Driver
Jan  1 00:00:06 buildroot user.info kernel: [    0.550414] sdhci-pltfm: SDHCI platform and OF driver helper
Jan  1 00:00:06 buildroot user.info kernel: [    0.593056] ledtrig-cpu: registered to indicate activity on CPUs
Jan  1 00:00:06 buildroot user.info kernel: [    0.595954] usbcore: registered new interface driver usbhid
Jan  1 00:00:06 buildroot user.info kernel: [    0.595983] usbhid: USB HID core driver
Jan  1 00:00:06 buildroot user.info kernel: [    0.602450] NET: Registered PF_INET6 protocol family
Jan  1 00:00:06 buildroot user.info kernel: [    0.619253] Segment Routing with IPv6
Jan  1 00:00:06 buildroot user.info kernel: [    0.619339] In-situ OAM (IOAM) with IPv6
Jan  1 00:00:06 buildroot user.info kernel: [    0.619435] sit: IPv6, IPv4 and MPLS over IPv4 tunneling driver
Jan  1 00:00:06 buildroot user.info kernel: [    0.620326] NET: Registered PF_PACKET protocol family
Jan  1 00:00:06 buildroot user.info kernel: [    0.620348] can: controller area network core
Jan  1 00:00:06 buildroot user.info kernel: [    0.620440] NET: Registered PF_CAN protocol family
Jan  1 00:00:06 buildroot user.info kernel: [    0.620452] can: raw protocol
Jan  1 00:00:06 buildroot user.info kernel: [    0.620462] can: broadcast manager protocol
Jan  1 00:00:06 buildroot user.info kernel: [    0.620476] can: netlink gateway - max_hops=1
Jan  1 00:00:06 buildroot user.notice kernel: [    0.621169] Key type dns_resolver registered
Jan  1 00:00:06 buildroot user.info kernel: [    0.621589] ThumbEE CPU extension supported.
Jan  1 00:00:06 buildroot user.notice kernel: [    0.621616] Registering SWP/SWPB emulation handler
Jan  1 00:00:06 buildroot user.err kernel: [    0.622059] omap_voltage_late_init: Voltage driver support not added
Jan  1 00:00:06 buildroot user.notice kernel: [    0.649487] Loading compiled-in X.509 certificates
Jan  1 00:00:06 buildroot user.info kernel: [    0.722481] platform 44e10800.pinmux: Fixed dependency cycle(s) with /ocp/interconnect@44c00000/segment@200000/target-module@10000/scm@0/pinmux@800/clkout2-pins
Jan  1 00:00:06 buildroot user.info kernel: [    0.724114] pinctrl-single 44e10800.pinmux: 142 pins, size 568
Jan  1 00:00:06 buildroot user.warn kernel: [    0.740412] ti-sysc: probe of 44e31000.target-module failed with error -16
Jan  1 00:00:06 buildroot user.warn kernel: [    0.798371] ti-sysc: probe of 48040000.target-module failed with error -16
Jan  1 00:00:06 buildroot user.info kernel: [    0.863296] OMAP GPIO hardware version 0.1
Jan  1 00:00:06 buildroot user.info kernel: [    0.874607] omap-mailbox 480c8000.mailbox: omap mailbox rev 0x400
Jan  1 00:00:06 buildroot user.warn kernel: [    0.906979] at24 2-0054: supply vcc not found, using dummy regulator
Jan  1 00:00:06 buildroot user.warn kernel: [    1.005658] at24 2-0055: supply vcc not found, using dummy regulator
Jan  1 00:00:06 buildroot user.warn kernel: [    1.083109] at24 2-0056: supply vcc not found, using dummy regulator
Jan  1 00:00:06 buildroot user.warn kernel: [    1.145235] at24 2-0057: supply vcc not found, using dummy regulator
Jan  1 00:00:06 buildroot user.info kernel: [    1.216706] omap_i2c 4819c000.i2c: bus 2 rev0.11 at 100 kHz
Jan  1 00:00:06 buildroot user.info kernel: [    1.252240] platform 4830e000.lcdc: Fixed dependency cycle(s) with /ocp/interconnect@44c00000/segment@200000/target-module@b000/i2c@0/tda19988@70
Jan  1 00:00:06 buildroot user.warn kernel: [    1.265347] sdhci-omap 481d8000.mmc: supply pbias not found, using dummy regulator
Jan  1 00:00:06 buildroot user.warn kernel: [    1.265928] sdhci-omap 481d8000.mmc: supply vqmmc not found, using dummy regulator
Jan  1 00:00:06 buildroot user.info kernel: [    1.304529] omap_rng 48310000.rng: Random Number Generator ver. 20
Jan  1 00:00:06 buildroot user.notice kernel: [    1.324014] random: crng init done
Jan  1 00:00:06 buildroot user.info kernel: [    1.412295] davinci_mdio 4a101000.mdio: davinci mdio revision 1.6, bus freq 1000000
Jan  1 00:00:06 buildroot user.info kernel: [    1.579849] davinci_mdio 4a101000.mdio: phy[0]: device 4a101000.mdio:00, driver SMSC LAN8710/LAN8720
Jan  1 00:00:06 buildroot user.info kernel: [    1.580274] cpsw-switch 4a100000.switch: initialized cpsw ale version 1.4
Jan  1 00:00:06 buildroot user.info kernel: [    1.580294] cpsw-switch 4a100000.switch: ALE Table size 1024
Jan  1 00:00:06 buildroot user.info kernel: [    1.580535] cpsw-switch 4a100000.switch: cpts: overflow check period 500 (jiffies)
Jan  1 00:00:06 buildroot user.info kernel: [    1.580555] cpsw-switch 4a100000.switch: CPTS: ref_clk_freq:250000000 calc_mult:2147483648 calc_shift:29 error:0 nsec/sec
Jan  1 00:00:06 buildroot user.info kernel: [    1.580628] cpsw-switch 4a100000.switch: Detected MACID = c4:f3:12:d3:d8:d2
Jan  1 00:00:06 buildroot user.notice kernel: [    1.582210] cpsw-switch 4a100000.switch: initialized (regs 0x4a100000, pool size 256) hw_ver:0019010C 1.12 (0)
Jan  1 00:00:06 buildroot user.err kernel: [    1.601281] debugfs: Directory '49000000.dma' with parent 'dmaengine' already present!
Jan  1 00:00:06 buildroot user.info kernel: [    1.601330] edma 49000000.dma: TI EDMA DMA engine driver
Jan  1 00:00:06 buildroot user.warn kernel: [    1.614589] am335x-phy-driver 47401300.usb-phy: dummy supplies not allowed for exclusive requests
Jan  1 00:00:06 buildroot user.warn kernel: [    1.653220] am335x-phy-driver 47401b00.usb-phy: dummy supplies not allowed for exclusive requests
Jan  1 00:00:06 buildroot user.info kernel: [    1.740299] hw perfevents: enabled with armv7_cortex_a8 PMU driver, 5 counters available
Jan  1 00:00:06 buildroot user.err kernel: [    1.754573] l3-aon-clkctrl:0000:0: failed to disable
Jan  1 00:00:06 buildroot user.info kernel: [    1.784248] 44e09000.serial: ttyS0 at MMIO 0x44e09000 (irq = 38, base_baud = 3000000) is a 8250
Jan  1 00:00:06 buildroot user.info kernel: [    1.784349] printk: legacy console [ttyS0] enabled
Jan  1 00:00:06 buildroot user.warn kernel: [    3.241881] tps65217-pmic: Failed to locate of_node [id: -1]
Jan  1 00:00:06 buildroot user.warn kernel: [    3.249054] tps65217-bl: Failed to locate of_node [id: -1]
Jan  1 00:00:06 buildroot user.info kernel: [    3.346929] tps65217 0-0024: TPS65217 ID 0xe version 1.2
Jan  1 00:00:06 buildroot user.info kernel: [    3.353551] platform 4830e000.lcdc: Fixed dependency cycle(s) with /ocp/interconnect@44c00000/segment@200000/target-module@b000/i2c@0/tda19988@70
Jan  1 00:00:06 buildroot user.info kernel: [    3.366930] i2c 0-0070: Fixed dependency cycle(s) with /ocp/interconnect@48000000/segment@300000/target-module@e000/lcdc@0
Jan  1 00:00:06 buildroot user.info kernel: [    3.378551] omap_i2c 44e0b000.i2c: bus 0 rev0.11 at 400 kHz
Jan  1 00:00:06 buildroot user.info kernel: [    3.400129] using host ethernet address: f8:dc:7a:00:00:01
Jan  1 00:00:06 buildroot user.info kernel: [    3.400165] using self ethernet address: f8:dc:7a:00:00:02
Jan  1 00:00:06 buildroot user.info kernel: [    3.406716] g_ether gadget.0: HOST MAC f8:dc:7a:00:00:01
Jan  1 00:00:06 buildroot user.info kernel: [    3.417658] g_ether gadget.0: MAC f8:dc:7a:00:00:02
Jan  1 00:00:06 buildroot user.info kernel: [    3.422711] g_ether gadget.0: Ethernet Gadget, version: Memorial Day 2008
Jan  1 00:00:06 buildroot user.info kernel: [    3.429596] g_ether gadget.0: g_ether ready
Jan  1 00:00:06 buildroot user.info kernel: [    3.448854] omap_gpio 44e07000.gpio: Could not set line 6 debounce to 200000 microseconds (-22)
Jan  1 00:00:06 buildroot user.info kernel: [    3.457801] sdhci-omap 48060000.mmc: Got CD GPIO
Jan  1 00:00:06 buildroot user.warn kernel: [    3.462656] sdhci-omap 48060000.mmc: supply pbias not found, using dummy regulator
Jan  1 00:00:06 buildroot user.warn kernel: [    3.513804] sdhci-omap 48060000.mmc: supply vqmmc not found, using dummy regulator
Jan  1 00:00:06 buildroot user.warn kernel: [    3.522366] sdhci-omap 481d8000.mmc: supply pbias not found, using dummy regulator
Jan  1 00:00:06 buildroot user.warn kernel: [    3.556692] sdhci-omap 481d8000.mmc: supply vqmmc not found, using dummy regulator
Jan  1 00:00:06 buildroot user.info kernel: [    3.658479] at24 0-0050: 32768 byte 24c256 EEPROM, writable, 1 bytes/write
Jan  1 00:00:06 buildroot user.info kernel: [    3.710026] mmc1: SDHCI controller on 481d8000.mmc [481d8000.mmc] using External DMA
Jan  1 00:00:06 buildroot user.info kernel: [    3.719150] mmc0: SDHCI controller on 48060000.mmc [48060000.mmc] using External DMA
Jan  1 00:00:06 buildroot user.info kernel: [    3.786050] mmc1: new high speed MMC card at address 0001
Jan  1 00:00:06 buildroot user.info kernel: [    3.794120] mmcblk1: mmc1:0001 P1XXXX 3.60 GiB
Jan  1 00:00:06 buildroot user.info kernel: [    3.801687]  mmcblk1: p1
Jan  1 00:00:06 buildroot user.info kernel: [    3.806217] mmcblk1boot0: mmc1:0001 P1XXXX 16.0 MiB
Jan  1 00:00:06 buildroot user.info kernel: [    3.814061] mmcblk1boot1: mmc1:0001 P1XXXX 16.0 MiB
Jan  1 00:00:06 buildroot user.info kernel: [    3.821577] mmcblk1rpmb: mmc1:0001 P1XXXX 128 KiB, chardev (236:0)
Jan  1 00:00:06 buildroot user.notice kernel: [    3.962988] IP-Config: Guessing netmask 255.255.255.0
Jan  1 00:00:06 buildroot user.info kernel: [    3.968218] IP-Config: Complete:
Jan  1 00:00:06 buildroot user.info kernel: [    3.971665]      device=usb0, hwaddr=f8:dc:7a:00:00:02, ipaddr=192.168.0.100, mask=255.255.255.0, gw=255.255.255.255
Jan  1 00:00:06 buildroot user.info kernel: [    3.982439]      host=192.168.0.100, domain=, nis-domain=(none)
Jan  1 00:00:06 buildroot user.info kernel: [    3.988515]      bootserver=255.255.255.255, rootserver=192.168.0.1, rootpath=
Jan  1 00:00:06 buildroot user.info kernel: [    3.989456] clk: Disabling unused clocks
Jan  1 00:00:06 buildroot user.info kernel: [    4.034407] VFS: Mounted root (nfs filesystem) on device 0:15.
Jan  1 00:00:06 buildroot user.info kernel: [    4.040891] devtmpfs: mounted
Jan  1 00:00:06 buildroot user.info kernel: [    4.047051] Freeing unused kernel image (initmem) memory: 2048K
Jan  1 00:00:06 buildroot user.info kernel: [    4.053983] Run /sbin/init as init process
Jan  1 00:00:06 buildroot user.debug kernel: [    4.058107]   with arguments:
Jan  1 00:00:06 buildroot user.debug kernel: [    4.058114]     /sbin/init
Jan  1 00:00:06 buildroot user.debug kernel: [    4.058121]   with environment:
Jan  1 00:00:06 buildroot user.debug kernel: [    4.058128]     HOME=/
Jan  1 00:00:06 buildroot user.debug kernel: [    4.058134]     TERM=linux
Jan  1 00:00:06 buildroot syslog.info syslogd started: BusyBox v1.31.1
Jan  1 00:00:07 buildroot user.notice kernel: klogd started: BusyBox v1.31.1 (2020-04-07 16:53:21 CEST)
Jan  1 00:00:07 buildroot user.info kernel: [    0.000000] Booting Linux on physical CPU 0x0
Jan  1 00:00:07 buildroot user.notice kernel: [    0.000000] Linux version 6.7.12 (nebu@nebu) (arm-linux-gnueabi-gcc (Ubuntu 9.4.0-1ubuntu1~20.04.2) 9.4.0, GNU ld (GNU Binutils for Ubuntu) 2.34) #10 SMP Sun Aug 18 16:58:14 CEST 2024
Jan  1 00:00:07 buildroot user.info kernel: [    0.000000] CPU: ARMv7 Processor [413fc082] revision 2 (ARMv7), cr=10c5387d
Jan  1 00:00:07 buildroot user.info kernel: [    0.000000] CPU: PIPT / VIPT nonaliasing data cache, VIPT aliasing instruction cache
Jan  1 00:00:07 buildroot user.info kernel: [    0.000000] OF: fdt: Machine model: TI AM335x BeagleBone Black
Jan  1 00:00:07 buildroot user.info kernel: [    0.000000] Memory policy: Data cache writeback
Jan  1 00:00:07 buildroot user.info kernel: [    0.000000] efi: UEFI not found.
Jan  1 00:00:07 buildroot user.info kernel: [    0.000000] cma: Reserved 64 MiB at 0x98800000 on node -1
Jan  1 00:00:07 buildroot user.info kernel: [    0.000000] Zone ranges:
Jan  1 00:00:07 buildroot user.info kernel: [    0.000000]   DMA      [mem 0x0000000080000000-0x000000009fdfffff]
Jan  1 00:00:07 buildroot user.info kernel: [    0.000000]   Normal   empty
Jan  1 00:00:07 buildroot user.info kernel: [    0.000000]   HighMem  empty
Jan  1 00:00:07 buildroot user.info kernel: [    0.000000] Movable zone start for each node
Jan  1 00:00:07 buildroot user.info kernel: [    0.000000] Early memory node ranges
Jan  1 00:00:07 buildroot user.info kernel: [    0.000000]   node   0: [mem 0x0000000080000000-0x000000009fdfffff]
Jan  1 00:00:07 buildroot user.info kernel: [    0.000000] Initmem setup node 0 [mem 0x0000000080000000-0x000000009fdfffff]
Jan  1 00:00:07 buildroot user.info kernel: [    0.000000] CPU: All CPU(s) started in SVC mode.
Jan  1 00:00:07 buildroot user.info kernel: [    0.000000] AM335X ES2.1 (sgx neon)
Jan  1 00:00:07 buildroot user.info kernel: [    0.000000] percpu: Embedded 16 pages/cpu s36180 r8192 d21164 u65536
Jan  1 00:00:07 buildroot user.debug kernel: [    0.000000] pcpu-alloc: s36180 r8192 d21164 u65536 alloc=16*4096
Jan  1 00:00:07 buildroot user.debug kernel: [    0.000000] pcpu-alloc: [0] 0 
Jan  1 00:00:07 buildroot user.notice kernel: [    0.000000] Kernel command line: root=/dev/nfs rw ip=192.168.0.100:::::usb0 console=ttyO0,115200n8 g_ether.dev_addr=f8:dc:7a:00:00:02 g_ether.host_addr=f8:dc:7a:00:00:01 nfsroot=192.168.0.1:/home/ubuntu/nfsroot,nfsvers=3,tcp
Jan  1 00:00:07 buildroot user.info kernel: [    0.000000] Dentry cache hash table entries: 65536 (order: 6, 262144 bytes, linear)
Jan  1 00:00:07 buildroot user.info kernel: [    0.000000] Inode-cache hash table entries: 32768 (order: 5, 131072 bytes, linear)
Jan  1 00:00:07 buildroot user.info kernel: [    0.000000] Built 1 zonelists, mobility grouping on.  Total pages: 129540
Jan  1 00:00:07 buildroot user.info kernel: [    0.000000] mem auto-init: stack:off, heap alloc:off, heap free:off
Jan  1 00:00:07 buildroot user.info kernel: [    0.000000] Memory: 424224K/522240K available (15360K kernel code, 2488K rwdata, 6584K rodata, 2048K init, 418K bss, 32480K reserved, 65536K cma-reserved, 0K highmem)
Jan  1 00:00:07 buildroot user.info kernel: [    0.000000] SLUB: HWalign=64, Order=0-3, MinObjects=0, CPUs=1, Nodes=1
Jan  1 00:00:07 buildroot user.info kernel: [    0.000000] trace event string verifier disabled
Jan  1 00:00:07 buildroot user.info kernel: [    0.000000] rcu: Hierarchical RCU implementation.
Jan  1 00:00:07 buildroot user.info kernel: [    0.000000] rcu: 	RCU event tracing is enabled.
Jan  1 00:00:07 buildroot user.info kernel: [    0.000000] rcu: 	RCU restricting CPUs from NR_CPUS=16 to nr_cpu_ids=1.
Jan  1 00:00:07 buildroot user.info kernel: [    0.000000] rcu: RCU calculated value of scheduler-enlistment delay is 10 jiffies.
Jan  1 00:00:07 buildroot user.info kernel: [    0.000000] rcu: Adjusting geometry for rcu_fanout_leaf=16, nr_cpu_ids=1
Jan  1 00:00:07 buildroot user.info kernel: [    0.000000] NR_IRQS: 16, nr_irqs: 16, preallocated irqs: 16
Jan  1 00:00:07 buildroot user.info kernel: [    0.000000] IRQ: Found an INTC at 0x(ptrval) (revision 5.0) with 128 interrupts
Jan  1 00:00:07 buildroot user.info kernel: [    0.000000] rcu: srcu_init: Setting srcu_struct sizes based on contention.
Jan  1 00:00:07 buildroot user.info kernel: [    0.000000] TI gptimer clocksource: always-on /ocp/interconnect@44c00000/segment@200000/target-module@31000
Jan  1 00:00:07 buildroot user.info kernel: [    0.000003] sched_clock: 32 bits at 24MHz, resolution 41ns, wraps every 89478484971ns
Jan  1 00:00:07 buildroot user.info kernel: [    0.000027] clocksource: dmtimer: mask: 0xffffffff max_cycles: 0xffffffff, max_idle_ns: 79635851949 ns
Jan  1 00:00:07 buildroot user.info kernel: [    0.001037] TI gptimer clockevent: 24000000 Hz at /ocp/interconnect@48000000/segment@0/target-module@40000
Jan  1 00:00:07 buildroot user.info kernel: [    0.005737] Console: colour dummy device 80x30
Jan  1 00:00:07 buildroot user.err kernel: [    0.005791] WARNING: Your 'console=ttyO0' has been replaced by 'ttyS0'
Jan  1 00:00:07 buildroot user.err kernel: [    0.005801] This ensures that you still see kernel messages. Please
Jan  1 00:00:07 buildroot user.err kernel: [    0.005806] update your kernel commandline.
Jan  1 00:00:07 buildroot user.info kernel: [    0.005852] Calibrating delay loop... 996.14 BogoMIPS (lpj=4980736)
Jan  1 00:00:07 buildroot user.info kernel: [    0.091079] CPU: Testing write buffer coherency: ok
Jan  1 00:00:07 buildroot user.info kernel: [    0.091170] CPU0: Spectre v2: using BPIALL workaround
Jan  1 00:00:07 buildroot user.info kernel: [    0.091183] pid_max: default: 32768 minimum: 301
Jan  1 00:00:07 buildroot user.info kernel: [    0.091361] Mount-cache hash table entries: 1024 (order: 0, 4096 bytes, linear)
Jan  1 00:00:07 buildroot user.info kernel: [    0.091381] Mountpoint-cache hash table entries: 1024 (order: 0, 4096 bytes, linear)
Jan  1 00:00:07 buildroot user.info kernel: [    0.092443] CPU0: thread -1, cpu 0, socket -1, mpidr 0
Jan  1 00:00:07 buildroot user.info kernel: [    0.093662] Setting up static identity map for 0x80300000 - 0x803000ac
Jan  1 00:00:07 buildroot user.info kernel: [    0.096265] rcu: Hierarchical SRCU implementation.
Jan  1 00:00:07 buildroot user.info kernel: [    0.096286] rcu: 	Max phase no-delay instances is 1000.
Jan  1 00:00:07 buildroot user.info kernel: [    0.101842] EFI services will not be available.
Jan  1 00:00:07 buildroot user.info kernel: [    0.102142] smp: Bringing up secondary CPUs ...
Jan  1 00:00:07 buildroot user.info kernel: [    0.102187] smp: Brought up 1 node, 1 CPU
Jan  1 00:00:07 buildroot user.info kernel: [    0.102202] SMP: Total of 1 processors activated (996.14 BogoMIPS).
Jan  1 00:00:07 buildroot user.info kernel: [    0.102215] CPU: All CPU(s) started in SVC mode.
Jan  1 00:00:07 buildroot user.info kernel: [    0.102966] devtmpfs: initialized
Jan  1 00:00:07 buildroot user.info kernel: [    0.116675] VFP support v0.3: implementor 41 architecture 3 part 30 variant c rev 3
Jan  1 00:00:07 buildroot user.info kernel: [    0.117076] clocksource: jiffies: mask: 0xffffffff max_cycles: 0xffffffff, max_idle_ns: 19112604462750000 ns
Jan  1 00:00:07 buildroot user.info kernel: [    0.117111] futex hash table entries: 256 (order: 2, 16384 bytes, linear)
Jan  1 00:00:07 buildroot user.info kernel: [    0.122286] pinctrl core: initialized pinctrl subsystem
Jan  1 00:00:07 buildroot user.info kernel: [    0.127223] DMI not present or invalid.
Jan  1 00:00:07 buildroot user.info kernel: [    0.128765] NET: Registered PF_NETLINK/PF_ROUTE protocol family
Jan  1 00:00:07 buildroot user.info kernel: [    0.131498] DMA: preallocated 256 KiB pool for atomic coherent allocations
Jan  1 00:00:07 buildroot user.info kernel: [    0.135372] thermal_sys: Registered thermal governor 'step_wise'
Jan  1 00:00:07 buildroot user.info kernel: [    0.135542] cpuidle: using governor menu
Jan  1 00:00:07 buildroot user.info kernel: [    0.154985] No ATAGs?
Jan  1 00:00:07 buildroot user.info kernel: [    0.155016] hw-breakpoint: debug architecture 0x4 unsupported.
Jan  1 00:00:07 buildroot user.info kernel: [    0.160658] Serial: AMBA PL011 UART driver
Jan  1 00:00:07 buildroot user.info kernel: [    0.176510] iommu: Default domain type: Translated
Jan  1 00:00:07 buildroot user.info kernel: [    0.176539] iommu: DMA domain TLB invalidation policy: strict mode
Jan  1 00:00:07 buildroot user.notice kernel: [    0.178083] SCSI subsystem initialized
Jan  1 00:00:07 buildroot user.debug kernel: [    0.191802] libata version 3.00 loaded.
Jan  1 00:00:07 buildroot user.info kernel: [    0.192160] usbcore: registered new interface driver usbfs
Jan  1 00:00:07 buildroot user.info kernel: [    0.192214] usbcore: registered new interface driver hub
Jan  1 00:00:07 buildroot user.info kernel: [    0.192274] usbcore: registered new device driver usb
Jan  1 00:00:07 buildroot user.info kernel: [    0.193337] pps_core: LinuxPPS API ver. 1 registered
Jan  1 00:00:07 buildroot user.info kernel: [    0.193354] pps_core: Software ver. 5.3.6 - Copyright 2005-2007 Rodolfo Giometti <giometti@linux.it>
Jan  1 00:00:07 buildroot user.info kernel: [    0.193380] PTP clock support registered
Jan  1 00:00:07 buildroot user.info kernel: [    0.193565] EDAC MC: Ver: 3.0.0
Jan  1 00:00:07 buildroot user.info kernel: [    0.194357] scmi_core: SCMI protocol bus registered
Jan  1 00:00:07 buildroot user.info kernel: [    0.203020] vgaarb: loaded
Jan  1 00:00:07 buildroot user.info kernel: [    0.211876] clocksource: Switched to clocksource dmtimer
Jan  1 00:00:07 buildroot user.info kernel: [    0.226692] NET: Registered PF_INET protocol family
Jan  1 00:00:07 buildroot user.info kernel: [    0.227002] IP idents hash table entries: 8192 (order: 4, 65536 bytes, linear)
Jan  1 00:00:07 buildroot user.info kernel: [    0.228145] tcp_listen_portaddr_hash hash table entries: 512 (order: 0, 4096 bytes, linear)
Jan  1 00:00:07 buildroot user.info kernel: [    0.228183] Table-perturb hash table entries: 65536 (order: 6, 262144 bytes, linear)
Jan  1 00:00:07 buildroot user.info kernel: [    0.228200] TCP established hash table entries: 4096 (order: 2, 16384 bytes, linear)
Jan  1 00:00:07 buildroot user.info kernel: [    0.228244] TCP bind hash table entries: 4096 (order: 4, 65536 bytes, linear)
Jan  1 00:00:07 buildroot user.info kernel: [    0.228346] TCP: Hash tables configured (established 4096 bind 4096)
Jan  1 00:00:07 buildroot user.info kernel: [    0.228466] UDP hash table entries: 256 (order: 1, 8192 bytes, linear)
Jan  1 00:00:07 buildroot user.info kernel: [    0.228495] UDP-Lite hash table entries: 256 (order: 1, 8192 bytes, linear)
Jan  1 00:00:07 buildroot user.info kernel: [    0.228662] NET: Registered PF_UNIX/PF_LOCAL protocol family
Jan  1 00:00:07 buildroot user.info kernel: [    0.244482] RPC: Registered named UNIX socket transport module.
Jan  1 00:00:07 buildroot user.info kernel: [    0.244507] RPC: Registered udp transport module.
Jan  1 00:00:07 buildroot user.info kernel: [    0.244513] RPC: Registered tcp transport module.
Jan  1 00:00:07 buildroot user.info kernel: [    0.244519] RPC: Registered tcp-with-tls transport module.
Jan  1 00:00:07 buildroot user.info kernel: [    0.244525] RPC: Registered tcp NFSv4.1 backchannel transport module.
Jan  1 00:00:07 buildroot user.info kernel: [    0.244546] PCI: CLS 0 bytes, default 64
Jan  1 00:00:07 buildroot user.notice kernel: [    0.246225] Initialise system trusted keyrings
Jan  1 00:00:07 buildroot user.info kernel: [    0.247146] workingset: timestamp_bits=30 max_order=17 bucket_order=0
Jan  1 00:00:07 buildroot user.info kernel: [    0.247621] squashfs: version 4.0 (2009/01/31) Phillip Lougher
Jan  1 00:00:07 buildroot user.notice kernel: [    0.248089] NFS: Registering the id_resolver key type
Jan  1 00:00:07 buildroot user.notice kernel: [    0.248157] Key type id_resolver registered
Jan  1 00:00:07 buildroot user.notice kernel: [    0.248166] Key type id_legacy registered
Jan  1 00:00:07 buildroot user.info kernel: [    0.248202] nfs4filelayout_init: NFSv4 File Layout Driver Registering...
Jan  1 00:00:07 buildroot user.info kernel: [    0.248213] nfs4flexfilelayout_init: NFSv4 Flexfile Layout Driver Registering...
Jan  1 00:00:07 buildroot user.info kernel: [    0.248251] ntfs: driver 2.1.32 [Flags: R/O].
Jan  1 00:00:07 buildroot user.notice kernel: [    0.254141] Key type asymmetric registered
Jan  1 00:00:07 buildroot user.notice kernel: [    0.254162] Asymmetric key parser 'x509' registered
Jan  1 00:00:07 buildroot user.info kernel: [    0.254271] Block layer SCSI generic (bsg) driver version 0.4 loaded (major 246)
Jan  1 00:00:07 buildroot user.info kernel: [    0.254286] io scheduler mq-deadline registered
Jan  1 00:00:07 buildroot user.info kernel: [    0.254296] io scheduler kyber registered
Jan  1 00:00:07 buildroot user.info kernel: [    0.254343] io scheduler bfq registered
Jan  1 00:00:07 buildroot user.info kernel: [    0.430956] Serial: 8250/16550 driver, 5 ports, IRQ sharing enabled
Jan  1 00:00:07 buildroot user.info kernel: [    0.436962] msm_serial: driver initialized
Jan  1 00:00:07 buildroot user.info kernel: [    0.437243] SuperH (H)SCI(F) driver initialized
Jan  1 00:00:07 buildroot user.info kernel: [    0.437409] STMicroelectronics ASC driver initialized
Jan  1 00:00:07 buildroot user.info kernel: [    0.437516] STM32 USART driver initialized
Jan  1 00:00:07 buildroot user.info kernel: [    0.490239] brd: module loaded
Jan  1 00:00:07 buildroot user.info kernel: [    0.497082] loop: module loaded
Jan  1 00:00:07 buildroot user.info kernel: [    0.508201] CAN device driver interface
Jan  1 00:00:07 buildroot user.info kernel: [    0.508942] bgmac_bcma: Broadcom 47xx GBit MAC driver loaded
Jan  1 00:00:07 buildroot user.info kernel: [    0.509711] e1000e: Intel(R) PRO/1000 Network Driver
Jan  1 00:00:07 buildroot user.info kernel: [    0.509723] e1000e: Copyright(c) 1999 - 2015 Intel Corporation.
Jan  1 00:00:07 buildroot user.info kernel: [    0.509772] igb: Intel(R) Gigabit Ethernet Network Driver
Jan  1 00:00:07 buildroot user.info kernel: [    0.509780] igb: Copyright (c) 2007-2014 Intel Corporation.
Jan  1 00:00:07 buildroot user.info kernel: [    0.512528] pegasus: Pegasus/Pegasus II USB Ethernet driver
Jan  1 00:00:07 buildroot user.info kernel: [    0.512594] usbcore: registered new interface driver pegasus
Jan  1 00:00:07 buildroot user.info kernel: [    0.512635] usbcore: registered new interface driver asix
Jan  1 00:00:07 buildroot user.info kernel: [    0.512671] usbcore: registered new interface driver ax88179_178a
Jan  1 00:00:07 buildroot user.info kernel: [    0.512706] usbcore: registered new interface driver cdc_ether
Jan  1 00:00:07 buildroot user.info kernel: [    0.512741] usbcore: registered new interface driver smsc75xx
Jan  1 00:00:07 buildroot user.info kernel: [    0.512784] usbcore: registered new interface driver smsc95xx
Jan  1 00:00:07 buildroot user.info kernel: [    0.512819] usbcore: registered new interface driver net1080
Jan  1 00:00:07 buildroot user.info kernel: [    0.512855] usbcore: registered new interface driver cdc_subset
Jan  1 00:00:07 buildroot user.info kernel: [    0.512890] usbcore: registered new interface driver zaurus
Jan  1 00:00:07 buildroot user.info kernel: [    0.512957] usbcore: registered new interface driver cdc_ncm
Jan  1 00:00:07 buildroot user.info kernel: [    0.516506] usbcore: registered new interface driver usb-storage
Jan  1 00:00:07 buildroot user.info kernel: [    0.518013] UDC core: g_ether: couldn't find an available UDC
Jan  1 00:00:07 buildroot user.info kernel: [    0.520958] i2c_dev: i2c /dev entries driver
Jan  1 00:00:07 buildroot user.notice kernel: [    0.533714] cpuidle: enable-method property 'ti,am3352' found operations
Jan  1 00:00:07 buildroot user.info kernel: [    0.535997] sdhci: Secure Digital Host Controller Interface driver
Jan  1 00:00:07 buildroot user.info kernel: [    0.536023] sdhci: Copyright(c) Pierre Ossman
Jan  1 00:00:07 buildroot user.info kernel: [    0.537473] Synopsys Designware Multimedia Card Interface Driver
Jan  1 00:00:07 buildroot user.info kernel: [    0.538727] sdhci-pltfm: SDHCI platform and OF driver helper
Jan  1 00:00:07 buildroot user.info kernel: [    0.575889] ledtrig-cpu: registered to indicate activity on CPUs
Jan  1 00:00:07 buildroot user.info kernel: [    0.578766] usbcore: registered new interface driver usbhid
Jan  1 00:00:07 buildroot user.info kernel: [    0.578795] usbhid: USB HID core driver
Jan  1 00:00:07 buildroot user.info kernel: [    0.585464] NET: Registered PF_INET6 protocol family
Jan  1 00:00:07 buildroot user.info kernel: [    0.604340] Segment Routing with IPv6
Jan  1 00:00:07 buildroot user.info kernel: [    0.604425] In-situ OAM (IOAM) with IPv6
Jan  1 00:00:07 buildroot user.info kernel: [    0.604520] sit: IPv6, IPv4 and MPLS over IPv4 tunneling driver
Jan  1 00:00:07 buildroot user.info kernel: [    0.605407] NET: Registered PF_PACKET protocol family
Jan  1 00:00:07 buildroot user.info kernel: [    0.605427] can: controller area network core
Jan  1 00:00:07 buildroot user.info kernel: [    0.605517] NET: Registered PF_CAN protocol family
Jan  1 00:00:07 buildroot user.info kernel: [    0.605532] can: raw protocol
Jan  1 00:00:07 buildroot user.info kernel: [    0.605542] can: broadcast manager protocol
Jan  1 00:00:07 buildroot user.info kernel: [    0.605556] can: netlink gateway - max_hops=1
Jan  1 00:00:07 buildroot user.notice kernel: [    0.606249] Key type dns_resolver registered
Jan  1 00:00:07 buildroot user.info kernel: [    0.606660] ThumbEE CPU extension supported.
Jan  1 00:00:07 buildroot user.notice kernel: [    0.606685] Registering SWP/SWPB emulation handler
Jan  1 00:00:07 buildroot user.err kernel: [    0.607126] omap_voltage_late_init: Voltage driver support not added
Jan  1 00:00:07 buildroot user.notice kernel: [    0.634449] Loading compiled-in X.509 certificates
Jan  1 00:00:07 buildroot user.info kernel: [    0.691901] platform 44e10800.pinmux: Fixed dependency cycle(s) with /ocp/interconnect@44c00000/segment@200000/target-module@10000/scm@0/pinmux@800/clkout2-pins
Jan  1 00:00:07 buildroot user.info kernel: [    0.693390] pinctrl-single 44e10800.pinmux: 142 pins, size 568
Jan  1 00:00:07 buildroot user.warn kernel: [    0.709879] ti-sysc: probe of 44e31000.target-module failed with error -16
Jan  1 00:00:07 buildroot user.warn kernel: [    0.776217] ti-sysc: probe of 48040000.target-module failed with error -16
Jan  1 00:00:07 buildroot user.info kernel: [    0.851306] OMAP GPIO hardware version 0.1
Jan  1 00:00:07 buildroot user.info kernel: [    0.862577] omap-mailbox 480c8000.mailbox: omap mailbox rev 0x400
Jan  1 00:00:07 buildroot user.warn kernel: [    0.906643] at24 2-0054: supply vcc not found, using dummy regulator
Jan  1 00:00:07 buildroot user.warn kernel: [    0.987576] at24 2-0055: supply vcc not found, using dummy regulator
Jan  1 00:00:07 buildroot user.warn kernel: [    1.067612] at24 2-0056: supply vcc not found, using dummy regulator
Jan  1 00:00:07 buildroot user.warn kernel: [    1.132783] at24 2-0057: supply vcc not found, using dummy regulator
Jan  1 00:00:07 buildroot user.info kernel: [    1.204298] omap_i2c 4819c000.i2c: bus 2 rev0.11 at 100 kHz
Jan  1 00:00:07 buildroot user.info kernel: [    1.252039] platform 4830e000.lcdc: Fixed dependency cycle(s) with /ocp/interconnect@44c00000/segment@200000/target-module@b000/i2c@0/tda19988@70
Jan  1 00:00:07 buildroot user.warn kernel: [    1.265157] sdhci-omap 481d8000.mmc: supply pbias not found, using dummy regulator
Jan  1 00:00:07 buildroot user.warn kernel: [    1.265655] sdhci-omap 481d8000.mmc: supply vqmmc not found, using dummy regulator
Jan  1 00:00:07 buildroot user.info kernel: [    1.315900] omap_rng 48310000.rng: Random Number Generator ver. 20
Jan  1 00:00:07 buildroot user.notice kernel: [    1.334984] random: crng init done
Jan  1 00:00:07 buildroot user.info kernel: [    1.429009] davinci_mdio 4a101000.mdio: davinci mdio revision 1.6, bus freq 1000000
Jan  1 00:00:07 buildroot user.info kernel: [    1.608461] davinci_mdio 4a101000.mdio: phy[0]: device 4a101000.mdio:00, driver SMSC LAN8710/LAN8720
Jan  1 00:00:07 buildroot user.info kernel: [    1.608908] cpsw-switch 4a100000.switch: initialized cpsw ale version 1.4
Jan  1 00:00:07 buildroot user.info kernel: [    1.608928] cpsw-switch 4a100000.switch: ALE Table size 1024
Jan  1 00:00:07 buildroot user.info kernel: [    1.609063] cpsw-switch 4a100000.switch: cpts: overflow check period 500 (jiffies)
Jan  1 00:00:07 buildroot user.info kernel: [    1.609082] cpsw-switch 4a100000.switch: CPTS: ref_clk_freq:250000000 calc_mult:2147483648 calc_shift:29 error:0 nsec/sec
Jan  1 00:00:07 buildroot user.info kernel: [    1.609153] cpsw-switch 4a100000.switch: Detected MACID = 10:ce:a9:ab:2c:68
Jan  1 00:00:07 buildroot user.notice kernel: [    1.610739] cpsw-switch 4a100000.switch: initialized (regs 0x4a100000, pool size 256) hw_ver:0019010C 1.12 (0)
Jan  1 00:00:07 buildroot user.err kernel: [    1.629757] debugfs: Directory '49000000.dma' with parent 'dmaengine' already present!
Jan  1 00:00:07 buildroot user.info kernel: [    1.629805] edma 49000000.dma: TI EDMA DMA engine driver
Jan  1 00:00:07 buildroot user.warn kernel: [    1.642966] am335x-phy-driver 47401300.usb-phy: dummy supplies not allowed for exclusive requests
Jan  1 00:00:07 buildroot user.warn kernel: [    1.668873] am335x-phy-driver 47401b00.usb-phy: dummy supplies not allowed for exclusive requests
Jan  1 00:00:07 buildroot user.info kernel: [    1.765048] hw perfevents: enabled with armv7_cortex_a8 PMU driver, 5 counters available
Jan  1 00:00:07 buildroot user.err kernel: [    1.779253] l3-aon-clkctrl:0000:0: failed to disable
Jan  1 00:00:07 buildroot user.info kernel: [    1.796453] 44e09000.serial: ttyS0 at MMIO 0x44e09000 (irq = 38, base_baud = 3000000) is a 8250
Jan  1 00:00:07 buildroot user.info kernel: [    1.796553] printk: legacy console [ttyS0] enabled
Jan  1 00:00:07 buildroot user.warn kernel: [    3.266363] tps65217-pmic: Failed to locate of_node [id: -1]
Jan  1 00:00:07 buildroot user.warn kernel: [    3.273478] tps65217-bl: Failed to locate of_node [id: -1]
Jan  1 00:00:07 buildroot user.info kernel: [    3.370597] tps65217 0-0024: TPS65217 ID 0xe version 1.2
Jan  1 00:00:07 buildroot user.info kernel: [    3.377192] platform 4830e000.lcdc: Fixed dependency cycle(s) with /ocp/interconnect@44c00000/segment@200000/target-module@b000/i2c@0/tda19988@70
